Archive member included to satisfy reference by file (symbol)

c:/siliconlabs/simplicitystudio/v4/developer/toolchains/gnu_arm/7.2_2017q4/bin/../lib/gcc/arm-none-eabi/7.2.1/thumb/v7e-m/fpv4-sp/softfp\libgcc.a(_aeabi_uldivmod.o)
                              ./BSP/siliconlabs/generic/source/bsp_cpu.o (__aeabi_uldivmod)
c:/siliconlabs/simplicitystudio/v4/developer/toolchains/gnu_arm/7.2_2017q4/bin/../lib/gcc/arm-none-eabi/7.2.1/thumb/v7e-m/fpv4-sp/softfp\libgcc.a(_udivmoddi4.o)
                              c:/siliconlabs/simplicitystudio/v4/developer/toolchains/gnu_arm/7.2_2017q4/bin/../lib/gcc/arm-none-eabi/7.2.1/thumb/v7e-m/fpv4-sp/softfp\libgcc.a(_aeabi_uldivmod.o) (__udivmoddi4)
c:/siliconlabs/simplicitystudio/v4/developer/toolchains/gnu_arm/7.2_2017q4/bin/../lib/gcc/arm-none-eabi/7.2.1/thumb/v7e-m/fpv4-sp/softfp\libgcc.a(_dvmd_tls.o)
                              c:/siliconlabs/simplicitystudio/v4/developer/toolchains/gnu_arm/7.2_2017q4/bin/../lib/gcc/arm-none-eabi/7.2.1/thumb/v7e-m/fpv4-sp/softfp\libgcc.a(_aeabi_uldivmod.o) (__aeabi_ldiv0)
c:/siliconlabs/simplicitystudio/v4/developer/toolchains/gnu_arm/7.2_2017q4/bin/../lib/gcc/arm-none-eabi/7.2.1/../../../../arm-none-eabi/lib/thumb/v7e-m/fpv4-sp/softfp\libc_nano.a(lib_a-exit.o)
                              c:/siliconlabs/simplicitystudio/v4/developer/toolchains/gnu_arm/7.2_2017q4/bin/../lib/gcc/arm-none-eabi/7.2.1/../../../../arm-none-eabi/lib/thumb/v7e-m/fpv4-sp/softfp/crt0.o (exit)
c:/siliconlabs/simplicitystudio/v4/developer/toolchains/gnu_arm/7.2_2017q4/bin/../lib/gcc/arm-none-eabi/7.2.1/../../../../arm-none-eabi/lib/thumb/v7e-m/fpv4-sp/softfp\libc_nano.a(lib_a-impure.o)
                              c:/siliconlabs/simplicitystudio/v4/developer/toolchains/gnu_arm/7.2_2017q4/bin/../lib/gcc/arm-none-eabi/7.2.1/../../../../arm-none-eabi/lib/thumb/v7e-m/fpv4-sp/softfp\libc_nano.a(lib_a-exit.o) (_global_impure_ptr)
c:/siliconlabs/simplicitystudio/v4/developer/toolchains/gnu_arm/7.2_2017q4/bin/../lib/gcc/arm-none-eabi/7.2.1/../../../../arm-none-eabi/lib/thumb/v7e-m/fpv4-sp/softfp\libc_nano.a(lib_a-init.o)
                              c:/siliconlabs/simplicitystudio/v4/developer/toolchains/gnu_arm/7.2_2017q4/bin/../lib/gcc/arm-none-eabi/7.2.1/../../../../arm-none-eabi/lib/thumb/v7e-m/fpv4-sp/softfp/crt0.o (__libc_init_array)
c:/siliconlabs/simplicitystudio/v4/developer/toolchains/gnu_arm/7.2_2017q4/bin/../lib/gcc/arm-none-eabi/7.2.1/../../../../arm-none-eabi/lib/thumb/v7e-m/fpv4-sp/softfp\libc_nano.a(lib_a-memcpy-stub.o)
                              ./SystemView/SEGGER_RTT.o (memcpy)
c:/siliconlabs/simplicitystudio/v4/developer/toolchains/gnu_arm/7.2_2017q4/bin/../lib/gcc/arm-none-eabi/7.2.1/../../../../arm-none-eabi/lib/thumb/v7e-m/fpv4-sp/softfp\libc_nano.a(lib_a-memset.o)
                              c:/siliconlabs/simplicitystudio/v4/developer/toolchains/gnu_arm/7.2_2017q4/bin/../lib/gcc/arm-none-eabi/7.2.1/../../../../arm-none-eabi/lib/thumb/v7e-m/fpv4-sp/softfp/crt0.o (memset)
c:/siliconlabs/simplicitystudio/v4/developer/toolchains/gnu_arm/7.2_2017q4/bin/../lib/gcc/arm-none-eabi/7.2.1/../../../../arm-none-eabi/lib/thumb/v7e-m/fpv4-sp/softfp\libc_nano.a(lib_a-strcpy.o)
                              ./SystemView/SEGGER_RTT.o (strcpy)
c:/siliconlabs/simplicitystudio/v4/developer/toolchains/gnu_arm/7.2_2017q4/bin/../lib/gcc/arm-none-eabi/7.2.1/../../../../arm-none-eabi/lib/thumb/v7e-m/fpv4-sp/softfp\libc_nano.a(lib_a-strlen.o)
                              ./SystemView/SEGGER_RTT.o (strlen)
c:/siliconlabs/simplicitystudio/v4/developer/toolchains/gnu_arm/7.2_2017q4/bin/../lib/gcc/arm-none-eabi/7.2.1/../../../../arm-none-eabi/lib/thumb/v7e-m/fpv4-sp/softfp\libnosys.a(_exit.o)
                              c:/siliconlabs/simplicitystudio/v4/developer/toolchains/gnu_arm/7.2_2017q4/bin/../lib/gcc/arm-none-eabi/7.2.1/../../../../arm-none-eabi/lib/thumb/v7e-m/fpv4-sp/softfp\libc_nano.a(lib_a-exit.o) (_exit)

Allocating common symbols
Common symbol       size              file

OSRoundRobinTimer   0x18              ./kernel/source/os_core.o
OSSchedLockNestingCtr
                    0x1               ./kernel/source/os_var.o
OSStatTaskTimeMax   0x4               ./kernel/source/os_var.o
OSTaskRegNextAvailID
                    0x1               ./kernel/source/os_var.o
OSRunning           0x1               ./kernel/source/os_var.o
OSRdyList           0x300             ./kernel/source/os_var.o
OSInitialized       0x1               ./kernel/source/os_var.o
OSMonQty            0x2               ./kernel/source/os_var.o
OSPrioHighRdy       0x1               ./kernel/source/os_var.o
OSStatTaskRdy       0x1               ./kernel/source/os_var.o
OSSemDbgListPtr     0x4               ./kernel/source/os_var.o
OSCfg_StatTaskStk   0x4               ./kernel/source/os_cfg_app.o
Mem_SegHeadPtr      0x4               ./common/source/lib/lib_mem.o
OSPrioCur           0x1               ./kernel/source/os_var.o
[...]
Memory Configuration

Name             Origin             Length             Attributes
FLASH            0x00000000         0x00100000         xr
RAM              0x20000000         0x00040000         xrw
*default*        0x00000000         0xffffffff

Linker script and memory map

LOAD c:/siliconlabs/simplicitystudio/v4/developer/toolchains/gnu_arm/7.2_2017q4/bin/../lib/gcc/arm-none-eabi/7.2.1/thumb/v7e-m/fpv4-sp/softfp/crti.o
LOAD c:/siliconlabs/simplicitystudio/v4/developer/toolchains/gnu_arm/7.2_2017q4/bin/../lib/gcc/arm-none-eabi/7.2.1/thumb/v7e-m/fpv4-sp/softfp/crtbegin.o
LOAD c:/siliconlabs/simplicitystudio/v4/developer/toolchains/gnu_arm/7.2_2017q4/bin/../lib/gcc/arm-none-eabi/7.2.1/../../../../arm-none-eabi/lib/thumb/v7e-m/fpv4-sp/softfp/crt0.o
LOAD ./BSP/bsp_bcc.o
LOAD ./BSP/bsp_stk.o
LOAD ./BSP/bsp_stk_leds.o
LOAD ./BSP/bsp_trace.o
LOAD ./BSP/siliconlabs/generic/source/bsp_cpu.o
LOAD ./BSP/siliconlabs/generic/source/bsp_os.o
LOAD ./CMSIS/EFM32PG12B/startup_efm32pg12b.o
LOAD ./CMSIS/EFM32PG12B/system_efm32pg12b.o
LOAD ./SystemView/SEGGER_RTT.o
LOAD ./SystemView/SEGGER_RTT_ASM_ARMv7M.o
LOAD ./SystemView/SEGGER_SYSVIEW.o
LOAD ./SystemView/SEGGER_SYSVIEW_Config_MicriumOSKernel.o
LOAD ./SystemView/SEGGER_SYSVIEW_MicriumOSKernel.o
LOAD ./common/sl_slist.o
LOAD ./common/source/auth/auth.o
LOAD ./common/source/collections/bitmap.o
LOAD ./common/source/collections/map.o
LOAD ./common/source/collections/slist.o
LOAD ./common/source/common/common.o
LOAD ./common/source/kal/kal_kernel.o
LOAD ./common/source/lib/lib_ascii.o
LOAD ./common/source/lib/lib_math.o
LOAD ./common/source/lib/lib_mem.o
LOAD ./common/source/lib/lib_str.o
LOAD ./common/source/platform_mgr/platform_mgr.o
LOAD ./common/source/rtos/rtos_err_str.o
LOAD ./cpu/source/cpu_core.o
LOAD ./emlib/em_acmp.o
LOAD ./emlib/em_assert.o
LOAD ./emlib/em_cmu.o
LOAD ./emlib/em_core.o
LOAD ./emlib/em_emu.o
LOAD ./emlib/em_gpio.o
LOAD ./emlib/em_rtcc.o
LOAD ./emlib/em_system.o
LOAD ./emlib/em_usart.o
LOAD ./kernel/source/os_cfg_app.o
LOAD ./kernel/source/os_core.o
LOAD ./kernel/source/os_dbg.o
LOAD ./kernel/source/os_flag.o
LOAD ./kernel/source/os_mon.o
LOAD ./kernel/source/os_msg.o
LOAD ./kernel/source/os_mutex.o
LOAD ./kernel/source/os_prio.o
LOAD ./kernel/source/os_q.o
LOAD ./kernel/source/os_sem.o
LOAD ./kernel/source/os_stat.o
LOAD ./kernel/source/os_task.o
LOAD ./kernel/source/os_time.o
LOAD ./kernel/source/os_tmr.o
LOAD ./kernel/source/os_var.o
LOAD ./ports/source/gnu/armv7m_cpu_a.o
LOAD ./ports/source/gnu/armv7m_os_cpu_a.o
LOAD ./ports/source/gnu/armv7m_os_cpu_c.o
LOAD ./service/sl_sleeptimer.o
LOAD ./service/sl_sleeptimer_hal_rtcc.o
LOAD ./src/Source_Files/app.o
LOAD ./src/Source_Files/capsense.o
LOAD ./src/Source_Files/cmu.o
LOAD ./src/Source_Files/gpio.o
LOAD ./src/main.o
START GROUP
LOAD c:/siliconlabs/simplicitystudio/v4/developer/toolchains/gnu_arm/7.2_2017q4/bin/../lib/gcc/arm-none-eabi/7.2.1/thumb/v7e-m/fpv4-sp/softfp\libgcc.a
LOAD c:/siliconlabs/simplicitystudio/v4/developer/toolchains/gnu_arm/7.2_2017q4/bin/../lib/gcc/arm-none-eabi/7.2.1/../../../../arm-none-eabi/lib/thumb/v7e-m/fpv4-sp/softfp\libc_nano.a
LOAD c:/siliconlabs/simplicitystudio/v4/developer/toolchains/gnu_arm/7.2_2017q4/bin/../lib/gcc/arm-none-eabi/7.2.1/../../../../arm-none-eabi/lib/thumb/v7e-m/fpv4-sp/softfp\libnosys.a
END GROUP
START GROUP
LOAD c:/siliconlabs/simplicitystudio/v4/developer/toolchains/gnu_arm/7.2_2017q4/bin/../lib/gcc/arm-none-eabi/7.2.1/thumb/v7e-m/fpv4-sp/softfp\libgcc.a
LOAD c:/siliconlabs/simplicitystudio/v4/developer/toolchains/gnu_arm/7.2_2017q4/bin/../lib/gcc/arm-none-eabi/7.2.1/../../../../arm-none-eabi/lib/thumb/v7e-m/fpv4-sp/softfp\libg_nano.a
LOAD c:/siliconlabs/simplicitystudio/v4/developer/toolchains/gnu_arm/7.2_2017q4/bin/../lib/gcc/arm-none-eabi/7.2.1/../../../../arm-none-eabi/lib/thumb/v7e-m/fpv4-sp/softfp\libc_nano.a
END GROUP
START GROUP
LOAD c:/siliconlabs/simplicitystudio/v4/developer/toolchains/gnu_arm/7.2_2017q4/bin/../lib/gcc/arm-none-eabi/7.2.1/thumb/v7e-m/fpv4-sp/softfp\libgcc.a
LOAD c:/siliconlabs/simplicitystudio/v4/developer/toolchains/gnu_arm/7.2_2017q4/bin/../lib/gcc/arm-none-eabi/7.2.1/../../../../arm-none-eabi/lib/thumb/v7e-m/fpv4-sp/softfp\libc_nano.a
END GROUP
LOAD c:/siliconlabs/simplicitystudio/v4/developer/toolchains/gnu_arm/7.2_2017q4/bin/../lib/gcc/arm-none-eabi/7.2.1/thumb/v7e-m/fpv4-sp/softfp/crtend.o
LOAD c:/siliconlabs/simplicitystudio/v4/developer/toolchains/gnu_arm/7.2_2017q4/bin/../lib/gcc/arm-none-eabi/7.2.1/thumb/v7e-m/fpv4-sp/softfp/crtn.o

.text           0x00000000     0xee2c
 *(.vectors)
 .vectors       0x00000000      0x10c ./CMSIS/EFM32PG12B/startup_efm32pg12b.o
                0x00000000                __Vectors
                0x0000010c                __Vectors_End = .
                0x0000010c                __Vectors_Size = (__Vectors_End - __Vectors)
                0x0000010c                __end__ = .
 *(.text*)
 .text          0x0000010c       0x40 c:/siliconlabs/simplicitystudio/v4/developer/toolchains/gnu_arm/7.2_2017q4/bin/../lib/gcc/arm-none-eabi/7.2.1/thumb/v7e-m/fpv4-sp/softfp/crtbegin.o
 .text          0x0000014c       0x74 c:/siliconlabs/simplicitystudio/v4/developer/toolchains/gnu_arm/7.2_2017q4/bin/../lib/gcc/arm-none-eabi/7.2.1/../../../../arm-none-eabi/lib/thumb/v7e-m/fpv4-sp/softfp/crt0.o
                0x0000014c                _start
                0x0000014c                _mainCRTStartup
 .text.CPU_TS_TmrInit
                0x000001c0       0x44 ./BSP/siliconlabs/generic/source/bsp_cpu.o
                0x000001c0                CPU_TS_TmrInit
 .text.CPU_TS_TmrRd
                0x00000204       0x20 ./BSP/siliconlabs/generic/source/bsp_cpu.o
                0x00000204                CPU_TS_TmrRd
 .text.CPU_TS32_to_uSec
                0x00000224       0x54 ./BSP/siliconlabs/generic/source/bsp_cpu.o
                0x00000224                CPU_TS32_to_uSec
 .text.SYSTEM_GetProdRev
                0x00000278       0x1c ./BSP/siliconlabs/generic/source/bsp_os.o
 .text.CHIP_Init
                0x00000294       0x84 ./BSP/siliconlabs/generic/source/bsp_os.o
 .text.BSP_SystemInit
                0x00000318       0x5c ./BSP/siliconlabs/generic/source/bsp_os.o
                0x00000318                BSP_SystemInit
 .text.BSP_OS_Init
                0x00000374        0xe ./BSP/siliconlabs/generic/source/bsp_os.o
                0x00000374                BSP_OS_Init
 *fill*         0x00000382        0x2 
 .text          0x00000384       0x30 ./CMSIS/EFM32PG12B/startup_efm32pg12b.o
                0x00000384                Reset_Handler
                0x000003b0                USART0_TX_IRQHandler
                0x000003b0                I2C0_IRQHandler
                0x000003b0                HardFault_Handler
                0x000003b0                SysTick_Handler
                0x000003b0                USART1_RX_IRQHandler
                0x000003b0                NMI_Handler
                0x000003b0                I2C1_IRQHandler
                0x000003b0                WTIMER0_IRQHandler
                0x000003b0                CRYPTO0_IRQHandler
                0x000003b0                WDOG0_IRQHandler
                0x000003b0                USART1_TX_IRQHandler
                0x000003b0                SMU_IRQHandler
                0x000003b0                MSC_IRQHandler
                0x000003b0                ADC0_IRQHandler
                0x000003b0                UsageFault_Handler
                0x000003b0                WDOG1_IRQHandler
                0x000003b0                LEUART0_IRQHandler
                0x000003b0                FPUEH_IRQHandler
                0x000003b0                WTIMER1_IRQHandler
                0x000003b0                GPIO_EVEN_IRQHandler
                0x000003b0                VDAC0_IRQHandler
                0x000003b0                LDMA_IRQHandler
                0x000003b0                CSEN_IRQHandler
                0x000003b0                CRYPTO1_IRQHandler
                0x000003b0                TIMER0_IRQHandler
                0x000003b0                DebugMon_Handler
                0x000003b0                PCNT2_IRQHandler
                0x000003b0                LETIMER0_IRQHandler
                0x000003b0                TIMER1_IRQHandler
                0x000003b0                TRNG0_IRQHandler
                0x000003b0                USART2_RX_IRQHandler
                0x000003b0                Default_Handler
                0x000003b0                EMU_IRQHandler
                0x000003b0                CRYOTIMER_IRQHandler
                0x000003b0                PCNT0_IRQHandler
                0x000003b0                sl_app_properties
                0x000003b0                PCNT1_IRQHandler
                0x000003b0                ACMP0_IRQHandler
                0x000003b0                USART0_RX_IRQHandler
                0x000003b0                MemManage_Handler
                0x000003b0                SVC_Handler
                0x000003b0                USART3_RX_IRQHandler
                0x000003b0                CMU_IRQHandler
                0x000003b0                LESENSE_IRQHandler
                0x000003b0                GPIO_ODD_IRQHandler
                0x000003b0                USART3_TX_IRQHandler
                0x000003b0                BusFault_Handler
                0x000003b0                USART2_TX_IRQHandler
                0x000003b0                IDAC0_IRQHandler
 .text.SystemCoreClockGet
                0x000003b4       0x40 ./CMSIS/EFM32PG12B/system_efm32pg12b.o
                0x000003b4                SystemCoreClockGet
 .text.SystemMaxCoreClockGet
                0x000003f4       0x14 ./CMSIS/EFM32PG12B/system_efm32pg12b.o
                0x000003f4                SystemMaxCoreClockGet
 .text.SystemHFClockGet
                0x00000408       0x88 ./CMSIS/EFM32PG12B/system_efm32pg12b.o
                0x00000408                SystemHFClockGet
 .text.SystemHFXOClockGet
                0x00000490       0x18 ./CMSIS/EFM32PG12B/system_efm32pg12b.o
                0x00000490                SystemHFXOClockGet
 .text.SystemInit
                0x000004a8       0x2c ./CMSIS/EFM32PG12B/system_efm32pg12b.o
                0x000004a8                SystemInit
 .text.SystemLFRCOClockGet
                0x000004d4       0x12 ./CMSIS/EFM32PG12B/system_efm32pg12b.o
                0x000004d4                SystemLFRCOClockGet
 .text.SystemULFRCOClockGet
                0x000004e6       0x12 ./CMSIS/EFM32PG12B/system_efm32pg12b.o
                0x000004e6                SystemULFRCOClockGet
 .text.SystemLFXOClockGet
                0x000004f8       0x18 ./CMSIS/EFM32PG12B/system_efm32pg12b.o
                0x000004f8                SystemLFXOClockGet
 .text._DoInit  0x00000510       0x9c ./SystemView/SEGGER_RTT.o
 .text.SEGGER_RTT_ReadNoLock
                0x000005ac      0x104 ./SystemView/SEGGER_RTT.o
                0x000005ac                SEGGER_RTT_ReadNoLock
 .text.SEGGER_RTT_ConfigUpBuffer
                0x000006b0       0xcc ./SystemView/SEGGER_RTT.o
                0x000006b0                SEGGER_RTT_ConfigUpBuffer
 .text.SEGGER_RTT_ConfigDownBuffer
                0x0000077c       0xcc ./SystemView/SEGGER_RTT.o
                0x0000077c                SEGGER_RTT_ConfigDownBuffer
 .text          0x00000848       0x8c ./SystemView/SEGGER_RTT_ASM_ARMv7M.o
                0x00000848                SEGGER_RTT_ASM_WriteSkipNoLock
 .text._EncodeStr
                0x000008d4       0x9a ./SystemView/SEGGER_SYSVIEW.o
 .text._PreparePacket
                0x0000096e       0x18 ./SystemView/SEGGER_SYSVIEW.o
 .text._HandleIncomingPacket
                0x00000986       0xb8 ./SystemView/SEGGER_SYSVIEW.o
 *fill*         0x00000a3e        0x2 
 .text._TrySendOverflowPacket
                0x00000a40       0xec ./SystemView/SEGGER_SYSVIEW.o
 .text._SendPacket
                0x00000b2c      0x1b0 ./SystemView/SEGGER_SYSVIEW.o
 .text.SEGGER_SYSVIEW_Init
                0x00000cdc       0x7c ./SystemView/SEGGER_SYSVIEW.o
                0x00000cdc                SEGGER_SYSVIEW_Init
 .text.SEGGER_SYSVIEW_SetRAMBase
                0x00000d58       0x20 ./SystemView/SEGGER_SYSVIEW.o
                0x00000d58                SEGGER_SYSVIEW_SetRAMBase
 .text.SEGGER_SYSVIEW_RecordVoid
                0x00000d78       0x34 ./SystemView/SEGGER_SYSVIEW.o
                0x00000d78                SEGGER_SYSVIEW_RecordVoid
 .text.SEGGER_SYSVIEW_RecordU32
                0x00000dac       0x70 ./SystemView/SEGGER_SYSVIEW.o
                0x00000dac                SEGGER_SYSVIEW_RecordU32
 .text.SEGGER_SYSVIEW_RecordU32x2
                0x00000e1c       0xac ./SystemView/SEGGER_SYSVIEW.o
                0x00000e1c                SEGGER_SYSVIEW_RecordU32x2
 .text.SEGGER_SYSVIEW_Start
                0x00000ec8      0x168 ./SystemView/SEGGER_SYSVIEW.o
                0x00000ec8                SEGGER_SYSVIEW_Start
 .text.SEGGER_SYSVIEW_Stop
                0x00001030       0x44 ./SystemView/SEGGER_SYSVIEW.o
                0x00001030                SEGGER_SYSVIEW_Stop
 .text.SEGGER_SYSVIEW_GetSysDesc
                0x00001074      0x12c ./SystemView/SEGGER_SYSVIEW.o
                0x00001074                SEGGER_SYSVIEW_GetSysDesc
 .text.SEGGER_SYSVIEW_SendTaskInfo
                0x000011a0      0x1c4 ./SystemView/SEGGER_SYSVIEW.o
                0x000011a0                SEGGER_SYSVIEW_SendTaskInfo
 .text.SEGGER_SYSVIEW_SendTaskList
                0x00001364       0x28 ./SystemView/SEGGER_SYSVIEW.o
                0x00001364                SEGGER_SYSVIEW_SendTaskList
 .text.SEGGER_SYSVIEW_SendSysDesc
                0x0000138c       0x40 ./SystemView/SEGGER_SYSVIEW.o
                0x0000138c                SEGGER_SYSVIEW_SendSysDesc
 .text.SEGGER_SYSVIEW_RecordSystime
                0x000013cc       0x60 ./SystemView/SEGGER_SYSVIEW.o
                0x000013cc                SEGGER_SYSVIEW_RecordSystime
 .text.SEGGER_SYSVIEW_OnIdle
                0x0000142c       0x30 ./SystemView/SEGGER_SYSVIEW.o
                0x0000142c                SEGGER_SYSVIEW_OnIdle
 .text.SEGGER_SYSVIEW_OnTaskCreate
                0x0000145c       0x80 ./SystemView/SEGGER_SYSVIEW.o
                0x0000145c                SEGGER_SYSVIEW_OnTaskCreate
 .text.SEGGER_SYSVIEW_OnTaskStartExec
                0x000014dc       0x80 ./SystemView/SEGGER_SYSVIEW.o
                0x000014dc                SEGGER_SYSVIEW_OnTaskStartExec
 .text.SEGGER_SYSVIEW_OnTaskStartReady
                0x0000155c       0x80 ./SystemView/SEGGER_SYSVIEW.o
                0x0000155c                SEGGER_SYSVIEW_OnTaskStartReady
 .text.SEGGER_SYSVIEW_OnTaskStopReady
                0x000015dc       0xb8 ./SystemView/SEGGER_SYSVIEW.o
                0x000015dc                SEGGER_SYSVIEW_OnTaskStopReady
 .text.SEGGER_SYSVIEW_NameResource
                0x00001694       0x88 ./SystemView/SEGGER_SYSVIEW.o
                0x00001694                SEGGER_SYSVIEW_NameResource
 .text.SEGGER_SYSVIEW_ShrinkId
                0x0000171c       0x24 ./SystemView/SEGGER_SYSVIEW.o
                0x0000171c                SEGGER_SYSVIEW_ShrinkId
 .text.SEGGER_SYSVIEW_SendModule
                0x00001740       0xf8 ./SystemView/SEGGER_SYSVIEW.o
                0x00001740                SEGGER_SYSVIEW_SendModule
 .text.SEGGER_SYSVIEW_SendModuleDescription
                0x00001838       0x3c ./SystemView/SEGGER_SYSVIEW.o
                0x00001838                SEGGER_SYSVIEW_SendModuleDescription
 .text.SEGGER_SYSVIEW_SendNumModules
                0x00001874       0x74 ./SystemView/SEGGER_SYSVIEW.o
                0x00001874                SEGGER_SYSVIEW_SendNumModules
 .text.SEGGER_SYSVIEW_Warn
                0x000018e8       0xb0 ./SystemView/SEGGER_SYSVIEW.o
                0x000018e8                SEGGER_SYSVIEW_Warn
 .text._cbSendSystemDesc
                0x00001998       0x20 ./SystemView/SEGGER_SYSVIEW_Config_MicriumOSKernel.o
 .text.SEGGER_SYSVIEW_Conf
                0x000019b8       0x38 ./SystemView/SEGGER_SYSVIEW_Config_MicriumOSKernel.o
                0x000019b8                SEGGER_SYSVIEW_Conf
 .text._cbSendTaskList
                0x000019f0       0x94 ./SystemView/SEGGER_SYSVIEW_MicriumOSKernel.o
 .text._cbGetTime
                0x00001a84       0x24 ./SystemView/SEGGER_SYSVIEW_MicriumOSKernel.o
 .text.SYSVIEW_TaskReady
                0x00001aa8       0x20 ./SystemView/SEGGER_SYSVIEW_MicriumOSKernel.o
                0x00001aa8                SYSVIEW_TaskReady
 .text.SYSVIEW_TaskSwitchedIn
                0x00001ac8       0x20 ./SystemView/SEGGER_SYSVIEW_MicriumOSKernel.o
                0x00001ac8                SYSVIEW_TaskSwitchedIn
 .text.SYSVIEW_TaskSuspend
                0x00001ae8       0x22 ./SystemView/SEGGER_SYSVIEW_MicriumOSKernel.o
                0x00001ae8                SYSVIEW_TaskSuspend
 *fill*         0x00001b0a        0x2 
 .text.SYSVIEW_AddTask
                0x00001b0c       0xc4 ./SystemView/SEGGER_SYSVIEW_MicriumOSKernel.o
                0x00001b0c                SYSVIEW_AddTask
 .text.SYSVIEW_SendTaskInfo
                0x00001bd0       0x42 ./SystemView/SEGGER_SYSVIEW_MicriumOSKernel.o
                0x00001bd0                SYSVIEW_SendTaskInfo
 *fill*         0x00001c12        0x2 
 .text.SYSVIEW_RecordU32Register
                0x00001c14       0x90 ./SystemView/SEGGER_SYSVIEW_MicriumOSKernel.o
                0x00001c14                SYSVIEW_RecordU32Register
 .text.SYSVIEW_SendResourceList
                0x00001ca4       0x80 ./SystemView/SEGGER_SYSVIEW_MicriumOSKernel.o
                0x00001ca4                SYSVIEW_SendResourceList
 .text.SList_Init
                0x00001d24       0x1a ./common/source/collections/slist.o
                0x00001d24                SList_Init
 *fill*         0x00001d3e        0x2 
 .text.Common_Init
                0x00001d40       0x70 ./common/source/common/common.o
                0x00001d40                Common_Init
 .text.Common_MemSegPtrGet
                0x00001db0       0x18 ./common/source/common/common.o
                0x00001db0                Common_MemSegPtrGet
 .text.KAL_FeatureQuery
                0x00001dc8       0xf4 ./common/source/kal/kal_kernel.o
                0x00001dc8                KAL_FeatureQuery
 .text.KAL_LockCreate
                0x00001ebc       0xbc ./common/source/kal/kal_kernel.o
                0x00001ebc                KAL_LockCreate
 .text.KAL_Init
                0x00001f78      0x1c0 ./common/source/kal/kal_kernel.o
 .text.Math_RandSetSeed
                0x00002138       0x28 ./common/source/lib/lib_math.o
                0x00002138                Math_RandSetSeed
 .text.Math_Init
                0x00002160        0xe ./common/source/lib/lib_math.o
                0x00002160                Math_Init
 *fill*         0x0000216e        0x2 
 .text.Mem_Init
                0x00002170       0x28 ./common/source/lib/lib_mem.o
                0x00002170                Mem_Init
 .text.Mem_SegReg
                0x00002198       0xf4 ./common/source/lib/lib_mem.o
                0x00002198                Mem_SegReg
 .text.Mem_SegAlloc
                0x0000228c       0x50 ./common/source/lib/lib_mem.o
                0x0000228c                Mem_SegAlloc
 .text.Mem_DynPoolCreate
                0x000022dc       0xa4 ./common/source/lib/lib_mem.o
                0x000022dc                Mem_DynPoolCreate
 .text.Mem_DynPoolBlkGet
                0x00002380      0x1ec ./common/source/lib/lib_mem.o
                0x00002380                Mem_DynPoolBlkGet
 .text.Mem_DynPoolBlkFree
                0x0000256c      0x140 ./common/source/lib/lib_mem.o
                0x0000256c                Mem_DynPoolBlkFree
 .text.Mem_SegAllocInternal
                0x000026ac      0x108 ./common/source/lib/lib_mem.o
 .text.Mem_SegAllocExtCritical
                0x000027b4      0x120 ./common/source/lib/lib_mem.o
 .text.Mem_DynPoolCreateInternal
                0x000028d4      0x350 ./common/source/lib/lib_mem.o
 .text.PlatformMgrInit
                0x00002c24      0x148 ./common/source/platform_mgr/platform_mgr.o
                0x00002c24                PlatformMgrInit
 .text.CPU_Init
                0x00002d6c        0xc ./cpu/source/cpu_core.o
                0x00002d6c                CPU_Init
 .text.CPU_SW_Exception
                0x00002d78        0x6 ./cpu/source/cpu_core.o
                0x00002d78                CPU_SW_Exception
 .text.CPU_TS_Get32
                0x00002d7e       0x16 ./cpu/source/cpu_core.o
                0x00002d7e                CPU_TS_Get32
 .text.CPU_TS_TmrFreqGet
                0x00002d94       0x88 ./cpu/source/cpu_core.o
                0x00002d94                CPU_TS_TmrFreqGet
 .text.CPU_TS_TmrFreqSet
                0x00002e1c       0x20 ./cpu/source/cpu_core.o
                0x00002e1c                CPU_TS_TmrFreqSet
 .text.CPU_TS_Init
                0x00002e3c       0x18 ./cpu/source/cpu_core.o
 .text.BUS_RegBitWrite
                0x00002e54       0x2e ./emlib/em_acmp.o
 .text.BUS_RegMaskedSet
                0x00002e82       0x24 ./emlib/em_acmp.o
 .text.BUS_RegMaskedClear
                0x00002ea6       0x24 ./emlib/em_acmp.o
 .text.BUS_RegMaskedWrite
                0x00002eca       0x24 ./emlib/em_acmp.o
 *fill*         0x00002eee        0x2 
 .text.ACMP_CapsenseInit
                0x00002ef0       0xbc ./emlib/em_acmp.o
                0x00002ef0                ACMP_CapsenseInit
 .text.ACMP_CapsenseChannelSet
                0x00002fac       0x44 ./emlib/em_acmp.o
                0x00002fac                ACMP_CapsenseChannelSet
 .text.ACMP_Disable
                0x00002ff0       0x40 ./emlib/em_acmp.o
                0x00002ff0                ACMP_Disable
 .text.ACMP_Enable
                0x00003030       0x40 ./emlib/em_acmp.o
                0x00003030                ACMP_Enable
 .text.assertEFM
                0x00003070        0xc ./emlib/em_assert.o
                0x00003070                assertEFM
 .text.BUS_RegBitWrite
                0x0000307c       0x2e ./emlib/em_cmu.o
 .text.BUS_RegBitRead
                0x000030aa       0x2a ./emlib/em_cmu.o
 .text.SL_Log2ToDiv
                0x000030d4       0x2c ./emlib/em_cmu.o
 .text.EMU_LDOStatusGet
                0x00003100       0x24 ./emlib/em_cmu.o
 .text.EMU_VScaleWait
                0x00003124       0x30 ./emlib/em_cmu.o
 .text.EMU_VScaleGet
                0x00003154       0x1c ./emlib/em_cmu.o
 .text.setHfLeConfig
                0x00003170       0x64 ./emlib/em_cmu.o
 .text.auxClkGet
                0x000031d4       0x20 ./emlib/em_cmu.o
 .text.hfSrcClkGet
                0x000031f4       0x2c ./emlib/em_cmu.o
 .text.dbgClkGet
                0x00003220       0x4c ./emlib/em_cmu.o
 .text.adcAsyncClkGet
                0x0000326c       0x98 ./emlib/em_cmu.o
 .text.flashWaitStateControl
                0x00003304       0x98 ./emlib/em_cmu.o
 .text.flashWaitStateMax
                0x0000339c       0x44 ./emlib/em_cmu.o
 .text.CMU_UpdateWaitStates
                0x000033e0       0x40 ./emlib/em_cmu.o
                0x000033e0                CMU_UpdateWaitStates
 .text.getRegIshUpperVal
                0x00003420       0x36 ./emlib/em_cmu.o
 *fill*         0x00003456        0x2 
 .text.getHfxoTuningMode
                0x00003458       0x1c ./emlib/em_cmu.o
 .text.setHfxoTuningMode
                0x00003474       0x2c ./emlib/em_cmu.o
 .text.lfClkGet
                0x000034a0      0x114 ./emlib/em_cmu.o
 .text.syncReg  0x000035b4       0x38 ./emlib/em_cmu.o
 .text.hfperClkSafePrescaler
                0x000035ec        0xe ./emlib/em_cmu.o
 .text.hfperClkOptimizedPrescaler
                0x000035fa        0xe ./emlib/em_cmu.o
 .text.CMU_ClockDivGet
                0x00003608       0x1a ./emlib/em_cmu.o
                0x00003608                CMU_ClockDivGet
 *fill*         0x00003622        0x2 
 .text.CMU_ClockEnable
                0x00003624       0xd8 ./emlib/em_cmu.o
                0x00003624                CMU_ClockEnable
 .text.CMU_ClockFreqGet
                0x000036fc      0x240 ./emlib/em_cmu.o
                0x000036fc                CMU_ClockFreqGet
 .text.CMU_ClockPrescGet
                0x0000393c      0x1c0 ./emlib/em_cmu.o
                0x0000393c                CMU_ClockPrescGet
 .text.CMU_ClockSelectGet
                0x00003afc      0x1c8 ./emlib/em_cmu.o
                0x00003afc                CMU_ClockSelectGet
 .text.CMU_ClockSelectSet
                0x00003cc4      0x348 ./emlib/em_cmu.o
                0x00003cc4                CMU_ClockSelectSet
 .text.CMU_HFRCOBandGet
                0x0000400c       0x18 ./emlib/em_cmu.o
                0x0000400c                CMU_HFRCOBandGet
 .text.CMU_OscillatorEnable
                0x00004024      0x1bc ./emlib/em_cmu.o
                0x00004024                CMU_OscillatorEnable
 .text.CMU_OscillatorTuningGet
                0x000041e0       0x7c ./emlib/em_cmu.o
                0x000041e0                CMU_OscillatorTuningGet
 .text.CMU_OscillatorTuningSet
                0x0000425c      0x154 ./emlib/em_cmu.o
                0x0000425c                CMU_OscillatorTuningSet
 .text.CMU_OscillatorTuningWait
                0x000043b0       0xb4 ./emlib/em_cmu.o
                0x000043b0                CMU_OscillatorTuningWait
 .text.CMU_OscillatorTuningOptimize
                0x00004464       0x64 ./emlib/em_cmu.o
                0x00004464                CMU_OscillatorTuningOptimize
 .text.CORE_EnterCritical
                0x000044c8       0x20 ./emlib/em_core.o
                0x000044c8                CORE_EnterCritical
 .text.CORE_ExitCritical
                0x000044e8       0x1c ./emlib/em_core.o
                0x000044e8                CORE_ExitCritical
 .text.CORE_EnterAtomic
                0x00004504       0x20 ./emlib/em_core.o
                0x00004504                CORE_EnterAtomic
 .text.CORE_ExitAtomic
                0x00004524       0x1c ./emlib/em_core.o
                0x00004524                CORE_ExitAtomic
 .text.CORE_InIrqContext
                0x00004540       0x24 ./emlib/em_core.o
                0x00004540                CORE_InIrqContext
 .text.BUS_RegBitWrite
                0x00004564       0x2e ./emlib/em_emu.o
 .text.BUS_RegBitRead
                0x00004592       0x2a ./emlib/em_emu.o
 .text.EMU_LDOStatusGet
                0x000045bc       0x24 ./emlib/em_emu.o
 .text.EMU_VScaleWait
                0x000045e0       0x30 ./emlib/em_emu.o
 .text.EMU_VScaleGet
                0x00004610       0x1c ./emlib/em_emu.o
 .text.EMU_IntClear
                0x0000462c       0x20 ./emlib/em_emu.o
 .text.EMU_IntGet
                0x0000464c       0x18 ./emlib/em_emu.o
 .text.EMU_PowerLock
                0x00004664       0x18 ./emlib/em_emu.o
 .text.EMU_PowerUnlock
                0x0000467c       0x1c ./emlib/em_emu.o
 .text.vScaleEM01Cmd
                0x00004698       0x22 ./emlib/em_emu.o
 *fill*         0x000046ba        0x2 
 .text.EMU_VScaleEM01ByClock
                0x000046bc       0x84 ./emlib/em_emu.o
                0x000046bc                EMU_VScaleEM01ByClock
 .text.EMU_VScaleEM01
                0x00004740       0xb4 ./emlib/em_emu.o
                0x00004740                EMU_VScaleEM01
 .text.dcdcConstCalibrationLoad
                0x000047f4       0x10 ./emlib/em_emu.o
 .text.dcdcValidatedConfigSet
                0x00004804       0x40 ./emlib/em_emu.o
 .text.currentLimitersUpdate
                0x00004844      0x124 ./emlib/em_emu.o
 .text.userCurrentLimitsSet
                0x00004968       0x30 ./emlib/em_emu.o
 .text.compCtrlSet
                0x00004998       0x4c ./emlib/em_emu.o
 .text.lpCmpHystCalibrationLoad
                0x000049e4       0xec ./emlib/em_emu.o
 .text.lpGetDevinfoVrefLowHigh
                0x00004ad0      0x164 ./emlib/em_emu.o
 .text.EMU_DCDCModeSet
                0x00004c34      0x10c ./emlib/em_emu.o
                0x00004c34                EMU_DCDCModeSet
 .text.EMU_DCDCInit
                0x00004d40      0x1c8 ./emlib/em_emu.o
                0x00004d40                EMU_DCDCInit
 .text.EMU_DCDCOutputVoltageSet
                0x00004f08      0x2d8 ./emlib/em_emu.o
                0x00004f08                EMU_DCDCOutputVoltageSet
 .text.EMU_DCDCOptimizeSlice
                0x000051e0       0xe8 ./emlib/em_emu.o
                0x000051e0                EMU_DCDCOptimizeSlice
 .text.EMU_DCDCLnRcoBandSet
                0x000052c8       0x64 ./emlib/em_emu.o
                0x000052c8                EMU_DCDCLnRcoBandSet
 .text.BUS_RegBitWrite
                0x0000532c       0x2e ./emlib/em_gpio.o
 .text.BUS_RegMaskedSet
                0x0000535a       0x24 ./emlib/em_gpio.o
 .text.BUS_RegMaskedClear
                0x0000537e       0x24 ./emlib/em_gpio.o
 .text.BUS_RegMaskedWrite
                0x000053a2       0x24 ./emlib/em_gpio.o
 *fill*         0x000053c6        0x2 
 .text.GPIO_IntClear
                0x000053c8       0x20 ./emlib/em_gpio.o
 .text.GPIO_PinOutClear
                0x000053e8       0xd0 ./emlib/em_gpio.o
 .text.GPIO_PinOutSet
                0x000054b8       0xd0 ./emlib/em_gpio.o
 .text.GPIO_DriveStrengthSet
                0x00005588       0x8c ./emlib/em_gpio.o
                0x00005588                GPIO_DriveStrengthSet
 .text.GPIO_ExtIntConfig
                0x00005614      0x1ac ./emlib/em_gpio.o
                0x00005614                GPIO_ExtIntConfig
 .text.GPIO_PinModeSet
                0x000057c0      0x18c ./emlib/em_gpio.o
                0x000057c0                GPIO_PinModeSet
 .text.BUS_RegBitWrite
                0x0000594c       0x2e ./emlib/em_rtcc.o
 *fill*         0x0000597a        0x2 
 .text.RTCC_ChannelInit
                0x0000597c       0x7c ./emlib/em_rtcc.o
                0x0000597c                RTCC_ChannelInit
 .text.RTCC_Enable
                0x000059f8       0x24 ./emlib/em_rtcc.o
                0x000059f8                RTCC_Enable
 .text.RTCC_Init
                0x00005a1c       0x98 ./emlib/em_rtcc.o
                0x00005a1c                RTCC_Init
 .text.OSCfg_Init
                0x00005ab4        0xe ./kernel/source/os_cfg_app.o
                0x00005ab4                OSCfg_Init
 *fill*         0x00005ac2        0x2 
 .text.OSInit   0x00005ac4      0x4d4 ./kernel/source/os_core.o
                0x00005ac4                OSInit
 .text.OSSched  0x00005f98      0x1f4 ./kernel/source/os_core.o
                0x00005f98                OSSched
 .text.OSSchedLock
                0x0000618c      0x114 ./kernel/source/os_core.o
                0x0000618c                OSSchedLock
 .text.OSSchedUnlock
                0x000062a0      0x158 ./kernel/source/os_core.o
                0x000062a0                OSSchedUnlock
 .text.OSStart  0x000063f8      0x140 ./kernel/source/os_core.o
                0x000063f8                OSStart
 .text.OSIsIdle
                0x00006538       0x18 ./kernel/source/os_core.o
                0x00006538                OSIsIdle
 .text.OS_Pend  0x00006550       0x94 ./kernel/source/os_core.o
                0x00006550                OS_Pend
 .text.OS_PendDbgNameAdd
                0x000065e4       0x78 ./kernel/source/os_core.o
                0x000065e4                OS_PendDbgNameAdd
 .text.OS_PendDbgNameRemove
                0x0000665c       0x4c ./kernel/source/os_core.o
                0x0000665c                OS_PendDbgNameRemove
 .text.OS_PendListChangePrio
                0x000066a8       0x3a ./kernel/source/os_core.o
                0x000066a8                OS_PendListChangePrio
 .text.OS_PendListInit
                0x000066e2       0x26 ./kernel/source/os_core.o
                0x000066e2                OS_PendListInit
 .text.OS_PendListInsertPrio
                0x00006708       0xd8 ./kernel/source/os_core.o
                0x00006708                OS_PendListInsertPrio
 .text.OS_PendListRemove
                0x000067e0       0xaa ./kernel/source/os_core.o
                0x000067e0                OS_PendListRemove
 .text.OS_Post  0x0000688a      0x10e ./kernel/source/os_core.o
                0x0000688a                OS_Post
 .text.OS_RdyListInit
                0x00006998       0x4c ./kernel/source/os_core.o
                0x00006998                OS_RdyListInit
 .text.OS_RdyListInsert
                0x000069e4       0x44 ./kernel/source/os_core.o
                0x000069e4                OS_RdyListInsert
 .text.OS_RdyListInsertHead
                0x00006a28       0x84 ./kernel/source/os_core.o
                0x00006a28                OS_RdyListInsertHead
 .text.OS_RdyListInsertTail
                0x00006aac       0x80 ./kernel/source/os_core.o
                0x00006aac                OS_RdyListInsertTail
 .text.OS_RdyListMoveHeadToTail
                0x00006b2c       0x96 ./kernel/source/os_core.o
                0x00006b2c                OS_RdyListMoveHeadToTail
 *fill*         0x00006bc2        0x2 
 .text.OS_RdyListRemove
                0x00006bc4       0xb8 ./kernel/source/os_core.o
                0x00006bc4                OS_RdyListRemove
 .text.OS_SchedRoundRobin
                0x00006c7c       0x60 ./kernel/source/os_core.o
                0x00006c7c                OS_SchedRoundRobin
 .text.OS_SchedRoundRobinRestartTimer
                0x00006cdc       0x50 ./kernel/source/os_core.o
                0x00006cdc                OS_SchedRoundRobinRestartTimer
 .text.OS_SchedRoundRobinResetQuanta
                0x00006d2c       0xe8 ./kernel/source/os_core.o
                0x00006d2c                OS_SchedRoundRobinResetQuanta
 .text.OS_TaskBlock
                0x00006e14       0xb0 ./kernel/source/os_core.o
                0x00006e14                OS_TaskBlock
 .text.OS_TimerCallback
                0x00006ec4      0x158 ./kernel/source/os_core.o
                0x00006ec4                OS_TimerCallback
 .text.OS_Dbg_Init
                0x0000701c      0x26c ./kernel/source/os_dbg.o
                0x0000701c                OS_Dbg_Init
 .text.OS_MsgPoolInit
                0x00007288       0xe0 ./kernel/source/os_msg.o
                0x00007288                OS_MsgPoolInit
 .text.OS_MsgQFreeAll
                0x00007368       0x78 ./kernel/source/os_msg.o
                0x00007368                OS_MsgQFreeAll
 .text.OS_MsgQInit
                0x000073e0       0x2c ./kernel/source/os_msg.o
                0x000073e0                OS_MsgQInit
 .text.OSMutexCreate
                0x0000740c      0x114 ./kernel/source/os_mutex.o
                0x0000740c                OSMutexCreate
 .text.OSMutexPend
                0x00007520      0x48c ./kernel/source/os_mutex.o
                0x00007520                OSMutexPend
 .text.OSMutexPost
                0x000079ac      0x354 ./kernel/source/os_mutex.o
                0x000079ac                OSMutexPost
 .text.OS_MutexDbgListAdd
                0x00007d00       0x50 ./kernel/source/os_mutex.o
                0x00007d00                OS_MutexDbgListAdd
 .text.OS_MutexGrpAdd
                0x00007d50       0x24 ./kernel/source/os_mutex.o
                0x00007d50                OS_MutexGrpAdd
 .text.OS_MutexGrpRemove
                0x00007d74       0x3a ./kernel/source/os_mutex.o
                0x00007d74                OS_MutexGrpRemove
 .text.OS_MutexGrpPrioFindHighest
                0x00007dae       0x54 ./kernel/source/os_mutex.o
                0x00007dae                OS_MutexGrpPrioFindHighest
 .text.OS_MutexGrpPostAll
                0x00007e02       0x86 ./kernel/source/os_mutex.o
                0x00007e02                OS_MutexGrpPostAll
 .text.OS_PrioInit
                0x00007e88       0x34 ./kernel/source/os_prio.o
                0x00007e88                OS_PrioInit
 .text.OS_PrioGetHighest
                0x00007ebc       0x38 ./kernel/source/os_prio.o
                0x00007ebc                OS_PrioGetHighest
 .text.OS_PrioInsert
                0x00007ef4       0x50 ./kernel/source/os_prio.o
                0x00007ef4                OS_PrioInsert
 .text.OS_PrioRemove
                0x00007f44       0x54 ./kernel/source/os_prio.o
                0x00007f44                OS_PrioRemove
 .text.OSStatReset
                0x00007f98      0x144 ./kernel/source/os_stat.o
                0x00007f98                OSStatReset
 .text.OS_StatTask
                0x000080dc      0x2d4 ./kernel/source/os_stat.o
                0x000080dc                OS_StatTask
 .text.OS_StatTaskInit
                0x000083b0       0x78 ./kernel/source/os_stat.o
                0x000083b0                OS_StatTaskInit
 .text.OS_StatTickInit
                0x00008428       0x18 ./kernel/source/os_stat.o
                0x00008428                OS_StatTickInit
 .text.OS_StatIdleEnterNotify
                0x00008440       0x18 ./kernel/source/os_stat.o
                0x00008440                OS_StatIdleEnterNotify
 .text.OS_StatIdleExitNotify
                0x00008458       0x44 ./kernel/source/os_stat.o
                0x00008458                OS_StatIdleExitNotify
 .text.OSTaskCreate
                0x0000849c      0x4a8 ./kernel/source/os_task.o
                0x0000849c                OSTaskCreate
 .text.OSTaskDel
                0x00008944      0x2c8 ./kernel/source/os_task.o
                0x00008944                OSTaskDel
 .text.OSTaskStkChk
                0x00008c0c      0x1dc ./kernel/source/os_task.o
                0x00008c0c                OSTaskStkChk
 .text.OSTaskStkRedzoneChk
                0x00008de8       0x5c ./kernel/source/os_task.o
                0x00008de8                OSTaskStkRedzoneChk
 .text.OS_TaskDbgListAdd
                0x00008e44       0x4c ./kernel/source/os_task.o
                0x00008e44                OS_TaskDbgListAdd
 .text.OS_TaskDbgListRemove
                0x00008e90       0x84 ./kernel/source/os_task.o
                0x00008e90                OS_TaskDbgListRemove
 .text.OS_TaskInit
                0x00008f14       0x6c ./kernel/source/os_task.o
                0x00008f14                OS_TaskInit
 .text.OS_TaskInitTCB
                0x00008f80      0x1a4 ./kernel/source/os_task.o
                0x00008f80                OS_TaskInitTCB
 .text.OS_TaskReturn
                0x00009124       0x28 ./kernel/source/os_task.o
                0x00009124                OS_TaskReturn
 .text.OS_TaskStkRedzoneChk
                0x0000914c       0x44 ./kernel/source/os_task.o
                0x0000914c                OS_TaskStkRedzoneChk
 .text.OS_TaskStkRedzoneInit
                0x00009190       0x38 ./kernel/source/os_task.o
                0x00009190                OS_TaskStkRedzoneInit
 .text.OS_TaskChangePrio
                0x000091c8      0x178 ./kernel/source/os_task.o
                0x000091c8                OS_TaskChangePrio
 .text.OSTimeTickRateHzGet
                0x00009340       0x54 ./kernel/source/os_time.o
                0x00009340                OSTimeTickRateHzGet
 .text.OSTimeDly
                0x00009394      0x3c0 ./kernel/source/os_time.o
                0x00009394                OSTimeDly
 .text.OS_TmrInit
                0x00009754      0x104 ./kernel/source/os_tmr.o
                0x00009754                OS_TmrInit
 .text.OS_TmrUnlink
                0x00009858       0x80 ./kernel/source/os_tmr.o
                0x00009858                OS_TmrUnlink
 .text.OS_TmrTask
                0x000098d8       0xd4 ./kernel/source/os_tmr.o
                0x000098d8                OS_TmrTask
 .text.OS_TmrLock
                0x000099ac       0x28 ./kernel/source/os_tmr.o
 .text.OS_TmrUnlock
                0x000099d4       0x20 ./kernel/source/os_tmr.o
 .text          0x000099f4       0x18 ./ports/source/gnu/armv7m_cpu_a.o
                0x000099f4                CPU_CntLeadZeros
                0x000099fa                CPU_CntTrailZeros
                0x00009a04                CPU_RevBits
 .text          0x00009a0c      0x14c ./ports/source/gnu/armv7m_os_cpu_a.o
                0x00009a0c                OSStartHighRdy
                0x00009a8a                OSCtxSw
                0x00009a94                OSIntCtxSw
                0x00009a9e                PendSV_Handler
 .text.OSIdleContext
                0x00009b58        0xc ./ports/source/gnu/armv7m_os_cpu_c.o
                0x00009b58                OSIdleContext
 .text.OSInitHook
                0x00009b64       0x5c ./ports/source/gnu/armv7m_os_cpu_c.o
                0x00009b64                OSInitHook
 .text.OSRedzoneHitHook
                0x00009bc0       0x20 ./ports/source/gnu/armv7m_os_cpu_c.o
                0x00009bc0                OSRedzoneHitHook
 .text.OSStatTaskHook
                0x00009be0        0xe ./ports/source/gnu/armv7m_os_cpu_c.o
                0x00009be0                OSStatTaskHook
 .text.OSTaskCreateHook
                0x00009bee       0x14 ./ports/source/gnu/armv7m_os_cpu_c.o
                0x00009bee                OSTaskCreateHook
 .text.OSTaskDelHook
                0x00009c02       0x14 ./ports/source/gnu/armv7m_os_cpu_c.o
                0x00009c02                OSTaskDelHook
 .text.OSTaskReturnHook
                0x00009c16       0x14 ./ports/source/gnu/armv7m_os_cpu_c.o
                0x00009c16                OSTaskReturnHook
 *fill*         0x00009c2a        0x2 
 .text.OSTaskStkInit
                0x00009c2c      0x118 ./ports/source/gnu/armv7m_os_cpu_c.o
                0x00009c2c                OSTaskStkInit
 .text.OSTaskSwHook
                0x00009d44       0x6c ./ports/source/gnu/armv7m_os_cpu_c.o
                0x00009d44                OSTaskSwHook
 .text.sl_sleeptimer_init
                0x00009db0       0x94 ./service/sl_sleeptimer.o
                0x00009db0                sl_sleeptimer_init
 .text.sl_sleeptimer_start_timer
                0x00009e44       0x56 ./service/sl_sleeptimer.o
                0x00009e44                sl_sleeptimer_start_timer
 *fill*         0x00009e9a        0x2 
 .text.sl_sleeptimer_stop_timer
                0x00009e9c       0x7c ./service/sl_sleeptimer.o
                0x00009e9c                sl_sleeptimer_stop_timer
 .text.sl_sleeptimer_is_timer_running
                0x00009f18       0x6c ./service/sl_sleeptimer.o
                0x00009f18                sl_sleeptimer_is_timer_running
 .text.sl_sleeptimer_get_timer_time_remaining
                0x00009f84       0xb4 ./service/sl_sleeptimer.o
                0x00009f84                sl_sleeptimer_get_timer_time_remaining
 .text.sl_sleeptimer_get_tick_count
                0x0000a038       0x22 ./service/sl_sleeptimer.o
                0x0000a038                sl_sleeptimer_get_tick_count
 *fill*         0x0000a05a        0x2 
 .text.sl_sleeptimer_get_timer_frequency
                0x0000a05c       0x18 ./service/sl_sleeptimer.o
                0x0000a05c                sl_sleeptimer_get_timer_frequency
 .text.process_timer_irq
                0x0000a074      0x174 ./service/sl_sleeptimer.o
                0x0000a074                process_timer_irq
 .text.delta_list_insert_timer
                0x0000a1e8       0xbc ./service/sl_sleeptimer.o
 .text.delta_list_remove_timer
                0x0000a2a4       0x7c ./service/sl_sleeptimer.o
 .text.set_comparator_for_next_timer
                0x0000a320       0x30 ./service/sl_sleeptimer.o
 .text.update_first_timer_delta
                0x0000a350       0x70 ./service/sl_sleeptimer.o
 .text.create_timer
                0x0000a3c0       0x9c ./service/sl_sleeptimer.o
 .text.__NVIC_EnableIRQ
                0x0000a45c       0x3c ./service/sl_sleeptimer_hal_rtcc.o
 .text.__NVIC_ClearPendingIRQ
                0x0000a498       0x3c ./service/sl_sleeptimer_hal_rtcc.o
 .text.RTCC_ChannelCompareValueGet
                0x0000a4d4       0x38 ./service/sl_sleeptimer_hal_rtcc.o
 .text.RTCC_ChannelCompareValueSet
                0x0000a50c       0x3c ./service/sl_sleeptimer_hal_rtcc.o
 .text.RTCC_ChannelCCVGet
                0x0000a548       0x18 ./service/sl_sleeptimer_hal_rtcc.o
 .text.RTCC_ChannelCCVSet
                0x0000a560       0x1a ./service/sl_sleeptimer_hal_rtcc.o
 *fill*         0x0000a57a        0x2 
 .text.RTCC_CounterGet
                0x0000a57c       0x18 ./service/sl_sleeptimer_hal_rtcc.o
 .text.RTCC_CounterSet
                0x0000a594       0x20 ./service/sl_sleeptimer_hal_rtcc.o
 .text.RTCC_IntClear
                0x0000a5b4       0x20 ./service/sl_sleeptimer_hal_rtcc.o
 .text.RTCC_IntDisable
                0x0000a5d4       0x28 ./service/sl_sleeptimer_hal_rtcc.o
 .text.RTCC_IntEnable
                0x0000a5fc       0x24 ./service/sl_sleeptimer_hal_rtcc.o
 .text.RTCC_IntGet
                0x0000a620       0x18 ./service/sl_sleeptimer_hal_rtcc.o
 .text.SL_Log2ToDiv
                0x0000a638       0x2c ./service/sl_sleeptimer_hal_rtcc.o
 .text.CMU_PrescToLog2
                0x0000a664       0x54 ./service/sl_sleeptimer_hal_rtcc.o
 .text.sleeptimer_hal_init_timer
                0x0000a6b8       0x94 ./service/sl_sleeptimer_hal_rtcc.o
                0x0000a6b8                sleeptimer_hal_init_timer
 .text.sleeptimer_hal_get_counter
                0x0000a74c        0xe ./service/sl_sleeptimer_hal_rtcc.o
                0x0000a74c                sleeptimer_hal_get_counter
 .text.sleeptimer_hal_get_compare
                0x0000a75a       0x10 ./service/sl_sleeptimer_hal_rtcc.o
                0x0000a75a                sleeptimer_hal_get_compare
 *fill*         0x0000a76a        0x2 
 .text.sleeptimer_hal_set_compare
                0x0000a76c       0x9c ./service/sl_sleeptimer_hal_rtcc.o
                0x0000a76c                sleeptimer_hal_set_compare
 .text.sleeptimer_hal_enable_int
                0x0000a808       0x40 ./service/sl_sleeptimer_hal_rtcc.o
                0x0000a808                sleeptimer_hal_enable_int
 .text.sleeptimer_hal_disable_int
                0x0000a848       0x5c ./service/sl_sleeptimer_hal_rtcc.o
                0x0000a848                sleeptimer_hal_disable_int
 .text.RTCC_IRQHandler
                0x0000a8a4       0x5c ./service/sl_sleeptimer_hal_rtcc.o
                0x0000a8a4                RTCC_IRQHandler
 .text.sleeptimer_hal_get_timer_frequency
                0x0000a900       0x20 ./service/sl_sleeptimer_hal_rtcc.o
                0x0000a900                sleeptimer_hal_get_timer_frequency
 .text.get_time_diff
                0x0000a920       0x1c ./service/sl_sleeptimer_hal_rtcc.o
 .text.BUS_RegBitRead
                0x0000a93c       0x2a ./src/Source_Files/app.o
 .text.BUS_RegMaskedSet
                0x0000a966       0x24 ./src/Source_Files/app.o
 .text.BUS_RegMaskedClear
                0x0000a98a       0x24 ./src/Source_Files/app.o
 *fill*         0x0000a9ae        0x2 
 .text.GPIO_PinInGet
                0x0000a9b0       0xc8 ./src/Source_Files/app.o
 .text.GPIO_PinOutClear
                0x0000aa78       0xd0 ./src/Source_Files/app.o
 .text.GPIO_PinOutSet
                0x0000ab48       0xd0 ./src/Source_Files/app.o
 .text.app_peripheral_setup
                0x0000ac18       0x10 ./src/Source_Files/app.o
                0x0000ac18                app_peripheral_setup
 .text.samplePushButton_0
                0x0000ac28       0x28 ./src/Source_Files/app.o
                0x0000ac28                samplePushButton_0
 .text.samplePushButton_1
                0x0000ac50       0x28 ./src/Source_Files/app.o
                0x0000ac50                samplePushButton_1
 .text.sampleSliderPosition
                0x0000ac78       0xb0 ./src/Source_Files/app.o
                0x0000ac78                sampleSliderPosition
 .text.adjustLED
                0x0000ad28       0xf8 ./src/Source_Files/app.o
                0x0000ad28                adjustLED
 .text.__NVIC_EnableIRQ
                0x0000ae20       0x3c ./src/Source_Files/capsense.o
 .text.CAPSENSE_getPressed
                0x0000ae5c       0x4c ./src/Source_Files/capsense.o
                0x0000ae5c                CAPSENSE_getPressed
 .text.CAPSENSE_Measure
                0x0000aea8       0x88 ./src/Source_Files/capsense.o
 .text.CAPSENSE_Sense
                0x0000af30       0x54 ./src/Source_Files/capsense.o
                0x0000af30                CAPSENSE_Sense
 .text.CAPSENSE_Init
                0x0000af84       0xa0 ./src/Source_Files/capsense.o
                0x0000af84                CAPSENSE_Init
 .text.cmu_open
                0x0000b024       0x14 ./src/Source_Files/cmu.o
                0x0000b024                cmu_open
 .text.GPIO_IntConfig
                0x0000b038       0x36 ./src/Source_Files/gpio.o
 .text.gpio_open
                0x0000b06e       0x70 ./src/Source_Files/gpio.o
                0x0000b06e                gpio_open
 *fill*         0x0000b0de        0x2 
 .text.EMU_EnterEM1
                0x0000b0e0       0x20 ./src/main.o
 .text.main     0x0000b100       0x8c ./src/main.o
                0x0000b100                main
 .text.MainStartTask
                0x0000b18c      0x148 ./src/main.o
 .text.IdleTask
                0x0000b2d4       0x22 ./src/main.o
 .text.ButtonInputTask
                0x0000b2f6       0x26 ./src/main.o
 .text.SliderInputTask
                0x0000b31c       0x18 ./src/main.o
 .text.LedOutputTask
                0x0000b334       0x22 ./src/main.o
 *fill*         0x0000b356        0x2 
 .text          0x0000b358       0x30 c:/siliconlabs/simplicitystudio/v4/developer/toolchains/gnu_arm/7.2_2017q4/bin/../lib/gcc/arm-none-eabi/7.2.1/thumb/v7e-m/fpv4-sp/softfp\libgcc.a(_aeabi_uldivmod.o)
                0x0000b358                __aeabi_uldivmod
 .text          0x0000b388      0x2cc c:/siliconlabs/simplicitystudio/v4/developer/toolchains/gnu_arm/7.2_2017q4/bin/../lib/gcc/arm-none-eabi/7.2.1/thumb/v7e-m/fpv4-sp/softfp\libgcc.a(_udivmoddi4.o)
                0x0000b388                __udivmoddi4
 .text          0x0000b654        0x4 c:/siliconlabs/simplicitystudio/v4/developer/toolchains/gnu_arm/7.2_2017q4/bin/../lib/gcc/arm-none-eabi/7.2.1/thumb/v7e-m/fpv4-sp/softfp\libgcc.a(_dvmd_tls.o)
                0x0000b654                __aeabi_idiv0
                0x0000b654                __aeabi_ldiv0
 .text.exit     0x0000b658       0x28 c:/siliconlabs/simplicitystudio/v4/developer/toolchains/gnu_arm/7.2_2017q4/bin/../lib/gcc/arm-none-eabi/7.2.1/../../../../arm-none-eabi/lib/thumb/v7e-m/fpv4-sp/softfp\libc_nano.a(lib_a-exit.o)
                0x0000b658                exit
 .text.__libc_init_array
                0x0000b680       0x48 c:/siliconlabs/simplicitystudio/v4/developer/toolchains/gnu_arm/7.2_2017q4/bin/../lib/gcc/arm-none-eabi/7.2.1/../../../../arm-none-eabi/lib/thumb/v7e-m/fpv4-sp/softfp\libc_nano.a(lib_a-init.o)
                0x0000b680                __libc_init_array
 .text.memcpy   0x0000b6c8       0x16 c:/siliconlabs/simplicitystudio/v4/developer/toolchains/gnu_arm/7.2_2017q4/bin/../lib/gcc/arm-none-eabi/7.2.1/../../../../arm-none-eabi/lib/thumb/v7e-m/fpv4-sp/softfp\libc_nano.a(lib_a-memcpy-stub.o)
                0x0000b6c8                memcpy
 .text.memset   0x0000b6de       0x10 c:/siliconlabs/simplicitystudio/v4/developer/toolchains/gnu_arm/7.2_2017q4/bin/../lib/gcc/arm-none-eabi/7.2.1/../../../../arm-none-eabi/lib/thumb/v7e-m/fpv4-sp/softfp\libc_nano.a(lib_a-memset.o)
                0x0000b6de                memset
 .text.strcpy   0x0000b6ee       0x10 c:/siliconlabs/simplicitystudio/v4/developer/toolchains/gnu_arm/7.2_2017q4/bin/../lib/gcc/arm-none-eabi/7.2.1/../../../../arm-none-eabi/lib/thumb/v7e-m/fpv4-sp/softfp\libc_nano.a(lib_a-strcpy.o)
                0x0000b6ee                strcpy
 *fill*         0x0000b6fe        0x2 
 .text._exit    0x0000b700        0x4 c:/siliconlabs/simplicitystudio/v4/developer/toolchains/gnu_arm/7.2_2017q4/bin/../lib/gcc/arm-none-eabi/7.2.1/../../../../arm-none-eabi/lib/thumb/v7e-m/fpv4-sp/softfp\libnosys.a(_exit.o)
                0x0000b700                _exit
 *(.init)
 .init          0x0000b704        0x4 c:/siliconlabs/simplicitystudio/v4/developer/toolchains/gnu_arm/7.2_2017q4/bin/../lib/gcc/arm-none-eabi/7.2.1/thumb/v7e-m/fpv4-sp/softfp/crti.o
                0x0000b704                _init
 .init          0x0000b708        0x8 c:/siliconlabs/simplicitystudio/v4/developer/toolchains/gnu_arm/7.2_2017q4/bin/../lib/gcc/arm-none-eabi/7.2.1/thumb/v7e-m/fpv4-sp/softfp/crtn.o
 *(.fini)
 .fini          0x0000b710        0x4 c:/siliconlabs/simplicitystudio/v4/developer/toolchains/gnu_arm/7.2_2017q4/bin/../lib/gcc/arm-none-eabi/7.2.1/thumb/v7e-m/fpv4-sp/softfp/crti.o
                0x0000b710                _fini
 .fini          0x0000b714        0x8 c:/siliconlabs/simplicitystudio/v4/developer/toolchains/gnu_arm/7.2_2017q4/bin/../lib/gcc/arm-none-eabi/7.2.1/thumb/v7e-m/fpv4-sp/softfp/crtn.o
 *crtbegin.o(.ctors)
 *crtbegin?.o(.ctors)
 *(EXCLUDE_FILE(*crtend.o *crtend?.o) .ctors)
 *(SORT_BY_NAME(.ctors.*))
 *(.ctors)
 *crtbegin.o(.dtors)
 *crtbegin?.o(.dtors)
 *(EXCLUDE_FILE(*crtend.o *crtend?.o) .dtors)
 *(SORT_BY_NAME(.dtors.*))
 *(.dtors)
 *(.rodata*)
 .rodata.dcdcInit
                0x0000b71c       0x10 ./BSP/siliconlabs/generic/source/bsp_os.o
 .rodata        0x0000b72c       0x17 ./SystemView/SEGGER_RTT.o
 *fill*         0x0000b743        0x1 
 .rodata._abSync
                0x0000b744        0xa ./SystemView/SEGGER_SYSVIEW.o
 *fill*         0x0000b74e        0x2 
 .rodata        0x0000b750        0x8 ./SystemView/SEGGER_SYSVIEW.o
 .rodata        0x0000b758       0x41 ./SystemView/SEGGER_SYSVIEW_Config_MicriumOSKernel.o
 *fill*         0x0000b799        0x3 
 .rodata        0x0000b79c       0xa3 ./SystemView/SEGGER_SYSVIEW_MicriumOSKernel.o
 *fill*         0x0000b83f        0x1 
 .rodata.SYSVIEW_X_OS_TraceAPI
                0x0000b840        0x8 ./SystemView/SEGGER_SYSVIEW_MicriumOSKernel.o
                0x0000b840                SYSVIEW_X_OS_TraceAPI
 .rodata        0x0000b848       0x79 ./common/source/common/common.o
 *fill*         0x0000b8c1        0x3 
 .rodata.__func__.8538
                0x0000b8c4        0xc ./common/source/common/common.o
 .rodata        0x0000b8d0      0x105 ./common/source/kal/kal_kernel.o
 *fill*         0x0000b9d5        0x3 
 .rodata.__func__.8856
                0x0000b9d8        0x9 ./common/source/kal/kal_kernel.o
 *fill*         0x0000b9e1        0x3 
 .rodata        0x0000b9e4       0x77 ./common/source/lib/lib_mem.o
 *fill*         0x0000ba5b        0x1 
 .rodata.__func__.8643
                0x0000ba5c        0xb ./common/source/lib/lib_mem.o
 *fill*         0x0000ba67        0x1 
 .rodata.__func__.8709
                0x0000ba68       0x12 ./common/source/lib/lib_mem.o
 *fill*         0x0000ba7a        0x2 
 .rodata.__func__.8746
                0x0000ba7c       0x12 ./common/source/lib/lib_mem.o
 *fill*         0x0000ba8e        0x2 
 .rodata.__func__.8756
                0x0000ba90       0x13 ./common/source/lib/lib_mem.o
 *fill*         0x0000baa3        0x1 
 .rodata.__func__.8803
                0x0000baa4       0x15 ./common/source/lib/lib_mem.o
 *fill*         0x0000bab9        0x3 
 .rodata.__func__.8819
                0x0000babc       0x18 ./common/source/lib/lib_mem.o
 .rodata.__func__.8833
                0x0000bad4       0x1a ./common/source/lib/lib_mem.o
 *fill*         0x0000baee        0x2 
 .rodata        0x0000baf0       0xd5 ./common/source/platform_mgr/platform_mgr.o
 *fill*         0x0000bbc5        0x3 
 .rodata.__func__.8597
                0x0000bbc8       0x10 ./common/source/platform_mgr/platform_mgr.o
 .rodata        0x0000bbd8     0x2350 ./common/source/rtos/rtos_err_str.o
 .rodata.RTOS_ErrStrTbl
                0x0000df28      0x24c ./common/source/rtos/rtos_err_str.o
                0x0000df28                RTOS_ErrStrTbl
 .rodata.RTOS_ErrDescStrTbl
                0x0000e174      0x24c ./common/source/rtos/rtos_err_str.o
                0x0000e174                RTOS_ErrDescStrTbl
 .rodata        0x0000e3c0       0x71 ./cpu/source/cpu_core.o
 *fill*         0x0000e431        0x3 
 .rodata.__func__.8503
                0x0000e434       0x12 ./cpu/source/cpu_core.o
 *fill*         0x0000e446        0x2 
 .rodata        0x0000e448       0x13 ./emlib/em_acmp.o
 *fill*         0x0000e45b        0x1 
 .rodata        0x0000e45c      0x12f ./emlib/em_cmu.o
 *fill*         0x0000e58b        0x1 
 .rodata.flashWsTable
                0x0000e58c       0x28 ./emlib/em_cmu.o
 .rodata        0x0000e5b4       0x63 ./emlib/em_emu.o
 *fill*         0x0000e617        0x1 
 .rodata        0x0000e618       0xc8 ./emlib/em_gpio.o
 .rodata        0x0000e6e0       0x64 ./emlib/em_rtcc.o
 .rodata.OSCfg_StkSizeMin
                0x0000e744        0x4 ./kernel/source/os_cfg_app.o
                0x0000e744                OSCfg_StkSizeMin
 .rodata        0x0000e748       0xea ./kernel/source/os_core.o
 *fill*         0x0000e832        0x2 
 .rodata.__func__.9085
                0x0000e834        0x7 ./kernel/source/os_core.o
 *fill*         0x0000e83b        0x1 
 .rodata.__func__.9110
                0x0000e83c        0xc ./kernel/source/os_core.o
 .rodata.__func__.9117
                0x0000e848        0xe ./kernel/source/os_core.o
 *fill*         0x0000e856        0x2 
 .rodata.__func__.9140
                0x0000e858        0x8 ./kernel/source/os_core.o
 .rodata        0x0000e860       0x72 ./kernel/source/os_msg.o
 *fill*         0x0000e8d2        0x2 
 .rodata.__func__.9054
                0x0000e8d4        0xf ./kernel/source/os_msg.o
 *fill*         0x0000e8e3        0x1 
 .rodata        0x0000e8e4       0x7e ./kernel/source/os_mutex.o
 *fill*         0x0000e962        0x2 
 .rodata.__func__.9050
                0x0000e964        0xe ./kernel/source/os_mutex.o
 *fill*         0x0000e972        0x2 
 .rodata.__func__.9088
                0x0000e974        0xc ./kernel/source/os_mutex.o
 .rodata.__func__.9131
                0x0000e980        0xc ./kernel/source/os_mutex.o
 .rodata        0x0000e98c       0x87 ./kernel/source/os_stat.o
 *fill*         0x0000ea13        0x1 
 .rodata.__func__.9061
                0x0000ea14        0xc ./kernel/source/os_stat.o
 .rodata        0x0000ea20       0x7e ./kernel/source/os_task.o
 *fill*         0x0000ea9e        0x2 
 .rodata.__func__.9076
                0x0000eaa0        0xd ./kernel/source/os_task.o
 *fill*         0x0000eaad        0x3 
 .rodata.__func__.9099
                0x0000eab0        0xa ./kernel/source/os_task.o
 *fill*         0x0000eaba        0x2 
 .rodata.__func__.9312
                0x0000eabc        0xd ./kernel/source/os_task.o
 *fill*         0x0000eac9        0x3 
 .rodata.__func__.9362
                0x0000eacc        0xc ./kernel/source/os_task.o
 .rodata        0x0000ead8       0x73 ./kernel/source/os_time.o
 *fill*         0x0000eb4b        0x1 
 .rodata.__func__.9047
                0x0000eb4c       0x14 ./kernel/source/os_time.o
 .rodata.__func__.9056
                0x0000eb60        0xa ./kernel/source/os_time.o
 *fill*         0x0000eb6a        0x2 
 .rodata        0x0000eb6c       0xa0 ./kernel/source/os_tmr.o
 .rodata        0x0000ec0c      0x143 ./service/sl_sleeptimer_hal_rtcc.o
 *fill*         0x0000ed4f        0x1 
 .rodata        0x0000ed50       0x64 ./src/Source_Files/app.o
 .rodata.channelList
                0x0000edb4        0x4 ./src/Source_Files/capsense.o
 .rodata        0x0000edb8       0x18 ./src/Source_Files/capsense.o
 .rodata        0x0000edd0       0x52 ./src/main.o
 *fill*         0x0000ee22        0x2 
 .rodata._global_impure_ptr
                0x0000ee24        0x4 c:/siliconlabs/simplicitystudio/v4/developer/toolchains/gnu_arm/7.2_2017q4/bin/../lib/gcc/arm-none-eabi/7.2.1/../../../../arm-none-eabi/lib/thumb/v7e-m/fpv4-sp/softfp\libc_nano.a(lib_a-impure.o)
                0x0000ee24                _global_impure_ptr
 *(.eh_frame*)
 .eh_frame      0x0000ee28        0x0 c:/siliconlabs/simplicitystudio/v4/developer/toolchains/gnu_arm/7.2_2017q4/bin/../lib/gcc/arm-none-eabi/7.2.1/thumb/v7e-m/fpv4-sp/softfp/crtbegin.o
 .eh_frame      0x0000ee28        0x4 c:/siliconlabs/simplicitystudio/v4/developer/toolchains/gnu_arm/7.2_2017q4/bin/../lib/gcc/arm-none-eabi/7.2.1/thumb/v7e-m/fpv4-sp/softfp/crtend.o

.glue_7         0x0000ee2c        0x0
 .glue_7        0x0000ee2c        0x0 linker stubs

.glue_7t        0x0000ee2c        0x0
 .glue_7t       0x0000ee2c        0x0 linker stubs

.vfp11_veneer   0x0000ee2c        0x0
 .vfp11_veneer  0x0000ee2c        0x0 linker stubs

.v4_bx          0x0000ee2c        0x0
 .v4_bx         0x0000ee2c        0x0 linker stubs

.iplt           0x0000ee2c        0x0
 .iplt          0x0000ee2c        0x0 c:/siliconlabs/simplicitystudio/v4/developer/toolchains/gnu_arm/7.2_2017q4/bin/../lib/gcc/arm-none-eabi/7.2.1/thumb/v7e-m/fpv4-sp/softfp/crtbegin.o

.ARM.extab
 *(.ARM.extab* .gnu.linkonce.armextab.*)
                0x0000ee2c                __exidx_start = .

.ARM.exidx      0x0000ee2c        0x8
 *(.ARM.exidx* .gnu.linkonce.armexidx.*)
 .ARM.exidx     0x0000ee2c        0x8 c:/siliconlabs/simplicitystudio/v4/developer/toolchains/gnu_arm/7.2_2017q4/bin/../lib/gcc/arm-none-eabi/7.2.1/../../../../arm-none-eabi/lib/thumb/v7e-m/fpv4-sp/softfp/crt0.o
 .ARM.exidx     0x0000ee34        0x0 c:/siliconlabs/simplicitystudio/v4/developer/toolchains/gnu_arm/7.2_2017q4/bin/../lib/gcc/arm-none-eabi/7.2.1/thumb/v7e-m/fpv4-sp/softfp\libgcc.a(_udivmoddi4.o)
                                  0x8 (size before relaxing)
                0x0000ee34                __exidx_end = .
                0x0000ee34                __etext = .

.rel.dyn        0x0000ee34        0x0
 .rel.iplt      0x0000ee34        0x0 c:/siliconlabs/simplicitystudio/v4/developer/toolchains/gnu_arm/7.2_2017q4/bin/../lib/gcc/arm-none-eabi/7.2.1/thumb/v7e-m/fpv4-sp/softfp/crtbegin.o

.data           0x20000000      0x124 load address 0x0000ee34
                0x20000000                __data_start__ = .
 *(vtable)
 *(.data*)
 .data.SystemHFXOClock
                0x20000000        0x4 ./CMSIS/EFM32PG12B/system_efm32pg12b.o
 .data.SystemLFXOClock
                0x20000004        0x4 ./CMSIS/EFM32PG12B/system_efm32pg12b.o
 .data.SystemCoreClock
                0x20000008        0x4 ./CMSIS/EFM32PG12B/system_efm32pg12b.o
                0x20000008                SystemCoreClock
 .data.SystemHfrcoFreq
                0x2000000c        0x4 ./CMSIS/EFM32PG12B/system_efm32pg12b.o
                0x2000000c                SystemHfrcoFreq
 .data.Mem_SegHeap
                0x20000010       0x14 ./common/source/lib/lib_mem.o
                0x20000010                Mem_SegHeap
 .data.PlatformMgr_InitCfg
                0x20000024        0x8 ./common/source/platform_mgr/platform_mgr.o
 .data.auxHfrcoFreq
                0x2000002c        0x4 ./emlib/em_cmu.o
 .data.OS_InitCfg
                0x20000030       0x38 ./kernel/source/os_core.o
 .data.OSDbg_DbgEn
                0x20000068        0x1 ./kernel/source/os_dbg.o
                0x20000068                OSDbg_DbgEn
 .data.OSDbg_ArgChkEn
                0x20000069        0x1 ./kernel/source/os_dbg.o
                0x20000069                OSDbg_ArgChkEn
 *fill*         0x2000006a        0x2 
 .data.OSDbg_EndiannessTest
                0x2000006c        0x4 ./kernel/source/os_dbg.o
                0x2000006c                OSDbg_EndiannessTest
 .data.OSDbg_FlagEn
                0x20000070        0x1 ./kernel/source/os_dbg.o
                0x20000070                OSDbg_FlagEn
 *fill*         0x20000071        0x1 
 .data.OSDbg_FlagGrpSize
                0x20000072        0x2 ./kernel/source/os_dbg.o
                0x20000072                OSDbg_FlagGrpSize
 .data.OSDbg_FlagWidth
                0x20000074        0x2 ./kernel/source/os_dbg.o
                0x20000074                OSDbg_FlagWidth
 .data.OSDbg_MsgEn
                0x20000076        0x1 ./kernel/source/os_dbg.o
                0x20000076                OSDbg_MsgEn
 *fill*         0x20000077        0x1 
 .data.OSDbg_MsgSize
                0x20000078        0x2 ./kernel/source/os_dbg.o
                0x20000078                OSDbg_MsgSize
 .data.OSDbg_MsgPoolSize
                0x2000007a        0x2 ./kernel/source/os_dbg.o
                0x2000007a                OSDbg_MsgPoolSize
 .data.OSDbg_MsgQSize
                0x2000007c        0x2 ./kernel/source/os_dbg.o
                0x2000007c                OSDbg_MsgQSize
 .data.OSDbg_MutexEn
                0x2000007e        0x1 ./kernel/source/os_dbg.o
                0x2000007e                OSDbg_MutexEn
 *fill*         0x2000007f        0x1 
 .data.OSDbg_MutexSize
                0x20000080        0x2 ./kernel/source/os_dbg.o
                0x20000080                OSDbg_MutexSize
 .data.OSDbg_PendListSize
                0x20000082        0x2 ./kernel/source/os_dbg.o
                0x20000082                OSDbg_PendListSize
 .data.OSDbg_PendObjSize
                0x20000084        0x2 ./kernel/source/os_dbg.o
                0x20000084                OSDbg_PendObjSize
 .data.OSDbg_PrioMax
                0x20000086        0x2 ./kernel/source/os_dbg.o
                0x20000086                OSDbg_PrioMax
 .data.OSDbg_PrioTblSize
                0x20000088        0x2 ./kernel/source/os_dbg.o
                0x20000088                OSDbg_PrioTblSize
 .data.OSDbg_PtrSize
                0x2000008a        0x2 ./kernel/source/os_dbg.o
                0x2000008a                OSDbg_PtrSize
 .data.OSDbg_QEn
                0x2000008c        0x1 ./kernel/source/os_dbg.o
                0x2000008c                OSDbg_QEn
 *fill*         0x2000008d        0x1 
 .data.OSDbg_QSize
                0x2000008e        0x2 ./kernel/source/os_dbg.o
                0x2000008e                OSDbg_QSize
 .data.OSDbg_SchedRoundRobinEn
                0x20000090        0x1 ./kernel/source/os_dbg.o
                0x20000090                OSDbg_SchedRoundRobinEn
 .data.OSDbg_SemEn
                0x20000091        0x1 ./kernel/source/os_dbg.o
                0x20000091                OSDbg_SemEn
 .data.OSDbg_SemSize
                0x20000092        0x2 ./kernel/source/os_dbg.o
                0x20000092                OSDbg_SemSize
 .data.OSDbg_RdyList
                0x20000094        0x2 ./kernel/source/os_dbg.o
                0x20000094                OSDbg_RdyList
 *fill*         0x20000096        0x2 
 .data.OSDbg_RdyListSize
                0x20000098        0x4 ./kernel/source/os_dbg.o
                0x20000098                OSDbg_RdyListSize
 .data.OSDbg_StkWidth
                0x2000009c        0x1 ./kernel/source/os_dbg.o
                0x2000009c                OSDbg_StkWidth
 .data.OSDbg_StatTaskEn
                0x2000009d        0x1 ./kernel/source/os_dbg.o
                0x2000009d                OSDbg_StatTaskEn
 .data.OSDbg_StatTaskStkChkEn
                0x2000009e        0x1 ./kernel/source/os_dbg.o
                0x2000009e                OSDbg_StatTaskStkChkEn
 .data.OSDbg_TaskChangePrioEn
                0x2000009f        0x1 ./kernel/source/os_dbg.o
                0x2000009f                OSDbg_TaskChangePrioEn
 .data.OSDbg_TaskDelEn
                0x200000a0        0x1 ./kernel/source/os_dbg.o
                0x200000a0                OSDbg_TaskDelEn
 .data.OSDbg_TaskQEn
                0x200000a1        0x1 ./kernel/source/os_dbg.o
                0x200000a1                OSDbg_TaskQEn
 .data.OSDbg_TaskProfileEn
                0x200000a2        0x1 ./kernel/source/os_dbg.o
                0x200000a2                OSDbg_TaskProfileEn
 *fill*         0x200000a3        0x1 
 .data.OSDbg_TaskRegTblSize
                0x200000a4        0x2 ./kernel/source/os_dbg.o
                0x200000a4                OSDbg_TaskRegTblSize
 .data.OSDbg_TaskSuspendEn
                0x200000a6        0x1 ./kernel/source/os_dbg.o
                0x200000a6                OSDbg_TaskSuspendEn
 *fill*         0x200000a7        0x1 
 .data.OSDbg_TCBSize
                0x200000a8        0x2 ./kernel/source/os_dbg.o
                0x200000a8                OSDbg_TCBSize
 .data.OSDbg_TickListSize
                0x200000aa        0x2 ./kernel/source/os_dbg.o
                0x200000aa                OSDbg_TickListSize
 .data.OSDbg_TmrEn
                0x200000ac        0x1 ./kernel/source/os_dbg.o
                0x200000ac                OSDbg_TmrEn
 *fill*         0x200000ad        0x1 
 .data.OSDbg_TmrSize
                0x200000ae        0x2 ./kernel/source/os_dbg.o
                0x200000ae                OSDbg_TmrSize
 .data.OSDbg_VersionNbr
                0x200000b0        0x2 ./kernel/source/os_dbg.o
                0x200000b0                OSDbg_VersionNbr
 *fill*         0x200000b2        0x2 
 .data.OSDbg_DataSize
                0x200000b4        0x4 ./kernel/source/os_dbg.o
                0x200000b4                OSDbg_DataSize
 .data.cc_disabled
                0x200000b8        0x1 ./service/sl_sleeptimer_hal_rtcc.o
 *fill*         0x200000b9        0x3 
 .data.impure_data
                0x200000bc       0x60 c:/siliconlabs/simplicitystudio/v4/developer/toolchains/gnu_arm/7.2_2017q4/bin/../lib/gcc/arm-none-eabi/7.2.1/../../../../arm-none-eabi/lib/thumb/v7e-m/fpv4-sp/softfp\libc_nano.a(lib_a-impure.o)
                0x2000011c                . = ALIGN (0x4)
                [!provide]                PROVIDE (__ram_func_section_start, .)
 *(.ram)
                [!provide]                PROVIDE (__ram_func_section_end, .)
                0x2000011c                . = ALIGN (0x4)
                0x2000011c                PROVIDE (__preinit_array_start, .)
 *(.preinit_array)
                0x2000011c                PROVIDE (__preinit_array_end, .)
                0x2000011c                . = ALIGN (0x4)
                0x2000011c                PROVIDE (__init_array_start, .)
 *(SORT_BY_NAME(.init_array.*))
 *(.init_array)
 .init_array    0x2000011c        0x4 c:/siliconlabs/simplicitystudio/v4/developer/toolchains/gnu_arm/7.2_2017q4/bin/../lib/gcc/arm-none-eabi/7.2.1/thumb/v7e-m/fpv4-sp/softfp/crtbegin.o
                0x20000120                PROVIDE (__init_array_end, .)
                0x20000120                . = ALIGN (0x4)
                [!provide]                PROVIDE (__fini_array_start, .)
 *(SORT_BY_NAME(.fini_array.*))
 *(.fini_array)
 .fini_array    0x20000120        0x4 c:/siliconlabs/simplicitystudio/v4/developer/toolchains/gnu_arm/7.2_2017q4/bin/../lib/gcc/arm-none-eabi/7.2.1/thumb/v7e-m/fpv4-sp/softfp/crtbegin.o
                [!provide]                PROVIDE (__fini_array_end, .)
 *(.jcr*)
                0x20000124                . = ALIGN (0x4)
                0x20000124                __data_end__ = .

.igot.plt       0x20000124        0x0 load address 0x0000ef58
 .igot.plt      0x20000124        0x0 c:/siliconlabs/simplicitystudio/v4/developer/toolchains/gnu_arm/7.2_2017q4/bin/../lib/gcc/arm-none-eabi/7.2.1/thumb/v7e-m/fpv4-sp/softfp/crtbegin.o

.bss            0x20000124     0xa8bc load address 0x0000ef58
                0x20000124                . = ALIGN (0x4)
                0x20000124                __bss_start__ = .
 *(.bss*)
 .bss           0x20000124       0x1c c:/siliconlabs/simplicitystudio/v4/developer/toolchains/gnu_arm/7.2_2017q4/bin/../lib/gcc/arm-none-eabi/7.2.1/thumb/v7e-m/fpv4-sp/softfp/crtbegin.o
 .bss._acUpBuffer
                0x20000140      0x400 ./SystemView/SEGGER_RTT.o
 .bss._acDownBuffer
                0x20000540       0x10 ./SystemView/SEGGER_RTT.o
 .bss._UpBuffer
                0x20000550     0x4000 ./SystemView/SEGGER_SYSVIEW.o
 .bss._DownBuffer
                0x20004550        0x8 ./SystemView/SEGGER_SYSVIEW.o
 .bss._SYSVIEW_Globals
                0x20004558       0x28 ./SystemView/SEGGER_SYSVIEW.o
 .bss._pFirstModule
                0x20004580        0x4 ./SystemView/SEGGER_SYSVIEW.o
 .bss._NumModules
                0x20004584        0x1 ./SystemView/SEGGER_SYSVIEW.o
 *fill*         0x20004585        0x3 
 .bss._aPacket  0x20004588       0xe3 ./SystemView/SEGGER_SYSVIEW.o
 *fill*         0x2000466b        0x1 
 .bss._aTasks   0x2000466c      0x280 ./SystemView/SEGGER_SYSVIEW_MicriumOSKernel.o
 .bss._NumTasks
                0x200048ec        0x4 ./SystemView/SEGGER_SYSVIEW_MicriumOSKernel.o
 .bss._aResources
                0x200048f0      0xc00 ./SystemView/SEGGER_SYSVIEW_MicriumOSKernel.o
 .bss._NumResources
                0x200054f0        0x4 ./SystemView/SEGGER_SYSVIEW_MicriumOSKernel.o
 .bss.Common_IsInit
                0x200054f4        0x1 ./common/source/common/common.o
 *fill*         0x200054f5        0x3 
 .bss.Common_InitCfg
                0x200054f8        0x4 ./common/source/common/common.o
 .bss.KAL_DataPtr
                0x200054fc        0x4 ./common/source/kal/kal_kernel.o
 .bss.Math_RandSeedCur
                0x20005500        0x4 ./common/source/lib/lib_math.o
 .bss.PlatformMgrPtr
                0x20005504        0x4 ./common/source/platform_mgr/platform_mgr.o
 .bss.dcdcMaxCurrent_mA
                0x20005508        0x2 ./emlib/em_emu.o
 .bss.dcdcEm01LoadCurrent_mA
                0x2000550a        0x2 ./emlib/em_emu.o
 .bss.dcdcReverseCurrentControl
                0x2000550c        0x2 ./emlib/em_emu.o
 *fill*         0x2000550e        0x2 
 .bss.vScaleEM01Config
                0x20005510        0x1 ./emlib/em_emu.o
 *fill*         0x20005511        0x3 
 .bss.OSCfg_ISRStkBasePtr
                0x20005514        0x4 ./kernel/source/os_cfg_app.o
                0x20005514                OSCfg_ISRStkBasePtr
 .bss.OSCfg_ISRStkSize
                0x20005518        0x4 ./kernel/source/os_cfg_app.o
                0x20005518                OSCfg_ISRStkSize
 .bss.OSCfg_ISRStkSizeRAM
                0x2000551c        0x4 ./kernel/source/os_cfg_app.o
                0x2000551c                OSCfg_ISRStkSizeRAM
 .bss.OSCfg_MsgPoolBasePtr
                0x20005520        0x4 ./kernel/source/os_cfg_app.o
                0x20005520                OSCfg_MsgPoolBasePtr
 .bss.OSCfg_MsgPoolSize
                0x20005524        0x2 ./kernel/source/os_cfg_app.o
                0x20005524                OSCfg_MsgPoolSize
 *fill*         0x20005526        0x2 
 .bss.OSCfg_MsgPoolSizeRAM
                0x20005528        0x4 ./kernel/source/os_cfg_app.o
                0x20005528                OSCfg_MsgPoolSizeRAM
 .bss.OSCfg_StatTaskPrio
                0x2000552c        0x1 ./kernel/source/os_cfg_app.o
                0x2000552c                OSCfg_StatTaskPrio
 *fill*         0x2000552d        0x3 
 .bss.OSCfg_StatTaskRate_Hz
                0x20005530        0x4 ./kernel/source/os_cfg_app.o
                0x20005530                OSCfg_StatTaskRate_Hz
 .bss.OSCfg_StatTaskStkBasePtr
                0x20005534        0x4 ./kernel/source/os_cfg_app.o
                0x20005534                OSCfg_StatTaskStkBasePtr
 .bss.OSCfg_StatTaskStkLimit
                0x20005538        0x4 ./kernel/source/os_cfg_app.o
                0x20005538                OSCfg_StatTaskStkLimit
 .bss.OSCfg_StatTaskStkSize
                0x2000553c        0x4 ./kernel/source/os_cfg_app.o
                0x2000553c                OSCfg_StatTaskStkSize
 .bss.OSCfg_StatTaskStkSizeRAM
                0x20005540        0x4 ./kernel/source/os_cfg_app.o
                0x20005540                OSCfg_StatTaskStkSizeRAM
 .bss.OSCfg_TmrTaskPrio
                0x20005544        0x1 ./kernel/source/os_cfg_app.o
                0x20005544                OSCfg_TmrTaskPrio
 *fill*         0x20005545        0x3 
 .bss.OSCfg_TmrTaskRate_Hz
                0x20005548        0x4 ./kernel/source/os_cfg_app.o
                0x20005548                OSCfg_TmrTaskRate_Hz
 .bss.OSCfg_TmrTaskStkBasePtr
                0x2000554c        0x4 ./kernel/source/os_cfg_app.o
                0x2000554c                OSCfg_TmrTaskStkBasePtr
 .bss.OSCfg_TmrTaskStkLimit
                0x20005550        0x4 ./kernel/source/os_cfg_app.o
                0x20005550                OSCfg_TmrTaskStkLimit
 .bss.OSCfg_TmrTaskStkSize
                0x20005554        0x4 ./kernel/source/os_cfg_app.o
                0x20005554                OSCfg_TmrTaskStkSize
 .bss.OSCfg_TmrTaskStkSizeRAM
                0x20005558        0x4 ./kernel/source/os_cfg_app.o
                0x20005558                OSCfg_TmrTaskStkSizeRAM
 .bss.OSCfg_TickRate_Hz
                0x2000555c        0x4 ./kernel/source/os_cfg_app.o
                0x2000555c                OSCfg_TickRate_Hz
 .bss.OSCfg_DataSizeRAM
                0x20005560        0x4 ./kernel/source/os_cfg_app.o
                0x20005560                OSCfg_DataSizeRAM
 .bss.OSDelayMaxMilli
                0x20005564        0x4 ./kernel/source/os_core.o
                0x20005564                OSDelayMaxMilli
 .bss.OSDelayMaxTick
                0x20005568        0x4 ./kernel/source/os_core.o
                0x20005568                OSDelayMaxTick
 .bss.OSDbg_AppHooksEn
                0x2000556c        0x1 ./kernel/source/os_dbg.o
                0x2000556c                OSDbg_AppHooksEn
 *fill*         0x2000556d        0x3 
 .bss.OSDbg_FlagGrp
                0x20005570       0x2c ./kernel/source/os_dbg.o
                0x20005570                OSDbg_FlagGrp
 .bss.OSDbg_FlagModeClrEn
                0x2000559c        0x1 ./kernel/source/os_dbg.o
                0x2000559c                OSDbg_FlagModeClrEn
 *fill*         0x2000559d        0x3 
 .bss.OSDbg_Mutex
                0x200055a0       0x34 ./kernel/source/os_dbg.o
                0x200055a0                OSDbg_Mutex
 .bss.OSDbg_Q   0x200055d4       0x30 ./kernel/source/os_dbg.o
                0x200055d4                OSDbg_Q
 .bss.OSDbg_Sem
                0x20005604       0x2c ./kernel/source/os_dbg.o
                0x20005604                OSDbg_Sem
 .bss.OSDbg_Tmr
                0x20005630       0x30 ./kernel/source/os_dbg.o
                0x20005630                OSDbg_Tmr
 .bss.OSIdleCPUUsage
                0x20005660        0x2 ./kernel/source/os_stat.o
                0x20005660                OSIdleCPUUsage
 *fill*         0x20005662        0x2 
 .bss.OSIdleTotalTick
                0x20005664        0x4 ./kernel/source/os_stat.o
 .bss.OSStatStartTick
                0x20005668        0x4 ./kernel/source/os_stat.o
 .bss.OSIdleStartTick
                0x2000566c        0x4 ./kernel/source/os_stat.o
 .bss.overflow_counter
                0x20005670        0x2 ./service/sl_sleeptimer.o
 *fill*         0x20005672        0x2 
 .bss.timer_frequency
                0x20005674        0x4 ./service/sl_sleeptimer.o
 .bss.timer_head
                0x20005678        0x4 ./service/sl_sleeptimer.o
 .bss.last_delta_update_count
                0x2000567c        0x4 ./service/sl_sleeptimer.o
 .bss.is_sleeptimer_initialized
                0x20005680        0x1 ./service/sl_sleeptimer.o
 *fill*         0x20005681        0x3 
 .bss.max_millisecond_conversion
                0x20005684        0x4 ./service/sl_sleeptimer.o
 .bss.pushButton_0_pressed
                0x20005688        0x1 ./src/Source_Files/app.o
 .bss.pushButton_1_pressed
                0x20005689        0x1 ./src/Source_Files/app.o
 .bss.touchSliderPositionLeft
                0x2000568a        0x1 ./src/Source_Files/app.o
 .bss.touchSliderPositionRight
                0x2000568b        0x1 ./src/Source_Files/app.o
 .bss.currentChannel
                0x2000568c        0x1 ./src/Source_Files/capsense.o
 *fill*         0x2000568d        0x3 
 .bss.channelValues
                0x20005690       0x10 ./src/Source_Files/capsense.o
 .bss.channelMaxValues
                0x200056a0       0x10 ./src/Source_Files/capsense.o
 .bss.MainStartTaskStk
                0x200056b0      0x800 ./src/main.o
 .bss.MainStartTaskTCB
                0x20005eb0       0xf4 ./src/main.o
 .bss.ButtonInputTaskStk
                0x20005fa4      0x800 ./src/main.o
 .bss.ButtonInputTaskTCB
                0x200067a4       0xf4 ./src/main.o
 .bss.SliderInputTaskStk
                0x20006898      0x800 ./src/main.o
 .bss.SliderInputTaskTCB
                0x20007098       0xf4 ./src/main.o
 .bss.LedOutputTaskStk
                0x2000718c      0x800 ./src/main.o
 .bss.LedOutputTaskTCB
                0x2000798c       0xf4 ./src/main.o
 .bss.IdleTaskStk
                0x20007a80      0x800 ./src/main.o
 .bss.IdleTaskTCB
                0x20008280       0xf4 ./src/main.o
 *(COMMON)
 COMMON         0x20008374       0x78 ./SystemView/SEGGER_RTT.o
                0x20008374                _SEGGER_RTT
 COMMON         0x200083ec       0x18 ./SystemView/SEGGER_SYSVIEW_Config_MicriumOSKernel.o
                0x200083ec                local_err
 COMMON         0x20008404     0x2004 ./common/source/lib/lib_mem.o
                0x20008404                Mem_SegHeadPtr
                0x20008408                Mem_Heap
 COMMON         0x2000a408        0x4 ./cpu/source/cpu_core.o
                0x2000a408                CPU_TS_TmrFreq_Hz
 COMMON         0x2000a40c       0x10 ./kernel/source/os_cfg_app.o
                0x2000a40c                OSCfg_StatTaskStk
                0x2000a410                OSCfg_MsgPool
                0x2000a414                OSCfg_TmrTaskStk
                0x2000a418                OSCfg_ISRStk
 COMMON         0x2000a41c       0x1c ./kernel/source/os_core.o
                0x2000a41c                OSRoundRobinTimer
                0x2000a434                OSRoundRobinCurTCB
 COMMON         0x2000a438        0x8 ./kernel/source/os_prio.o
                0x2000a438                OSPrioTbl
 COMMON         0x2000a440      0x59c ./kernel/source/os_var.o
                0x2000a440                OSSchedLockNestingCtr
                0x2000a444                OSStatTaskTimeMax
                0x2000a448                OSTaskRegNextAvailID
                0x2000a449                OSRunning
                0x2000a44c                OSRdyList
                0x2000a74c                OSInitialized
                0x2000a74e                OSMonQty
                0x2000a750                OSPrioHighRdy
                0x2000a751                OSStatTaskRdy
                0x2000a754                OSSemDbgListPtr
                0x2000a758                OSPrioCur
                0x2000a75c                OSTmrTickCtr
                0x2000a760                OSTCBCurPtr
                0x2000a764                OSQQty
                0x2000a766                OSStatTaskCPUUsageMax
                0x2000a768                OSTCBHighRdyPtr
                0x2000a76c                OSTaskDbgListPtr
                0x2000a770                OSTmrTaskTimeMax
                0x2000a774                OSTaskCtxSwCtr
                0x2000a778                OSStatTaskCPUUsage
                0x2000a77a                OSTaskQty
                0x2000a77c                OSTmrTaskTCB
                0x2000a870                OSMsgPool
                0x2000a87c                OSQDbgListPtr
                0x2000a880                OSSemQty
                0x2000a884                OSSchedRoundRobinDfltTimeQuanta
                0x2000a888                OSMonDbgListPtr
                0x2000a88c                OSTmrMutex
                0x2000a8c0                OSTmrQty
                0x2000a8c2                OSFlagQty
                0x2000a8c4                OSFlagDbgListPtr
                0x2000a8c8                OSStatResetFlag
                0x2000a8ca                OSMutexQty
                0x2000a8cc                OSStatTaskTCB
                0x2000a9c0                OSTmrListPtr
                0x2000a9c4                OSTmrDbgListPtr
                0x2000a9c8                OSTmrListEntries
                0x2000a9cc                OSTmrUpdateCnt
                0x2000a9d0                OSSchedRoundRobinEn
                0x2000a9d4                OSMutexDbgListPtr
                0x2000a9d8                OSTmrUpdateCtr
 COMMON         0x2000a9dc        0x4 ./ports/source/gnu/armv7m_os_cpu_c.o
                0x2000a9dc                OS_CPU_ExceptStkBase
                0x2000a9e0                . = ALIGN (0x4)
                0x2000a9e0                __bss_end__ = .

.heap           0x2000a9e0      0xc00
                0x2000a9e0                __HeapBase = .
                0x2000a9e0                __end__ = .
                0x2000a9e0                end = __end__
                0x2000a9e0                _end = __end__
 *(.heap*)
 .heap          0x2000a9e0      0xc00 ./CMSIS/EFM32PG12B/startup_efm32pg12b.o
                0x2000b5e0                __HeapLimit = .

.stack_dummy    0x2000a9e0      0x400
 *(.stack*)
 .stack         0x2000a9e0      0x400 ./CMSIS/EFM32PG12B/startup_efm32pg12b.o
                0x20040000                __StackTop = (ORIGIN (RAM) + LENGTH (RAM))
                0x2003fc00                __StackLimit = (__StackTop - SIZEOF (.stack_dummy))
                0x20040000                PROVIDE (__stack, __StackTop)
                0x00000001                ASSERT ((__StackLimit >= __HeapLimit), region RAM overflowed with stack)
                0x00000001                ASSERT ((LENGTH (FLASH) >= (__etext + SIZEOF (.data))), FLASH memory overflowed !)
OUTPUT(RTOS_Lab3_Tasks.axf elf32-littlearm)

.ARM.attributes
                0x00000000       0x2e
 .ARM.attributes
                0x00000000       0x22 c:/siliconlabs/simplicitystudio/v4/developer/toolchains/gnu_arm/7.2_2017q4/bin/../lib/gcc/arm-none-eabi/7.2.1/thumb/v7e-m/fpv4-sp/softfp/crti.o
 .ARM.attributes
                0x00000022       0x32 c:/siliconlabs/simplicitystudio/v4/developer/toolchains/gnu_arm/7.2_2017q4/bin/../lib/gcc/arm-none-eabi/7.2.1/thumb/v7e-m/fpv4-sp/softfp/crtbegin.o
 .ARM.attributes
                0x00000054       0x20 c:/siliconlabs/simplicitystudio/v4/developer/toolchains/gnu_arm/7.2_2017q4/bin/../lib/gcc/arm-none-eabi/7.2.1/../../../../arm-none-eabi/lib/thumb/v7e-m/fpv4-sp/softfp/crt0.o
 .ARM.attributes
                0x00000074       0x37 ./BSP/siliconlabs/generic/source/bsp_cpu.o
 .ARM.attributes
                0x000000ab       0x37 ./BSP/siliconlabs/generic/source/bsp_os.o
 .ARM.attributes
                0x000000e2       0x1f ./CMSIS/EFM32PG12B/startup_efm32pg12b.o
 .ARM.attributes
                0x00000101       0x37 ./CMSIS/EFM32PG12B/system_efm32pg12b.o
 .ARM.attributes
                0x00000138       0x37 ./SystemView/SEGGER_RTT.o
 .ARM.attributes
                0x0000016f       0x25 ./SystemView/SEGGER_RTT_ASM_ARMv7M.o
 .ARM.attributes
                0x00000194       0x37 ./SystemView/SEGGER_SYSVIEW.o
 .ARM.attributes
                0x000001cb       0x37 ./SystemView/SEGGER_SYSVIEW_Config_MicriumOSKernel.o
 .ARM.attributes
                0x00000202       0x37 ./SystemView/SEGGER_SYSVIEW_MicriumOSKernel.o
 .ARM.attributes
                0x00000239       0x37 ./common/source/collections/slist.o
 .ARM.attributes
                0x00000270       0x37 ./common/source/common/common.o
 .ARM.attributes
                0x000002a7       0x37 ./common/source/kal/kal_kernel.o
 .ARM.attributes
                0x000002de       0x37 ./common/source/lib/lib_math.o
 .ARM.attributes
                0x00000315       0x37 ./common/source/lib/lib_mem.o
 .ARM.attributes
                0x0000034c       0x37 ./common/source/platform_mgr/platform_mgr.o
 .ARM.attributes
                0x00000383       0x37 ./common/source/rtos/rtos_err_str.o
 .ARM.attributes
                0x000003ba       0x37 ./cpu/source/cpu_core.o
 .ARM.attributes
                0x000003f1       0x37 ./emlib/em_acmp.o
 .ARM.attributes
                0x00000428       0x37 ./emlib/em_assert.o
 .ARM.attributes
                0x0000045f       0x37 ./emlib/em_cmu.o
 .ARM.attributes
                0x00000496       0x37 ./emlib/em_core.o
 .ARM.attributes
                0x000004cd       0x37 ./emlib/em_emu.o
 .ARM.attributes
                0x00000504       0x37 ./emlib/em_gpio.o
 .ARM.attributes
                0x0000053b       0x37 ./emlib/em_rtcc.o
 .ARM.attributes
                0x00000572       0x37 ./kernel/source/os_cfg_app.o
 .ARM.attributes
                0x000005a9       0x37 ./kernel/source/os_core.o
 .ARM.attributes
                0x000005e0       0x37 ./kernel/source/os_dbg.o
 .ARM.attributes
                0x00000617       0x37 ./kernel/source/os_msg.o
 .ARM.attributes
                0x0000064e       0x37 ./kernel/source/os_mutex.o
 .ARM.attributes
                0x00000685       0x37 ./kernel/source/os_prio.o
 .ARM.attributes
                0x000006bc       0x37 ./kernel/source/os_stat.o
 .ARM.attributes
                0x000006f3       0x37 ./kernel/source/os_task.o
 .ARM.attributes
                0x0000072a       0x37 ./kernel/source/os_time.o
 .ARM.attributes
                0x00000761       0x37 ./kernel/source/os_tmr.o
 .ARM.attributes
                0x00000798       0x37 ./kernel/source/os_var.o
 .ARM.attributes
                0x000007cf       0x25 ./ports/source/gnu/armv7m_cpu_a.o
 .ARM.attributes
                0x000007f4       0x25 ./ports/source/gnu/armv7m_os_cpu_a.o
 .ARM.attributes
                0x00000819       0x37 ./ports/source/gnu/armv7m_os_cpu_c.o
 .ARM.attributes
                0x00000850       0x37 ./service/sl_sleeptimer.o
 .ARM.attributes
                0x00000887       0x37 ./service/sl_sleeptimer_hal_rtcc.o
 .ARM.attributes
                0x000008be       0x37 ./src/Source_Files/app.o
 .ARM.attributes
                0x000008f5       0x37 ./src/Source_Files/capsense.o
 .ARM.attributes
                0x0000092c       0x37 ./src/Source_Files/cmu.o
 .ARM.attributes
                0x00000963       0x37 ./src/Source_Files/gpio.o
 .ARM.attributes
                0x0000099a       0x37 ./src/main.o
 .ARM.attributes
                0x000009d1       0x22 c:/siliconlabs/simplicitystudio/v4/developer/toolchains/gnu_arm/7.2_2017q4/bin/../lib/gcc/arm-none-eabi/7.2.1/thumb/v7e-m/fpv4-sp/softfp\libgcc.a(_aeabi_uldivmod.o)
 .ARM.attributes
                0x000009f3       0x32 c:/siliconlabs/simplicitystudio/v4/developer/toolchains/gnu_arm/7.2_2017q4/bin/../lib/gcc/arm-none-eabi/7.2.1/thumb/v7e-m/fpv4-sp/softfp\libgcc.a(_udivmoddi4.o)
 .ARM.attributes
                0x00000a25       0x22 c:/siliconlabs/simplicitystudio/v4/developer/toolchains/gnu_arm/7.2_2017q4/bin/../lib/gcc/arm-none-eabi/7.2.1/thumb/v7e-m/fpv4-sp/softfp\libgcc.a(_dvmd_tls.o)
 .ARM.attributes
                0x00000a47       0x32 c:/siliconlabs/simplicitystudio/v4/developer/toolchains/gnu_arm/7.2_2017q4/bin/../lib/gcc/arm-none-eabi/7.2.1/../../../../arm-none-eabi/lib/thumb/v7e-m/fpv4-sp/softfp\libc_nano.a(lib_a-exit.o)
 .ARM.attributes
                0x00000a79       0x32 c:/siliconlabs/simplicitystudio/v4/developer/toolchains/gnu_arm/7.2_2017q4/bin/../lib/gcc/arm-none-eabi/7.2.1/../../../../arm-none-eabi/lib/thumb/v7e-m/fpv4-sp/softfp\libc_nano.a(lib_a-impure.o)
 .ARM.attributes
                0x00000aab       0x32 c:/siliconlabs/simplicitystudio/v4/developer/toolchains/gnu_arm/7.2_2017q4/bin/../lib/gcc/arm-none-eabi/7.2.1/../../../../arm-none-eabi/lib/thumb/v7e-m/fpv4-sp/softfp\libc_nano.a(lib_a-init.o)
 .ARM.attributes
                0x00000add       0x32 c:/siliconlabs/simplicitystudio/v4/developer/toolchains/gnu_arm/7.2_2017q4/bin/../lib/gcc/arm-none-eabi/7.2.1/../../../../arm-none-eabi/lib/thumb/v7e-m/fpv4-sp/softfp\libc_nano.a(lib_a-memcpy-stub.o)
 .ARM.attributes
                0x00000b0f       0x32 c:/siliconlabs/simplicitystudio/v4/developer/toolchains/gnu_arm/7.2_2017q4/bin/../lib/gcc/arm-none-eabi/7.2.1/../../../../arm-none-eabi/lib/thumb/v7e-m/fpv4-sp/softfp\libc_nano.a(lib_a-memset.o)
 .ARM.attributes
                0x00000b41       0x32 c:/siliconlabs/simplicitystudio/v4/developer/toolchains/gnu_arm/7.2_2017q4/bin/../lib/gcc/arm-none-eabi/7.2.1/../../../../arm-none-eabi/lib/thumb/v7e-m/fpv4-sp/softfp\libc_nano.a(lib_a-strcpy.o)
 .ARM.attributes
                0x00000b73       0x32 c:/siliconlabs/simplicitystudio/v4/developer/toolchains/gnu_arm/7.2_2017q4/bin/../lib/gcc/arm-none-eabi/7.2.1/../../../../arm-none-eabi/lib/thumb/v7e-m/fpv4-sp/softfp\libnosys.a(_exit.o)
 .ARM.attributes
                0x00000ba5       0x32 c:/siliconlabs/simplicitystudio/v4/developer/toolchains/gnu_arm/7.2_2017q4/bin/../lib/gcc/arm-none-eabi/7.2.1/thumb/v7e-m/fpv4-sp/softfp/crtend.o
 .ARM.attributes
                0x00000bd7       0x22 c:/siliconlabs/simplicitystudio/v4/developer/toolchains/gnu_arm/7.2_2017q4/bin/../lib/gcc/arm-none-eabi/7.2.1/thumb/v7e-m/fpv4-sp/softfp/crtn.o

.comment        0x00000000       0x7e
 .comment       0x00000000       0x7e ./BSP/siliconlabs/generic/source/bsp_cpu.o
                                 0x7f (size before relaxing)
 .comment       0x0000007e       0x7f ./BSP/siliconlabs/generic/source/bsp_os.o
 .comment       0x0000007e       0x7f ./CMSIS/EFM32PG12B/system_efm32pg12b.o
 .comment       0x0000007e       0x7f ./SystemView/SEGGER_RTT.o
 .comment       0x0000007e       0x7f ./SystemView/SEGGER_SYSVIEW.o
 .comment       0x0000007e       0x7f ./SystemView/SEGGER_SYSVIEW_Config_MicriumOSKernel.o
 .comment       0x0000007e       0x7f ./SystemView/SEGGER_SYSVIEW_MicriumOSKernel.o
 .comment       0x0000007e       0x7f ./common/source/collections/slist.o
 .comment       0x0000007e       0x7f ./common/source/common/common.o
 .comment       0x0000007e       0x7f ./common/source/kal/kal_kernel.o
 .comment       0x0000007e       0x7f ./common/source/lib/lib_math.o
 .comment       0x0000007e       0x7f ./common/source/lib/lib_mem.o
 .comment       0x0000007e       0x7f ./common/source/platform_mgr/platform_mgr.o
 .comment       0x0000007e       0x7f ./common/source/rtos/rtos_err_str.o
 .comment       0x0000007e       0x7f ./cpu/source/cpu_core.o
 .comment       0x0000007e       0x7f ./emlib/em_acmp.o
 .comment       0x0000007e       0x7f ./emlib/em_assert.o
 .comment       0x0000007e       0x7f ./emlib/em_cmu.o
 .comment       0x0000007e       0x7f ./emlib/em_core.o
 .comment       0x0000007e       0x7f ./emlib/em_emu.o
 .comment       0x0000007e       0x7f ./emlib/em_gpio.o
 .comment       0x0000007e       0x7f ./emlib/em_rtcc.o
 .comment       0x0000007e       0x7f ./kernel/source/os_cfg_app.o
 .comment       0x0000007e       0x7f ./kernel/source/os_core.o
 .comment       0x0000007e       0x7f ./kernel/source/os_dbg.o
 .comment       0x0000007e       0x7f ./kernel/source/os_msg.o
 .comment       0x0000007e       0x7f ./kernel/source/os_mutex.o
 .comment       0x0000007e       0x7f ./kernel/source/os_prio.o
 .comment       0x0000007e       0x7f ./kernel/source/os_stat.o
 .comment       0x0000007e       0x7f ./kernel/source/os_task.o
 .comment       0x0000007e       0x7f ./kernel/source/os_time.o
 .comment       0x0000007e       0x7f ./kernel/source/os_tmr.o