Archive member included to satisfy reference by file (symbol)

c:/siliconlabs/simplicitystudio/v4/developer/toolchains/gnu_arm/7.2_2017q4/bin/../lib/gcc/arm-none-eabi/7.2.1/thumb/v7e-m/fpv4-sp/softfp\libgcc.a(_aeabi_uldivmod.o)
                              ./BSP/siliconlabs/generic/source/bsp_cpu.o (__aeabi_uldivmod)
c:/siliconlabs/simplicitystudio/v4/developer/toolchains/gnu_arm/7.2_2017q4/bin/../lib/gcc/arm-none-eabi/7.2.1/thumb/v7e-m/fpv4-sp/softfp\libgcc.a(_udivmoddi4.o)
                              c:/siliconlabs/simplicitystudio/v4/developer/toolchains/gnu_arm/7.2_2017q4/bin/../lib/gcc/arm-none-eabi/7.2.1/thumb/v7e-m/fpv4-sp/softfp\libgcc.a(_aeabi_uldivmod.o) (__udivmoddi4)
c:/siliconlabs/simplicitystudio/v4/developer/toolchains/gnu_arm/7.2_2017q4/bin/../lib/gcc/arm-none-eabi/7.2.1/thumb/v7e-m/fpv4-sp/softfp\libgcc.a(_dvmd_tls.o)
                              c:/siliconlabs/simplicitystudio/v4/developer/toolchains/gnu_arm/7.2_2017q4/bin/../lib/gcc/arm-none-eabi/7.2.1/thumb/v7e-m/fpv4-sp/softfp\libgcc.a(_aeabi_uldivmod.o) (__aeabi_ldiv0)
c:/siliconlabs/simplicitystudio/v4/developer/toolchains/gnu_arm/7.2_2017q4/bin/../lib/gcc/arm-none-eabi/7.2.1/../../../../arm-none-eabi/lib/thumb/v7e-m/fpv4-sp/softfp\libc_nano.a(lib_a-exit.o)
                              c:/siliconlabs/simplicitystudio/v4/developer/toolchains/gnu_arm/7.2_2017q4/bin/../lib/gcc/arm-none-eabi/7.2.1/../../../../arm-none-eabi/lib/thumb/v7e-m/fpv4-sp/softfp/crt0.o (exit)
c:/siliconlabs/simplicitystudio/v4/developer/toolchains/gnu_arm/7.2_2017q4/bin/../lib/gcc/arm-none-eabi/7.2.1/../../../../arm-none-eabi/lib/thumb/v7e-m/fpv4-sp/softfp\libc_nano.a(lib_a-impure.o)
                              c:/siliconlabs/simplicitystudio/v4/developer/toolchains/gnu_arm/7.2_2017q4/bin/../lib/gcc/arm-none-eabi/7.2.1/../../../../arm-none-eabi/lib/thumb/v7e-m/fpv4-sp/softfp\libc_nano.a(lib_a-exit.o) (_global_impure_ptr)
c:/siliconlabs/simplicitystudio/v4/developer/toolchains/gnu_arm/7.2_2017q4/bin/../lib/gcc/arm-none-eabi/7.2.1/../../../../arm-none-eabi/lib/thumb/v7e-m/fpv4-sp/softfp\libc_nano.a(lib_a-init.o)
                              c:/siliconlabs/simplicitystudio/v4/developer/toolchains/gnu_arm/7.2_2017q4/bin/../lib/gcc/arm-none-eabi/7.2.1/../../../../arm-none-eabi/lib/thumb/v7e-m/fpv4-sp/softfp/crt0.o (__libc_init_array)
c:/siliconlabs/simplicitystudio/v4/developer/toolchains/gnu_arm/7.2_2017q4/bin/../lib/gcc/arm-none-eabi/7.2.1/../../../../arm-none-eabi/lib/thumb/v7e-m/fpv4-sp/softfp\libc_nano.a(lib_a-memcpy-stub.o)
                              ./SystemView/SEGGER_RTT.o (memcpy)
c:/siliconlabs/simplicitystudio/v4/developer/toolchains/gnu_arm/7.2_2017q4/bin/../lib/gcc/arm-none-eabi/7.2.1/../../../../arm-none-eabi/lib/thumb/v7e-m/fpv4-sp/softfp\libc_nano.a(lib_a-memset.o)
                              c:/siliconlabs/simplicitystudio/v4/developer/toolchains/gnu_arm/7.2_2017q4/bin/../lib/gcc/arm-none-eabi/7.2.1/../../../../arm-none-eabi/lib/thumb/v7e-m/fpv4-sp/softfp/crt0.o (memset)
c:/siliconlabs/simplicitystudio/v4/developer/toolchains/gnu_arm/7.2_2017q4/bin/../lib/gcc/arm-none-eabi/7.2.1/../../../../arm-none-eabi/lib/thumb/v7e-m/fpv4-sp/softfp\libc_nano.a(lib_a-strcpy.o)
                              ./SystemView/SEGGER_RTT.o (strcpy)
c:/siliconlabs/simplicitystudio/v4/developer/toolchains/gnu_arm/7.2_2017q4/bin/../lib/gcc/arm-none-eabi/7.2.1/../../../../arm-none-eabi/lib/thumb/v7e-m/fpv4-sp/softfp\libc_nano.a(lib_a-strlen.o)
                              ./SystemView/SEGGER_RTT.o (strlen)
c:/siliconlabs/simplicitystudio/v4/developer/toolchains/gnu_arm/7.2_2017q4/bin/../lib/gcc/arm-none-eabi/7.2.1/../../../../arm-none-eabi/lib/thumb/v7e-m/fpv4-sp/softfp\libnosys.a(_exit.o)
                              c:/siliconlabs/simplicitystudio/v4/developer/toolchains/gnu_arm/7.2_2017q4/bin/../lib/gcc/arm-none-eabi/7.2.1/../../../../arm-none-eabi/lib/thumb/v7e-m/fpv4-sp/softfp\libc_nano.a(lib_a-exit.o) (_exit)

Allocating common symbols
Common symbol       size              file

OSRoundRobinTimer   0x18              ./kernel/source/os_core.o
OSSchedLockNestingCtr
                    0x1               ./kernel/source/os_var.o
OSStatTaskTimeMax   0x4               ./kernel/source/os_var.o
OSTaskRegNextAvailID
                    0x1               ./kernel/source/os_var.o
OSRunning           0x1               ./kernel/source/os_var.o
OSRdyList           0x300             ./kernel/source/os_var.o
OSInitialized       0x1               ./kernel/source/os_var.o
OSMonQty            0x2               ./kernel/source/os_var.o
PeriodicTimer       0x30              ./src/Source_Files/app.o
SliderSemaphore     0x2c              ./src/Source_Files/app.o
OSPrioHighRdy       0x1               ./kernel/source/os_var.o
OSStatTaskRdy       0x1               ./kernel/source/os_var.o
OSSemDbgListPtr     0x4               ./kernel/source/os_var.o
Message_Queue       0x30              ./src/Source_Files/app.o
OSCfg_StatTaskStk   0x4               ./kernel/source/os_cfg_app.o
[...]
Memory Configuration

Name             Origin             Length             Attributes
FLASH            0x00000000         0x00100000         xr
RAM              0x20000000         0x00040000         xrw
*default*        0x00000000         0xffffffff

Linker script and memory map

LOAD c:/siliconlabs/simplicitystudio/v4/developer/toolchains/gnu_arm/7.2_2017q4/bin/../lib/gcc/arm-none-eabi/7.2.1/thumb/v7e-m/fpv4-sp/softfp/crti.o
LOAD c:/siliconlabs/simplicitystudio/v4/developer/toolchains/gnu_arm/7.2_2017q4/bin/../lib/gcc/arm-none-eabi/7.2.1/thumb/v7e-m/fpv4-sp/softfp/crtbegin.o
LOAD c:/siliconlabs/simplicitystudio/v4/developer/toolchains/gnu_arm/7.2_2017q4/bin/../lib/gcc/arm-none-eabi/7.2.1/../../../../arm-none-eabi/lib/thumb/v7e-m/fpv4-sp/softfp/crt0.o
LOAD ./BSP/bsp_bcc.o
LOAD ./BSP/bsp_stk.o
LOAD ./BSP/bsp_stk_leds.o
LOAD ./BSP/bsp_trace.o
LOAD ./BSP/siliconlabs/generic/source/bsp_cpu.o
LOAD ./BSP/siliconlabs/generic/source/bsp_os.o
LOAD ./CMSIS/EFM32PG12B/startup_efm32pg12b.o
LOAD ./CMSIS/EFM32PG12B/system_efm32pg12b.o
LOAD ./SystemView/SEGGER_RTT.o
LOAD ./SystemView/SEGGER_RTT_ASM_ARMv7M.o
LOAD ./SystemView/SEGGER_SYSVIEW.o
LOAD ./SystemView/SEGGER_SYSVIEW_Config_MicriumOSKernel.o
LOAD ./SystemView/SEGGER_SYSVIEW_MicriumOSKernel.o
LOAD ./common/sl_slist.o
LOAD ./common/source/auth/auth.o
LOAD ./common/source/collections/bitmap.o
LOAD ./common/source/collections/map.o
LOAD ./common/source/collections/slist.o
LOAD ./common/source/common/common.o
LOAD ./common/source/kal/kal_kernel.o
LOAD ./common/source/lib/lib_ascii.o
LOAD ./common/source/lib/lib_math.o
LOAD ./common/source/lib/lib_mem.o
LOAD ./common/source/lib/lib_str.o
LOAD ./common/source/platform_mgr/platform_mgr.o
LOAD ./common/source/rtos/rtos_err_str.o
LOAD ./cpu/source/cpu_core.o
LOAD ./emlib/em_acmp.o
LOAD ./emlib/em_assert.o
LOAD ./emlib/em_cmu.o
LOAD ./emlib/em_core.o
LOAD ./emlib/em_emu.o
LOAD ./emlib/em_gpio.o
LOAD ./emlib/em_rtcc.o
LOAD ./emlib/em_system.o
LOAD ./emlib/em_usart.o
LOAD ./kernel/source/os_cfg_app.o
LOAD ./kernel/source/os_core.o
LOAD ./kernel/source/os_dbg.o
LOAD ./kernel/source/os_flag.o
LOAD ./kernel/source/os_mon.o
LOAD ./kernel/source/os_msg.o
LOAD ./kernel/source/os_mutex.o
LOAD ./kernel/source/os_prio.o
LOAD ./kernel/source/os_q.o
LOAD ./kernel/source/os_sem.o
LOAD ./kernel/source/os_stat.o
LOAD ./kernel/source/os_task.o
LOAD ./kernel/source/os_time.o
LOAD ./kernel/source/os_tmr.o
LOAD ./kernel/source/os_var.o
LOAD ./ports/source/gnu/armv7m_cpu_a.o
LOAD ./ports/source/gnu/armv7m_os_cpu_a.o
LOAD ./ports/source/gnu/armv7m_os_cpu_c.o
LOAD ./service/sl_sleeptimer.o
LOAD ./service/sl_sleeptimer_hal_rtcc.o
LOAD ./src/Source_Files/app.o
LOAD ./src/Source_Files/capsense.o
LOAD ./src/Source_Files/cmu.o
LOAD ./src/Source_Files/gpio.o
LOAD ./src/main.o
START GROUP
LOAD c:/siliconlabs/simplicitystudio/v4/developer/toolchains/gnu_arm/7.2_2017q4/bin/../lib/gcc/arm-none-eabi/7.2.1/thumb/v7e-m/fpv4-sp/softfp\libgcc.a
LOAD c:/siliconlabs/simplicitystudio/v4/developer/toolchains/gnu_arm/7.2_2017q4/bin/../lib/gcc/arm-none-eabi/7.2.1/../../../../arm-none-eabi/lib/thumb/v7e-m/fpv4-sp/softfp\libc_nano.a
LOAD c:/siliconlabs/simplicitystudio/v4/developer/toolchains/gnu_arm/7.2_2017q4/bin/../lib/gcc/arm-none-eabi/7.2.1/../../../../arm-none-eabi/lib/thumb/v7e-m/fpv4-sp/softfp\libnosys.a
END GROUP
START GROUP
LOAD c:/siliconlabs/simplicitystudio/v4/developer/toolchains/gnu_arm/7.2_2017q4/bin/../lib/gcc/arm-none-eabi/7.2.1/thumb/v7e-m/fpv4-sp/softfp\libgcc.a
LOAD c:/siliconlabs/simplicitystudio/v4/developer/toolchains/gnu_arm/7.2_2017q4/bin/../lib/gcc/arm-none-eabi/7.2.1/../../../../arm-none-eabi/lib/thumb/v7e-m/fpv4-sp/softfp\libg_nano.a
LOAD c:/siliconlabs/simplicitystudio/v4/developer/toolchains/gnu_arm/7.2_2017q4/bin/../lib/gcc/arm-none-eabi/7.2.1/../../../../arm-none-eabi/lib/thumb/v7e-m/fpv4-sp/softfp\libc_nano.a
END GROUP
START GROUP
LOAD c:/siliconlabs/simplicitystudio/v4/developer/toolchains/gnu_arm/7.2_2017q4/bin/../lib/gcc/arm-none-eabi/7.2.1/thumb/v7e-m/fpv4-sp/softfp\libgcc.a
LOAD c:/siliconlabs/simplicitystudio/v4/developer/toolchains/gnu_arm/7.2_2017q4/bin/../lib/gcc/arm-none-eabi/7.2.1/../../../../arm-none-eabi/lib/thumb/v7e-m/fpv4-sp/softfp\libc_nano.a
END GROUP
LOAD c:/siliconlabs/simplicitystudio/v4/developer/toolchains/gnu_arm/7.2_2017q4/bin/../lib/gcc/arm-none-eabi/7.2.1/thumb/v7e-m/fpv4-sp/softfp/crtend.o
LOAD c:/siliconlabs/simplicitystudio/v4/developer/toolchains/gnu_arm/7.2_2017q4/bin/../lib/gcc/arm-none-eabi/7.2.1/thumb/v7e-m/fpv4-sp/softfp/crtn.o

.text           0x00000000    0x114f4
 *(.vectors)
 .vectors       0x00000000      0x10c ./CMSIS/EFM32PG12B/startup_efm32pg12b.o
                0x00000000                __Vectors
                0x0000010c                __Vectors_End = .
                0x0000010c                __Vectors_Size = (__Vectors_End - __Vectors)
                0x0000010c                __end__ = .
 *(.text*)
 .text          0x0000010c       0x40 c:/siliconlabs/simplicitystudio/v4/developer/toolchains/gnu_arm/7.2_2017q4/bin/../lib/gcc/arm-none-eabi/7.2.1/thumb/v7e-m/fpv4-sp/softfp/crtbegin.o
 .text          0x0000014c       0x74 c:/siliconlabs/simplicitystudio/v4/developer/toolchains/gnu_arm/7.2_2017q4/bin/../lib/gcc/arm-none-eabi/7.2.1/../../../../arm-none-eabi/lib/thumb/v7e-m/fpv4-sp/softfp/crt0.o
                0x0000014c                _start
                0x0000014c                _mainCRTStartup
 .text.CPU_TS_TmrInit
                0x000001c0       0x44 ./BSP/siliconlabs/generic/source/bsp_cpu.o
                0x000001c0                CPU_TS_TmrInit
 .text.CPU_TS_TmrRd
                0x00000204       0x20 ./BSP/siliconlabs/generic/source/bsp_cpu.o
                0x00000204                CPU_TS_TmrRd
 .text.CPU_TS32_to_uSec
                0x00000224       0x54 ./BSP/siliconlabs/generic/source/bsp_cpu.o
                0x00000224                CPU_TS32_to_uSec
 .text.SYSTEM_GetProdRev
                0x00000278       0x1c ./BSP/siliconlabs/generic/source/bsp_os.o
 .text.CHIP_Init
                0x00000294       0x84 ./BSP/siliconlabs/generic/source/bsp_os.o
 .text.BSP_SystemInit
                0x00000318       0x5c ./BSP/siliconlabs/generic/source/bsp_os.o
                0x00000318                BSP_SystemInit
 .text.BSP_OS_Init
                0x00000374        0xe ./BSP/siliconlabs/generic/source/bsp_os.o
                0x00000374                BSP_OS_Init
 *fill*         0x00000382        0x2 
 .text          0x00000384       0x30 ./CMSIS/EFM32PG12B/startup_efm32pg12b.o
                0x00000384                Reset_Handler
                0x000003b0                USART0_TX_IRQHandler
                0x000003b0                I2C0_IRQHandler
                0x000003b0                HardFault_Handler
                0x000003b0                SysTick_Handler
                0x000003b0                USART1_RX_IRQHandler
                0x000003b0                NMI_Handler
                0x000003b0                I2C1_IRQHandler
                0x000003b0                WTIMER0_IRQHandler
                0x000003b0                CRYPTO0_IRQHandler
                0x000003b0                WDOG0_IRQHandler
                0x000003b0                USART1_TX_IRQHandler
                0x000003b0                SMU_IRQHandler
                0x000003b0                MSC_IRQHandler
                0x000003b0                ADC0_IRQHandler
                0x000003b0                UsageFault_Handler
                0x000003b0                WDOG1_IRQHandler
                0x000003b0                LEUART0_IRQHandler
                0x000003b0                FPUEH_IRQHandler
                0x000003b0                WTIMER1_IRQHandler
                0x000003b0                VDAC0_IRQHandler
                0x000003b0                LDMA_IRQHandler
                0x000003b0                CSEN_IRQHandler
                0x000003b0                CRYPTO1_IRQHandler
                0x000003b0                TIMER0_IRQHandler
                0x000003b0                DebugMon_Handler
                0x000003b0                PCNT2_IRQHandler
                0x000003b0                LETIMER0_IRQHandler
                0x000003b0                TIMER1_IRQHandler
                0x000003b0                TRNG0_IRQHandler
                0x000003b0                USART2_RX_IRQHandler
                0x000003b0                Default_Handler
                0x000003b0                EMU_IRQHandler
                0x000003b0                CRYOTIMER_IRQHandler
                0x000003b0                PCNT0_IRQHandler
                0x000003b0                sl_app_properties
                0x000003b0                PCNT1_IRQHandler
                0x000003b0                ACMP0_IRQHandler
                0x000003b0                USART0_RX_IRQHandler
                0x000003b0                MemManage_Handler
                0x000003b0                SVC_Handler
                0x000003b0                USART3_RX_IRQHandler
                0x000003b0                CMU_IRQHandler
                0x000003b0                LESENSE_IRQHandler
                0x000003b0                USART3_TX_IRQHandler
                0x000003b0                BusFault_Handler
                0x000003b0                USART2_TX_IRQHandler
                0x000003b0                IDAC0_IRQHandler
 .text.SystemCoreClockGet
                0x000003b4       0x40 ./CMSIS/EFM32PG12B/system_efm32pg12b.o
                0x000003b4                SystemCoreClockGet
 .text.SystemMaxCoreClockGet
                0x000003f4       0x14 ./CMSIS/EFM32PG12B/system_efm32pg12b.o
                0x000003f4                SystemMaxCoreClockGet
 .text.SystemHFClockGet
                0x00000408       0x88 ./CMSIS/EFM32PG12B/system_efm32pg12b.o
                0x00000408                SystemHFClockGet
 .text.SystemHFXOClockGet
                0x00000490       0x18 ./CMSIS/EFM32PG12B/system_efm32pg12b.o
                0x00000490                SystemHFXOClockGet
 .text.SystemInit
                0x000004a8       0x2c ./CMSIS/EFM32PG12B/system_efm32pg12b.o
                0x000004a8                SystemInit
 .text.SystemLFRCOClockGet
                0x000004d4       0x12 ./CMSIS/EFM32PG12B/system_efm32pg12b.o
                0x000004d4                SystemLFRCOClockGet
 .text.SystemULFRCOClockGet
                0x000004e6       0x12 ./CMSIS/EFM32PG12B/system_efm32pg12b.o
                0x000004e6                SystemULFRCOClockGet
 .text.SystemLFXOClockGet
                0x000004f8       0x18 ./CMSIS/EFM32PG12B/system_efm32pg12b.o
                0x000004f8                SystemLFXOClockGet
 .text._DoInit  0x00000510       0x9c ./SystemView/SEGGER_RTT.o
 .text.SEGGER_RTT_ReadNoLock
                0x000005ac      0x104 ./SystemView/SEGGER_RTT.o
                0x000005ac                SEGGER_RTT_ReadNoLock
 .text.SEGGER_RTT_ConfigUpBuffer
                0x000006b0       0xcc ./SystemView/SEGGER_RTT.o
                0x000006b0                SEGGER_RTT_ConfigUpBuffer
 .text.SEGGER_RTT_ConfigDownBuffer
                0x0000077c       0xcc ./SystemView/SEGGER_RTT.o
                0x0000077c                SEGGER_RTT_ConfigDownBuffer
 .text          0x00000848       0x8c ./SystemView/SEGGER_RTT_ASM_ARMv7M.o
                0x00000848                SEGGER_RTT_ASM_WriteSkipNoLock
 .text._EncodeStr
                0x000008d4       0x9a ./SystemView/SEGGER_SYSVIEW.o
 .text._PreparePacket
                0x0000096e       0x18 ./SystemView/SEGGER_SYSVIEW.o
 .text._HandleIncomingPacket
                0x00000986       0xb8 ./SystemView/SEGGER_SYSVIEW.o
 *fill*         0x00000a3e        0x2 
 .text._TrySendOverflowPacket
                0x00000a40       0xec ./SystemView/SEGGER_SYSVIEW.o
 .text._SendPacket
                0x00000b2c      0x1b0 ./SystemView/SEGGER_SYSVIEW.o
 .text.SEGGER_SYSVIEW_Init
                0x00000cdc       0x7c ./SystemView/SEGGER_SYSVIEW.o
                0x00000cdc                SEGGER_SYSVIEW_Init
 .text.SEGGER_SYSVIEW_SetRAMBase
                0x00000d58       0x20 ./SystemView/SEGGER_SYSVIEW.o
                0x00000d58                SEGGER_SYSVIEW_SetRAMBase
 .text.SEGGER_SYSVIEW_RecordVoid
                0x00000d78       0x34 ./SystemView/SEGGER_SYSVIEW.o
                0x00000d78                SEGGER_SYSVIEW_RecordVoid
 .text.SEGGER_SYSVIEW_RecordU32
                0x00000dac       0x70 ./SystemView/SEGGER_SYSVIEW.o
                0x00000dac                SEGGER_SYSVIEW_RecordU32
 .text.SEGGER_SYSVIEW_RecordU32x2
                0x00000e1c       0xac ./SystemView/SEGGER_SYSVIEW.o
                0x00000e1c                SEGGER_SYSVIEW_RecordU32x2
 .text.SEGGER_SYSVIEW_Start
                0x00000ec8      0x168 ./SystemView/SEGGER_SYSVIEW.o
                0x00000ec8                SEGGER_SYSVIEW_Start
 .text.SEGGER_SYSVIEW_Stop
                0x00001030       0x44 ./SystemView/SEGGER_SYSVIEW.o
                0x00001030                SEGGER_SYSVIEW_Stop
 .text.SEGGER_SYSVIEW_GetSysDesc
                0x00001074      0x12c ./SystemView/SEGGER_SYSVIEW.o
                0x00001074                SEGGER_SYSVIEW_GetSysDesc
 .text.SEGGER_SYSVIEW_SendTaskInfo
                0x000011a0      0x1c4 ./SystemView/SEGGER_SYSVIEW.o
                0x000011a0                SEGGER_SYSVIEW_SendTaskInfo
 .text.SEGGER_SYSVIEW_SendTaskList
                0x00001364       0x28 ./SystemView/SEGGER_SYSVIEW.o
                0x00001364                SEGGER_SYSVIEW_SendTaskList
 .text.SEGGER_SYSVIEW_SendSysDesc
                0x0000138c       0x40 ./SystemView/SEGGER_SYSVIEW.o
                0x0000138c                SEGGER_SYSVIEW_SendSysDesc
 .text.SEGGER_SYSVIEW_RecordSystime
                0x000013cc       0x60 ./SystemView/SEGGER_SYSVIEW.o
                0x000013cc                SEGGER_SYSVIEW_RecordSystime
 .text.SEGGER_SYSVIEW_OnIdle
                0x0000142c       0x30 ./SystemView/SEGGER_SYSVIEW.o
                0x0000142c                SEGGER_SYSVIEW_OnIdle
 .text.SEGGER_SYSVIEW_OnTaskCreate
                0x0000145c       0x80 ./SystemView/SEGGER_SYSVIEW.o
                0x0000145c                SEGGER_SYSVIEW_OnTaskCreate
 .text.SEGGER_SYSVIEW_OnTaskStartExec
                0x000014dc       0x80 ./SystemView/SEGGER_SYSVIEW.o
                0x000014dc                SEGGER_SYSVIEW_OnTaskStartExec
 .text.SEGGER_SYSVIEW_OnTaskStartReady
                0x0000155c       0x80 ./SystemView/SEGGER_SYSVIEW.o
                0x0000155c                SEGGER_SYSVIEW_OnTaskStartReady
 .text.SEGGER_SYSVIEW_OnTaskStopReady
                0x000015dc       0xb8 ./SystemView/SEGGER_SYSVIEW.o
                0x000015dc                SEGGER_SYSVIEW_OnTaskStopReady
 .text.SEGGER_SYSVIEW_NameResource
                0x00001694       0x88 ./SystemView/SEGGER_SYSVIEW.o
                0x00001694                SEGGER_SYSVIEW_NameResource
 .text.SEGGER_SYSVIEW_ShrinkId
                0x0000171c       0x24 ./SystemView/SEGGER_SYSVIEW.o
                0x0000171c                SEGGER_SYSVIEW_ShrinkId
 .text.SEGGER_SYSVIEW_SendModule
                0x00001740       0xf8 ./SystemView/SEGGER_SYSVIEW.o
                0x00001740                SEGGER_SYSVIEW_SendModule
 .text.SEGGER_SYSVIEW_SendModuleDescription
                0x00001838       0x3c ./SystemView/SEGGER_SYSVIEW.o
                0x00001838                SEGGER_SYSVIEW_SendModuleDescription
 .text.SEGGER_SYSVIEW_SendNumModules
                0x00001874       0x74 ./SystemView/SEGGER_SYSVIEW.o
                0x00001874                SEGGER_SYSVIEW_SendNumModules
 .text.SEGGER_SYSVIEW_Warn
                0x000018e8       0xb0 ./SystemView/SEGGER_SYSVIEW.o
                0x000018e8                SEGGER_SYSVIEW_Warn
 .text._cbSendSystemDesc
                0x00001998       0x20 ./SystemView/SEGGER_SYSVIEW_Config_MicriumOSKernel.o
 .text.SEGGER_SYSVIEW_Conf
                0x000019b8       0x38 ./SystemView/SEGGER_SYSVIEW_Config_MicriumOSKernel.o
                0x000019b8                SEGGER_SYSVIEW_Conf
 .text._cbSendTaskList
                0x000019f0       0x94 ./SystemView/SEGGER_SYSVIEW_MicriumOSKernel.o
 .text._cbGetTime
                0x00001a84       0x24 ./SystemView/SEGGER_SYSVIEW_MicriumOSKernel.o
 .text.SYSVIEW_TaskReady
                0x00001aa8       0x20 ./SystemView/SEGGER_SYSVIEW_MicriumOSKernel.o
                0x00001aa8                SYSVIEW_TaskReady
 .text.SYSVIEW_TaskSwitchedIn
                0x00001ac8       0x20 ./SystemView/SEGGER_SYSVIEW_MicriumOSKernel.o
                0x00001ac8                SYSVIEW_TaskSwitchedIn
 .text.SYSVIEW_TaskSuspend
                0x00001ae8       0x22 ./SystemView/SEGGER_SYSVIEW_MicriumOSKernel.o
                0x00001ae8                SYSVIEW_TaskSuspend
 *fill*         0x00001b0a        0x2 
 .text.SYSVIEW_AddTask
                0x00001b0c       0xc4 ./SystemView/SEGGER_SYSVIEW_MicriumOSKernel.o
                0x00001b0c                SYSVIEW_AddTask
 .text.SYSVIEW_SendTaskInfo
                0x00001bd0       0x42 ./SystemView/SEGGER_SYSVIEW_MicriumOSKernel.o
                0x00001bd0                SYSVIEW_SendTaskInfo
 *fill*         0x00001c12        0x2 
 .text.SYSVIEW_RecordU32Register
                0x00001c14       0x90 ./SystemView/SEGGER_SYSVIEW_MicriumOSKernel.o
                0x00001c14                SYSVIEW_RecordU32Register
 .text.SYSVIEW_SendResourceList
                0x00001ca4       0x80 ./SystemView/SEGGER_SYSVIEW_MicriumOSKernel.o
                0x00001ca4                SYSVIEW_SendResourceList
 .text.SList_Init
                0x00001d24       0x1a ./common/source/collections/slist.o
                0x00001d24                SList_Init
 *fill*         0x00001d3e        0x2 
 .text.Common_Init
                0x00001d40       0x70 ./common/source/common/common.o
                0x00001d40                Common_Init
 .text.Common_MemSegPtrGet
                0x00001db0       0x18 ./common/source/common/common.o
                0x00001db0                Common_MemSegPtrGet
 .text.KAL_FeatureQuery
                0x00001dc8       0xf4 ./common/source/kal/kal_kernel.o
                0x00001dc8                KAL_FeatureQuery
 .text.KAL_LockCreate
                0x00001ebc       0xbc ./common/source/kal/kal_kernel.o
                0x00001ebc                KAL_LockCreate
 .text.KAL_Init
                0x00001f78      0x1c0 ./common/source/kal/kal_kernel.o
 .text.Math_RandSetSeed
                0x00002138       0x28 ./common/source/lib/lib_math.o
                0x00002138                Math_RandSetSeed
 .text.Math_Init
                0x00002160        0xe ./common/source/lib/lib_math.o
                0x00002160                Math_Init
 *fill*         0x0000216e        0x2 
 .text.Mem_Init
                0x00002170       0x28 ./common/source/lib/lib_mem.o
                0x00002170                Mem_Init
 .text.Mem_SegReg
                0x00002198       0xf4 ./common/source/lib/lib_mem.o
                0x00002198                Mem_SegReg
 .text.Mem_SegAlloc
                0x0000228c       0x50 ./common/source/lib/lib_mem.o
                0x0000228c                Mem_SegAlloc
 .text.Mem_DynPoolCreate
                0x000022dc       0xa4 ./common/source/lib/lib_mem.o
                0x000022dc                Mem_DynPoolCreate
 .text.Mem_DynPoolBlkGet
                0x00002380      0x1ec ./common/source/lib/lib_mem.o
                0x00002380                Mem_DynPoolBlkGet
 .text.Mem_DynPoolBlkFree
                0x0000256c      0x140 ./common/source/lib/lib_mem.o
                0x0000256c                Mem_DynPoolBlkFree
 .text.Mem_SegAllocInternal
                0x000026ac      0x108 ./common/source/lib/lib_mem.o
 .text.Mem_SegAllocExtCritical
                0x000027b4      0x120 ./common/source/lib/lib_mem.o
 .text.Mem_DynPoolCreateInternal
                0x000028d4      0x350 ./common/source/lib/lib_mem.o
 .text.PlatformMgrInit
                0x00002c24      0x148 ./common/source/platform_mgr/platform_mgr.o
                0x00002c24                PlatformMgrInit
 .text.CPU_Init
                0x00002d6c        0xc ./cpu/source/cpu_core.o
                0x00002d6c                CPU_Init
 .text.CPU_SW_Exception
                0x00002d78        0x6 ./cpu/source/cpu_core.o
                0x00002d78                CPU_SW_Exception
 .text.CPU_TS_Get32
                0x00002d7e       0x16 ./cpu/source/cpu_core.o
                0x00002d7e                CPU_TS_Get32
 .text.CPU_TS_TmrFreqGet
                0x00002d94       0x88 ./cpu/source/cpu_core.o
                0x00002d94                CPU_TS_TmrFreqGet
 .text.CPU_TS_TmrFreqSet
                0x00002e1c       0x20 ./cpu/source/cpu_core.o
                0x00002e1c                CPU_TS_TmrFreqSet
 .text.CPU_TS_Init
                0x00002e3c       0x18 ./cpu/source/cpu_core.o
 .text.BUS_RegBitWrite
                0x00002e54       0x2e ./emlib/em_acmp.o
 .text.BUS_RegMaskedSet
                0x00002e82       0x24 ./emlib/em_acmp.o
 .text.BUS_RegMaskedClear
                0x00002ea6       0x24 ./emlib/em_acmp.o
 .text.BUS_RegMaskedWrite
                0x00002eca       0x24 ./emlib/em_acmp.o
 *fill*         0x00002eee        0x2 
 .text.ACMP_CapsenseInit
                0x00002ef0       0xbc ./emlib/em_acmp.o
                0x00002ef0                ACMP_CapsenseInit
 .text.ACMP_CapsenseChannelSet
                0x00002fac       0x44 ./emlib/em_acmp.o
                0x00002fac                ACMP_CapsenseChannelSet
 .text.ACMP_Disable
                0x00002ff0       0x40 ./emlib/em_acmp.o
                0x00002ff0                ACMP_Disable
 .text.ACMP_Enable
                0x00003030       0x40 ./emlib/em_acmp.o
                0x00003030                ACMP_Enable
 .text.assertEFM
                0x00003070        0xc ./emlib/em_assert.o
                0x00003070                assertEFM
 .text.BUS_RegBitWrite
                0x0000307c       0x2e ./emlib/em_cmu.o
 .text.BUS_RegBitRead
                0x000030aa       0x2a ./emlib/em_cmu.o
 .text.SL_Log2ToDiv
                0x000030d4       0x2c ./emlib/em_cmu.o
 .text.EMU_LDOStatusGet
                0x00003100       0x24 ./emlib/em_cmu.o
 .text.EMU_VScaleWait
                0x00003124       0x30 ./emlib/em_cmu.o
 .text.EMU_VScaleGet
                0x00003154       0x1c ./emlib/em_cmu.o
 .text.setHfLeConfig
                0x00003170       0x64 ./emlib/em_cmu.o
 .text.auxClkGet
                0x000031d4       0x20 ./emlib/em_cmu.o
 .text.hfSrcClkGet
                0x000031f4       0x2c ./emlib/em_cmu.o
 .text.dbgClkGet
                0x00003220       0x4c ./emlib/em_cmu.o
 .text.adcAsyncClkGet
                0x0000326c       0x98 ./emlib/em_cmu.o
 .text.flashWaitStateControl
                0x00003304       0x98 ./emlib/em_cmu.o
 .text.flashWaitStateMax
                0x0000339c       0x44 ./emlib/em_cmu.o
 .text.CMU_UpdateWaitStates
                0x000033e0       0x40 ./emlib/em_cmu.o
                0x000033e0                CMU_UpdateWaitStates
 .text.getRegIshUpperVal
                0x00003420       0x36 ./emlib/em_cmu.o
 *fill*         0x00003456        0x2 
 .text.getHfxoTuningMode
                0x00003458       0x1c ./emlib/em_cmu.o
 .text.setHfxoTuningMode
                0x00003474       0x2c ./emlib/em_cmu.o
 .text.lfClkGet
                0x000034a0      0x114 ./emlib/em_cmu.o
 .text.syncReg  0x000035b4       0x38 ./emlib/em_cmu.o
 .text.hfperClkSafePrescaler
                0x000035ec        0xe ./emlib/em_cmu.o
 .text.hfperClkOptimizedPrescaler
                0x000035fa        0xe ./emlib/em_cmu.o
 .text.CMU_ClockDivGet
                0x00003608       0x1a ./emlib/em_cmu.o
                0x00003608                CMU_ClockDivGet
 *fill*         0x00003622        0x2 
 .text.CMU_ClockEnable
                0x00003624       0xd8 ./emlib/em_cmu.o
                0x00003624                CMU_ClockEnable
 .text.CMU_ClockFreqGet
                0x000036fc      0x240 ./emlib/em_cmu.o
                0x000036fc                CMU_ClockFreqGet
 .text.CMU_ClockPrescGet
                0x0000393c      0x1c0 ./emlib/em_cmu.o
                0x0000393c                CMU_ClockPrescGet
 .text.CMU_ClockSelectGet
                0x00003afc      0x1c8 ./emlib/em_cmu.o
                0x00003afc                CMU_ClockSelectGet
 .text.CMU_ClockSelectSet
                0x00003cc4      0x348 ./emlib/em_cmu.o
                0x00003cc4                CMU_ClockSelectSet
 .text.CMU_HFRCOBandGet
                0x0000400c       0x18 ./emlib/em_cmu.o
                0x0000400c                CMU_HFRCOBandGet
 .text.CMU_OscillatorEnable
                0x00004024      0x1bc ./emlib/em_cmu.o
                0x00004024                CMU_OscillatorEnable
 .text.CMU_OscillatorTuningGet
                0x000041e0       0x7c ./emlib/em_cmu.o
                0x000041e0                CMU_OscillatorTuningGet
 .text.CMU_OscillatorTuningSet
                0x0000425c      0x154 ./emlib/em_cmu.o
                0x0000425c                CMU_OscillatorTuningSet
 .text.CMU_OscillatorTuningWait
                0x000043b0       0xb4 ./emlib/em_cmu.o
                0x000043b0                CMU_OscillatorTuningWait
 .text.CMU_OscillatorTuningOptimize
                0x00004464       0x64 ./emlib/em_cmu.o
                0x00004464                CMU_OscillatorTuningOptimize
 .text.CORE_EnterCritical
                0x000044c8       0x20 ./emlib/em_core.o
                0x000044c8                CORE_EnterCritical
 .text.CORE_ExitCritical
                0x000044e8       0x1c ./emlib/em_core.o
                0x000044e8                CORE_ExitCritical
 .text.CORE_EnterAtomic
                0x00004504       0x20 ./emlib/em_core.o
                0x00004504                CORE_EnterAtomic
 .text.CORE_ExitAtomic
                0x00004524       0x1c ./emlib/em_core.o
                0x00004524                CORE_ExitAtomic
 .text.CORE_InIrqContext
                0x00004540       0x24 ./emlib/em_core.o
                0x00004540                CORE_InIrqContext
 .text.BUS_RegBitWrite
                0x00004564       0x2e ./emlib/em_emu.o
 .text.BUS_RegBitRead
                0x00004592       0x2a ./emlib/em_emu.o
 .text.EMU_LDOStatusGet
                0x000045bc       0x24 ./emlib/em_emu.o
 .text.EMU_VScaleWait
                0x000045e0       0x30 ./emlib/em_emu.o
 .text.EMU_VScaleGet
                0x00004610       0x1c ./emlib/em_emu.o
 .text.EMU_IntClear
                0x0000462c       0x20 ./emlib/em_emu.o
 .text.EMU_IntGet
                0x0000464c       0x18 ./emlib/em_emu.o
 .text.EMU_PowerLock
                0x00004664       0x18 ./emlib/em_emu.o
 .text.EMU_PowerUnlock
                0x0000467c       0x1c ./emlib/em_emu.o
 .text.vScaleEM01Cmd
                0x00004698       0x22 ./emlib/em_emu.o
 *fill*         0x000046ba        0x2 
 .text.EMU_VScaleEM01ByClock
                0x000046bc       0x84 ./emlib/em_emu.o
                0x000046bc                EMU_VScaleEM01ByClock
 .text.EMU_VScaleEM01
                0x00004740       0xb4 ./emlib/em_emu.o
                0x00004740                EMU_VScaleEM01
 .text.dcdcConstCalibrationLoad
                0x000047f4       0x10 ./emlib/em_emu.o
 .text.dcdcValidatedConfigSet
                0x00004804       0x40 ./emlib/em_emu.o
 .text.currentLimitersUpdate
                0x00004844      0x124 ./emlib/em_emu.o
 .text.userCurrentLimitsSet
                0x00004968       0x30 ./emlib/em_emu.o
 .text.compCtrlSet
                0x00004998       0x4c ./emlib/em_emu.o
 .text.lpCmpHystCalibrationLoad
                0x000049e4       0xec ./emlib/em_emu.o
 .text.lpGetDevinfoVrefLowHigh
                0x00004ad0      0x164 ./emlib/em_emu.o
 .text.EMU_DCDCModeSet
                0x00004c34      0x10c ./emlib/em_emu.o
                0x00004c34                EMU_DCDCModeSet
 .text.EMU_DCDCInit
                0x00004d40      0x1c8 ./emlib/em_emu.o
                0x00004d40                EMU_DCDCInit
 .text.EMU_DCDCOutputVoltageSet
                0x00004f08      0x2d8 ./emlib/em_emu.o
                0x00004f08                EMU_DCDCOutputVoltageSet
 .text.EMU_DCDCOptimizeSlice
                0x000051e0       0xe8 ./emlib/em_emu.o
                0x000051e0                EMU_DCDCOptimizeSlice
 .text.EMU_DCDCLnRcoBandSet
                0x000052c8       0x64 ./emlib/em_emu.o
                0x000052c8                EMU_DCDCLnRcoBandSet
 .text.BUS_RegBitWrite
                0x0000532c       0x2e ./emlib/em_gpio.o
 .text.BUS_RegMaskedSet
                0x0000535a       0x24 ./emlib/em_gpio.o
 .text.BUS_RegMaskedClear
                0x0000537e       0x24 ./emlib/em_gpio.o
 .text.BUS_RegMaskedWrite
                0x000053a2       0x24 ./emlib/em_gpio.o
 *fill*         0x000053c6        0x2 
 .text.GPIO_IntClear
                0x000053c8       0x20 ./emlib/em_gpio.o
 .text.GPIO_PinOutClear
                0x000053e8       0xd0 ./emlib/em_gpio.o
 .text.GPIO_PinOutSet
                0x000054b8       0xd0 ./emlib/em_gpio.o
 .text.GPIO_DriveStrengthSet
                0x00005588       0x8c ./emlib/em_gpio.o
                0x00005588                GPIO_DriveStrengthSet
 .text.GPIO_ExtIntConfig
                0x00005614      0x1ac ./emlib/em_gpio.o
                0x00005614                GPIO_ExtIntConfig
 .text.GPIO_PinModeSet
                0x000057c0      0x18c ./emlib/em_gpio.o
                0x000057c0                GPIO_PinModeSet
 .text.BUS_RegBitWrite
                0x0000594c       0x2e ./emlib/em_rtcc.o
 *fill*         0x0000597a        0x2 
 .text.RTCC_ChannelInit
                0x0000597c       0x7c ./emlib/em_rtcc.o
                0x0000597c                RTCC_ChannelInit
 .text.RTCC_Enable
                0x000059f8       0x24 ./emlib/em_rtcc.o
                0x000059f8                RTCC_Enable
 .text.RTCC_Init
                0x00005a1c       0x98 ./emlib/em_rtcc.o
                0x00005a1c                RTCC_Init
 .text.OSCfg_Init
                0x00005ab4        0xe ./kernel/source/os_cfg_app.o
                0x00005ab4                OSCfg_Init
 *fill*         0x00005ac2        0x2 
 .text.OSInit   0x00005ac4      0x4d4 ./kernel/source/os_core.o
                0x00005ac4                OSInit
 .text.OSSched  0x00005f98      0x1f4 ./kernel/source/os_core.o
                0x00005f98                OSSched
 .text.OSSchedLock
                0x0000618c      0x114 ./kernel/source/os_core.o
                0x0000618c                OSSchedLock
 .text.OSSchedUnlock
                0x000062a0      0x158 ./kernel/source/os_core.o
                0x000062a0                OSSchedUnlock
 .text.OSStart  0x000063f8      0x140 ./kernel/source/os_core.o
                0x000063f8                OSStart
 .text.OSIsIdle
                0x00006538       0x18 ./kernel/source/os_core.o
                0x00006538                OSIsIdle
 .text.OS_Pend  0x00006550       0x94 ./kernel/source/os_core.o
                0x00006550                OS_Pend
 .text.OS_PendDbgNameAdd
                0x000065e4       0x78 ./kernel/source/os_core.o
                0x000065e4                OS_PendDbgNameAdd
 .text.OS_PendDbgNameRemove
                0x0000665c       0x4c ./kernel/source/os_core.o
                0x0000665c                OS_PendDbgNameRemove
 .text.OS_PendListChangePrio
                0x000066a8       0x3a ./kernel/source/os_core.o
                0x000066a8                OS_PendListChangePrio
 .text.OS_PendListInit
                0x000066e2       0x26 ./kernel/source/os_core.o
                0x000066e2                OS_PendListInit
 .text.OS_PendListInsertPrio
                0x00006708       0xd8 ./kernel/source/os_core.o
                0x00006708                OS_PendListInsertPrio
 .text.OS_PendListRemove
                0x000067e0       0xaa ./kernel/source/os_core.o
                0x000067e0                OS_PendListRemove
 .text.OS_Post  0x0000688a      0x10e ./kernel/source/os_core.o
                0x0000688a                OS_Post
 .text.OS_RdyListInit
                0x00006998       0x4c ./kernel/source/os_core.o
                0x00006998                OS_RdyListInit
 .text.OS_RdyListInsert
                0x000069e4       0x44 ./kernel/source/os_core.o
                0x000069e4                OS_RdyListInsert
 .text.OS_RdyListInsertHead
                0x00006a28       0x84 ./kernel/source/os_core.o
                0x00006a28                OS_RdyListInsertHead
 .text.OS_RdyListInsertTail
                0x00006aac       0x80 ./kernel/source/os_core.o
                0x00006aac                OS_RdyListInsertTail
 .text.OS_RdyListMoveHeadToTail
                0x00006b2c       0x96 ./kernel/source/os_core.o
                0x00006b2c                OS_RdyListMoveHeadToTail
 *fill*         0x00006bc2        0x2 
 .text.OS_RdyListRemove
                0x00006bc4       0xb8 ./kernel/source/os_core.o
                0x00006bc4                OS_RdyListRemove
 .text.OS_SchedRoundRobin
                0x00006c7c       0x60 ./kernel/source/os_core.o
                0x00006c7c                OS_SchedRoundRobin
 .text.OS_SchedRoundRobinRestartTimer
                0x00006cdc       0x50 ./kernel/source/os_core.o
                0x00006cdc                OS_SchedRoundRobinRestartTimer
 .text.OS_SchedRoundRobinResetQuanta
                0x00006d2c       0xe8 ./kernel/source/os_core.o
                0x00006d2c                OS_SchedRoundRobinResetQuanta
 .text.OS_TaskBlock
                0x00006e14       0xb0 ./kernel/source/os_core.o
                0x00006e14                OS_TaskBlock
 .text.OS_TimerCallback
                0x00006ec4      0x158 ./kernel/source/os_core.o
                0x00006ec4                OS_TimerCallback
 .text.OS_Dbg_Init
                0x0000701c      0x26c ./kernel/source/os_dbg.o
                0x0000701c                OS_Dbg_Init
 .text.OSFlagCreate
                0x00007288      0x11c ./kernel/source/os_flag.o
                0x00007288                OSFlagCreate
 .text.OSFlagPend
                0x000073a4      0x600 ./kernel/source/os_flag.o
                0x000073a4                OSFlagPend
 .text.OSFlagPost
                0x000079a4      0x2b0 ./kernel/source/os_flag.o
                0x000079a4                OSFlagPost
 .text.OS_FlagBlock
                0x00007c54       0x44 ./kernel/source/os_flag.o
                0x00007c54                OS_FlagBlock
 .text.OS_FlagDbgListAdd
                0x00007c98       0x50 ./kernel/source/os_flag.o
                0x00007c98                OS_FlagDbgListAdd
 .text.OS_FlagTaskRdy
                0x00007ce8       0xac ./kernel/source/os_flag.o
                0x00007ce8                OS_FlagTaskRdy
 .text.OS_MsgPoolInit
                0x00007d94       0xe0 ./kernel/source/os_msg.o
                0x00007d94                OS_MsgPoolInit
 .text.OS_MsgQFreeAll
                0x00007e74       0x78 ./kernel/source/os_msg.o
                0x00007e74                OS_MsgQFreeAll
 .text.OS_MsgQInit
                0x00007eec       0x2c ./kernel/source/os_msg.o
                0x00007eec                OS_MsgQInit
 .text.OS_MsgQGet
                0x00007f18      0x110 ./kernel/source/os_msg.o
                0x00007f18                OS_MsgQGet
 .text.OS_MsgQPut
                0x00008028      0x188 ./kernel/source/os_msg.o
                0x00008028                OS_MsgQPut
 .text.OSMutexCreate
                0x000081b0      0x114 ./kernel/source/os_mutex.o
                0x000081b0                OSMutexCreate
 .text.OSMutexPend
                0x000082c4      0x48c ./kernel/source/os_mutex.o
                0x000082c4                OSMutexPend
 .text.OSMutexPost
                0x00008750      0x354 ./kernel/source/os_mutex.o
                0x00008750                OSMutexPost
 .text.OS_MutexDbgListAdd
                0x00008aa4       0x50 ./kernel/source/os_mutex.o
                0x00008aa4                OS_MutexDbgListAdd
 .text.OS_MutexGrpAdd
                0x00008af4       0x24 ./kernel/source/os_mutex.o
                0x00008af4                OS_MutexGrpAdd
 .text.OS_MutexGrpRemove
                0x00008b18       0x3a ./kernel/source/os_mutex.o
                0x00008b18                OS_MutexGrpRemove
 .text.OS_MutexGrpPrioFindHighest
                0x00008b52       0x54 ./kernel/source/os_mutex.o
                0x00008b52                OS_MutexGrpPrioFindHighest
 .text.OS_MutexGrpPostAll
                0x00008ba6       0x86 ./kernel/source/os_mutex.o
                0x00008ba6                OS_MutexGrpPostAll
 .text.OS_PrioInit
                0x00008c2c       0x34 ./kernel/source/os_prio.o
                0x00008c2c                OS_PrioInit
 .text.OS_PrioGetHighest
                0x00008c60       0x38 ./kernel/source/os_prio.o
                0x00008c60                OS_PrioGetHighest
 .text.OS_PrioInsert
                0x00008c98       0x50 ./kernel/source/os_prio.o
                0x00008c98                OS_PrioInsert
 .text.OS_PrioRemove
                0x00008ce8       0x54 ./kernel/source/os_prio.o
                0x00008ce8                OS_PrioRemove
 .text.OSQCreate
                0x00008d3c      0x190 ./kernel/source/os_q.o
                0x00008d3c                OSQCreate
 .text.OSQPend  0x00008ecc      0x3d4 ./kernel/source/os_q.o
                0x00008ecc                OSQPend
 .text.OSQPost  0x000092a0      0x214 ./kernel/source/os_q.o
                0x000092a0                OSQPost
 .text.OS_QDbgListAdd
                0x000094b4       0x50 ./kernel/source/os_q.o
                0x000094b4                OS_QDbgListAdd
 .text.OSSemCreate
                0x00009504      0x11c ./kernel/source/os_sem.o
                0x00009504                OSSemCreate
 .text.OSSemPend
                0x00009620      0x3b8 ./kernel/source/os_sem.o
                0x00009620                OSSemPend
 .text.OSSemPost
                0x000099d8      0x240 ./kernel/source/os_sem.o
                0x000099d8                OSSemPost
 .text.OS_SemDbgListAdd
                0x00009c18       0x50 ./kernel/source/os_sem.o
                0x00009c18                OS_SemDbgListAdd
 .text.OSStatReset
                0x00009c68      0x144 ./kernel/source/os_stat.o
                0x00009c68                OSStatReset
 .text.OS_StatTask
                0x00009dac      0x2d4 ./kernel/source/os_stat.o
                0x00009dac                OS_StatTask
 .text.OS_StatTaskInit
                0x0000a080       0x78 ./kernel/source/os_stat.o
                0x0000a080                OS_StatTaskInit
 .text.OS_StatTickInit
                0x0000a0f8       0x18 ./kernel/source/os_stat.o
                0x0000a0f8                OS_StatTickInit
 .text.OS_StatIdleEnterNotify
                0x0000a110       0x18 ./kernel/source/os_stat.o
                0x0000a110                OS_StatIdleEnterNotify
 .text.OS_StatIdleExitNotify
                0x0000a128       0x44 ./kernel/source/os_stat.o
                0x0000a128                OS_StatIdleExitNotify
 .text.OSTaskCreate
                0x0000a16c      0x4a8 ./kernel/source/os_task.o
                0x0000a16c                OSTaskCreate
 .text.OSTaskDel
                0x0000a614      0x2c8 ./kernel/source/os_task.o
                0x0000a614                OSTaskDel
 .text.OSTaskStkChk
                0x0000a8dc      0x1dc ./kernel/source/os_task.o
                0x0000a8dc                OSTaskStkChk
 .text.OSTaskStkRedzoneChk
                0x0000aab8       0x5c ./kernel/source/os_task.o
                0x0000aab8                OSTaskStkRedzoneChk
 .text.OS_TaskDbgListAdd
                0x0000ab14       0x4c ./kernel/source/os_task.o
                0x0000ab14                OS_TaskDbgListAdd
 .text.OS_TaskDbgListRemove
                0x0000ab60       0x84 ./kernel/source/os_task.o
                0x0000ab60                OS_TaskDbgListRemove
 .text.OS_TaskInit
                0x0000abe4       0x6c ./kernel/source/os_task.o
                0x0000abe4                OS_TaskInit
 .text.OS_TaskInitTCB
                0x0000ac50      0x1a4 ./kernel/source/os_task.o
                0x0000ac50                OS_TaskInitTCB
 .text.OS_TaskReturn
                0x0000adf4       0x28 ./kernel/source/os_task.o
                0x0000adf4                OS_TaskReturn
 .text.OS_TaskStkRedzoneChk
                0x0000ae1c       0x44 ./kernel/source/os_task.o
                0x0000ae1c                OS_TaskStkRedzoneChk
 .text.OS_TaskStkRedzoneInit
                0x0000ae60       0x38 ./kernel/source/os_task.o
                0x0000ae60                OS_TaskStkRedzoneInit
 .text.OS_TaskChangePrio
                0x0000ae98      0x178 ./kernel/source/os_task.o
                0x0000ae98                OS_TaskChangePrio
 .text.OSTimeTickRateHzGet
                0x0000b010       0x54 ./kernel/source/os_time.o
                0x0000b010                OSTimeTickRateHzGet
 .text.OSTimeDly
                0x0000b064      0x3c0 ./kernel/source/os_time.o
                0x0000b064                OSTimeDly
 .text.OSTmrCreate
                0x0000b424      0x200 ./kernel/source/os_tmr.o
                0x0000b424                OSTmrCreate
 .text.OSTmrStart
                0x0000b624      0x260 ./kernel/source/os_tmr.o
                0x0000b624                OSTmrStart
 .text.OS_TmrDbgListAdd
                0x0000b884       0x44 ./kernel/source/os_tmr.o
                0x0000b884                OS_TmrDbgListAdd
 .text.OS_TmrInit
                0x0000b8c8      0x104 ./kernel/source/os_tmr.o
                0x0000b8c8                OS_TmrInit
 .text.OS_TmrUnlink
                0x0000b9cc       0x80 ./kernel/source/os_tmr.o
                0x0000b9cc                OS_TmrUnlink
 .text.OS_TmrTask
                0x0000ba4c       0xd4 ./kernel/source/os_tmr.o
                0x0000ba4c                OS_TmrTask
 .text.OS_TmrLock
                0x0000bb20       0x28 ./kernel/source/os_tmr.o
 .text.OS_TmrUnlock
                0x0000bb48       0x20 ./kernel/source/os_tmr.o
 .text          0x0000bb68       0x18 ./ports/source/gnu/armv7m_cpu_a.o
                0x0000bb68                CPU_CntLeadZeros
                0x0000bb6e                CPU_CntTrailZeros
                0x0000bb78                CPU_RevBits
 .text          0x0000bb80      0x14c ./ports/source/gnu/armv7m_os_cpu_a.o
                0x0000bb80                OSStartHighRdy
                0x0000bbfe                OSCtxSw
                0x0000bc08                OSIntCtxSw
                0x0000bc12                PendSV_Handler
 .text.OSIdleContext
                0x0000bccc        0xc ./ports/source/gnu/armv7m_os_cpu_c.o
                0x0000bccc                OSIdleContext
 .text.OSInitHook
                0x0000bcd8       0x5c ./ports/source/gnu/armv7m_os_cpu_c.o
                0x0000bcd8                OSInitHook
 .text.OSRedzoneHitHook
                0x0000bd34       0x20 ./ports/source/gnu/armv7m_os_cpu_c.o
                0x0000bd34                OSRedzoneHitHook
 .text.OSStatTaskHook
                0x0000bd54        0xe ./ports/source/gnu/armv7m_os_cpu_c.o
                0x0000bd54                OSStatTaskHook
 .text.OSTaskCreateHook
                0x0000bd62       0x14 ./ports/source/gnu/armv7m_os_cpu_c.o
                0x0000bd62                OSTaskCreateHook
 .text.OSTaskDelHook
                0x0000bd76       0x14 ./ports/source/gnu/armv7m_os_cpu_c.o
                0x0000bd76                OSTaskDelHook
 .text.OSTaskReturnHook
                0x0000bd8a       0x14 ./ports/source/gnu/armv7m_os_cpu_c.o
                0x0000bd8a                OSTaskReturnHook
 *fill*         0x0000bd9e        0x2 
 .text.OSTaskStkInit
                0x0000bda0      0x118 ./ports/source/gnu/armv7m_os_cpu_c.o
                0x0000bda0                OSTaskStkInit
 .text.OSTaskSwHook
                0x0000beb8       0x6c ./ports/source/gnu/armv7m_os_cpu_c.o
                0x0000beb8                OSTaskSwHook
 .text.sl_sleeptimer_init
                0x0000bf24       0x94 ./service/sl_sleeptimer.o
                0x0000bf24                sl_sleeptimer_init
 .text.sl_sleeptimer_start_timer
                0x0000bfb8       0x56 ./service/sl_sleeptimer.o
                0x0000bfb8                sl_sleeptimer_start_timer
 *fill*         0x0000c00e        0x2 
 .text.sl_sleeptimer_stop_timer
                0x0000c010       0x7c ./service/sl_sleeptimer.o
                0x0000c010                sl_sleeptimer_stop_timer
 .text.sl_sleeptimer_is_timer_running
                0x0000c08c       0x6c ./service/sl_sleeptimer.o
                0x0000c08c                sl_sleeptimer_is_timer_running
 .text.sl_sleeptimer_get_timer_time_remaining
                0x0000c0f8       0xb4 ./service/sl_sleeptimer.o
                0x0000c0f8                sl_sleeptimer_get_timer_time_remaining
 .text.sl_sleeptimer_get_tick_count
                0x0000c1ac       0x22 ./service/sl_sleeptimer.o
                0x0000c1ac                sl_sleeptimer_get_tick_count
 *fill*         0x0000c1ce        0x2 
 .text.sl_sleeptimer_get_timer_frequency
                0x0000c1d0       0x18 ./service/sl_sleeptimer.o
                0x0000c1d0                sl_sleeptimer_get_timer_frequency
 .text.process_timer_irq
                0x0000c1e8      0x174 ./service/sl_sleeptimer.o
                0x0000c1e8                process_timer_irq
 .text.delta_list_insert_timer
                0x0000c35c       0xbc ./service/sl_sleeptimer.o
 .text.delta_list_remove_timer
                0x0000c418       0x7c ./service/sl_sleeptimer.o
 .text.set_comparator_for_next_timer
                0x0000c494       0x30 ./service/sl_sleeptimer.o
 .text.update_first_timer_delta
                0x0000c4c4       0x70 ./service/sl_sleeptimer.o
 .text.create_timer
                0x0000c534       0x9c ./service/sl_sleeptimer.o
 .text.__NVIC_EnableIRQ
                0x0000c5d0       0x3c ./service/sl_sleeptimer_hal_rtcc.o
 .text.__NVIC_ClearPendingIRQ
                0x0000c60c       0x3c ./service/sl_sleeptimer_hal_rtcc.o
 .text.RTCC_ChannelCompareValueGet
                0x0000c648       0x38 ./service/sl_sleeptimer_hal_rtcc.o
 .text.RTCC_ChannelCompareValueSet
                0x0000c680       0x3c ./service/sl_sleeptimer_hal_rtcc.o
 .text.RTCC_ChannelCCVGet
                0x0000c6bc       0x18 ./service/sl_sleeptimer_hal_rtcc.o
 .text.RTCC_ChannelCCVSet
                0x0000c6d4       0x1a ./service/sl_sleeptimer_hal_rtcc.o
 *fill*         0x0000c6ee        0x2 
 .text.RTCC_CounterGet
                0x0000c6f0       0x18 ./service/sl_sleeptimer_hal_rtcc.o
 .text.RTCC_CounterSet
                0x0000c708       0x20 ./service/sl_sleeptimer_hal_rtcc.o
 .text.RTCC_IntClear
                0x0000c728       0x20 ./service/sl_sleeptimer_hal_rtcc.o
 .text.RTCC_IntDisable
                0x0000c748       0x28 ./service/sl_sleeptimer_hal_rtcc.o
 .text.RTCC_IntEnable
                0x0000c770       0x24 ./service/sl_sleeptimer_hal_rtcc.o
 .text.RTCC_IntGet
                0x0000c794       0x18 ./service/sl_sleeptimer_hal_rtcc.o
 .text.SL_Log2ToDiv
                0x0000c7ac       0x2c ./service/sl_sleeptimer_hal_rtcc.o
 .text.CMU_PrescToLog2
                0x0000c7d8       0x54 ./service/sl_sleeptimer_hal_rtcc.o
 .text.sleeptimer_hal_init_timer
                0x0000c82c       0x94 ./service/sl_sleeptimer_hal_rtcc.o
                0x0000c82c                sleeptimer_hal_init_timer
 .text.sleeptimer_hal_get_counter
                0x0000c8c0        0xe ./service/sl_sleeptimer_hal_rtcc.o
                0x0000c8c0                sleeptimer_hal_get_counter
 .text.sleeptimer_hal_get_compare
                0x0000c8ce       0x10 ./service/sl_sleeptimer_hal_rtcc.o
                0x0000c8ce                sleeptimer_hal_get_compare
 *fill*         0x0000c8de        0x2 
 .text.sleeptimer_hal_set_compare
                0x0000c8e0       0x9c ./service/sl_sleeptimer_hal_rtcc.o
                0x0000c8e0                sleeptimer_hal_set_compare
 .text.sleeptimer_hal_enable_int
                0x0000c97c       0x40 ./service/sl_sleeptimer_hal_rtcc.o
                0x0000c97c                sleeptimer_hal_enable_int
 .text.sleeptimer_hal_disable_int
                0x0000c9bc       0x5c ./service/sl_sleeptimer_hal_rtcc.o
                0x0000c9bc                sleeptimer_hal_disable_int
 .text.RTCC_IRQHandler
                0x0000ca18       0x5c ./service/sl_sleeptimer_hal_rtcc.o
                0x0000ca18                RTCC_IRQHandler
 .text.sleeptimer_hal_get_timer_frequency
                0x0000ca74       0x20 ./service/sl_sleeptimer_hal_rtcc.o
                0x0000ca74                sleeptimer_hal_get_timer_frequency
 .text.get_time_diff
                0x0000ca94       0x1c ./service/sl_sleeptimer_hal_rtcc.o
 .text.BUS_RegBitRead
                0x0000cab0       0x2a ./src/Source_Files/app.o
 *fill*         0x0000cada        0x2 
 .text.GPIO_PinInGet
                0x0000cadc       0xc8 ./src/Source_Files/app.o
 .text.app_peripheral_setup
                0x0000cba4       0x10 ./src/Source_Files/app.o
                0x0000cba4                app_peripheral_setup
 .text.samplePushButton_0
                0x0000cbb4       0x74 ./src/Source_Files/app.o
                0x0000cbb4                samplePushButton_0
 .text.samplePushButton_1
                0x0000cc28       0x74 ./src/Source_Files/app.o
                0x0000cc28                samplePushButton_1
 .text.sampleSliderPosition
                0x0000cc9c       0x9e ./src/Source_Files/app.o
                0x0000cc9c                sampleSliderPosition
 *fill*         0x0000cd3a        0x2 
 .text.__NVIC_EnableIRQ
                0x0000cd3c       0x3c ./src/Source_Files/capsense.o
 .text.CAPSENSE_getPressed
                0x0000cd78       0x4c ./src/Source_Files/capsense.o
                0x0000cd78                CAPSENSE_getPressed
 .text.CAPSENSE_Measure
                0x0000cdc4       0x88 ./src/Source_Files/capsense.o
 .text.CAPSENSE_Sense
                0x0000ce4c       0x54 ./src/Source_Files/capsense.o
                0x0000ce4c                CAPSENSE_Sense
 .text.CAPSENSE_Init
                0x0000cea0       0xa0 ./src/Source_Files/capsense.o
                0x0000cea0                CAPSENSE_Init
 .text.cmu_open
                0x0000cf40       0x14 ./src/Source_Files/cmu.o
                0x0000cf40                cmu_open
 .text.__NVIC_EnableIRQ
                0x0000cf54       0x3c ./src/Source_Files/gpio.o
 .text.__NVIC_ClearPendingIRQ
                0x0000cf90       0x3c ./src/Source_Files/gpio.o
 .text.GPIO_IntClear
                0x0000cfcc       0x20 ./src/Source_Files/gpio.o
 .text.GPIO_IntGet
                0x0000cfec       0x18 ./src/Source_Files/gpio.o
 .text.GPIO_IntConfig
                0x0000d004       0x36 ./src/Source_Files/gpio.o
 .text.gpio_open
                0x0000d03a       0x88 ./src/Source_Files/gpio.o
                0x0000d03a                gpio_open
 .text.GPIO_Unified_IRQ
                0x0000d0c2       0x36 ./src/Source_Files/gpio.o
                0x0000d0c2                GPIO_Unified_IRQ
 .text.GPIO_EVEN_IRQHandler
                0x0000d0f8        0xc ./src/Source_Files/gpio.o
                0x0000d0f8                GPIO_EVEN_IRQHandler
 .text.GPIO_ODD_IRQHandler
                0x0000d104        0xc ./src/Source_Files/gpio.o
                0x0000d104                GPIO_ODD_IRQHandler
 .text.BUS_RegMaskedSet
                0x0000d110       0x24 ./src/main.o
 .text.BUS_RegMaskedClear
                0x0000d134       0x24 ./src/main.o
 .text.GPIO_PinOutClear
                0x0000d158       0xd0 ./src/main.o
 .text.GPIO_PinOutSet
                0x0000d228       0xd0 ./src/main.o
 .text.EMU_EnterEM1
                0x0000d2f8       0x20 ./src/main.o
 .text.main     0x0000d318       0x8c ./src/main.o
                0x0000d318                main
 .text.MainStartTask
                0x0000d3a4      0x1c0 ./src/main.o
 .text.IdleTask
                0x0000d564       0x22 ./src/main.o
 *fill*         0x0000d586        0x2 
 .text.ButtonInputTask
                0x0000d588       0x90 ./src/main.o
 .text.SliderInputTask
                0x0000d618       0x50 ./src/main.o
 .text.LedOutputTask
                0x0000d668       0xd0 ./src/main.o
 .text.TimerCallback
                0x0000d738       0x30 ./src/main.o
                0x0000d738                TimerCallback
 .text          0x0000d768       0x30 c:/siliconlabs/simplicitystudio/v4/developer/toolchains/gnu_arm/7.2_2017q4/bin/../lib/gcc/arm-none-eabi/7.2.1/thumb/v7e-m/fpv4-sp/softfp\libgcc.a(_aeabi_uldivmod.o)
                0x0000d768                __aeabi_uldivmod
 .text          0x0000d798      0x2cc c:/siliconlabs/simplicitystudio/v4/developer/toolchains/gnu_arm/7.2_2017q4/bin/../lib/gcc/arm-none-eabi/7.2.1/thumb/v7e-m/fpv4-sp/softfp\libgcc.a(_udivmoddi4.o)
                0x0000d798                __udivmoddi4
 .text          0x0000da64        0x4 c:/siliconlabs/simplicitystudio/v4/developer/toolchains/gnu_arm/7.2_2017q4/bin/../lib/gcc/arm-none-eabi/7.2.1/thumb/v7e-m/fpv4-sp/softfp\libgcc.a(_dvmd_tls.o)
                0x0000da64                __aeabi_idiv0
                0x0000da64                __aeabi_ldiv0
 .text.exit     0x0000da68       0x28 c:/siliconlabs/simplicitystudio/v4/developer/toolchains/gnu_arm/7.2_2017q4/bin/../lib/gcc/arm-none-eabi/7.2.1/../../../../arm-none-eabi/lib/thumb/v7e-m/fpv4-sp/softfp\libc_nano.a(lib_a-exit.o)
                0x0000da68                exit
 .text.__libc_init_array
                0x0000da90       0x48 c:/siliconlabs/simplicitystudio/v4/developer/toolchains/gnu_arm/7.2_2017q4/bin/../lib/gcc/arm-none-eabi/7.2.1/../../../../arm-none-eabi/lib/thumb/v7e-m/fpv4-sp/softfp\libc_nano.a(lib_a-init.o)
                0x0000da90                __libc_init_array
 .text.memcpy   0x0000dad8       0x16 c:/siliconlabs/simplicitystudio/v4/developer/toolchains/gnu_arm/7.2_2017q4/bin/../lib/gcc/arm-none-eabi/7.2.1/../../../../arm-none-eabi/lib/thumb/v7e-m/fpv4-sp/softfp\libc_nano.a(lib_a-memcpy-stub.o)
                0x0000dad8                memcpy
 .text.memset   0x0000daee       0x10 c:/siliconlabs/simplicitystudio/v4/developer/toolchains/gnu_arm/7.2_2017q4/bin/../lib/gcc/arm-none-eabi/7.2.1/../../../../arm-none-eabi/lib/thumb/v7e-m/fpv4-sp/softfp\libc_nano.a(lib_a-memset.o)
                0x0000daee                memset
 .text.strcpy   0x0000dafe       0x10 c:/siliconlabs/simplicitystudio/v4/developer/toolchains/gnu_arm/7.2_2017q4/bin/../lib/gcc/arm-none-eabi/7.2.1/../../../../arm-none-eabi/lib/thumb/v7e-m/fpv4-sp/softfp\libc_nano.a(lib_a-strcpy.o)
                0x0000dafe                strcpy
 *fill*         0x0000db0e        0x2 
 .text._exit    0x0000db10        0x4 c:/siliconlabs/simplicitystudio/v4/developer/toolchains/gnu_arm/7.2_2017q4/bin/../lib/gcc/arm-none-eabi/7.2.1/../../../../arm-none-eabi/lib/thumb/v7e-m/fpv4-sp/softfp\libnosys.a(_exit.o)
                0x0000db10                _exit
 *(.init)
 .init          0x0000db14        0x4 c:/siliconlabs/simplicitystudio/v4/developer/toolchains/gnu_arm/7.2_2017q4/bin/../lib/gcc/arm-none-eabi/7.2.1/thumb/v7e-m/fpv4-sp/softfp/crti.o
                0x0000db14                _init
 .init          0x0000db18        0x8 c:/siliconlabs/simplicitystudio/v4/developer/toolchains/gnu_arm/7.2_2017q4/bin/../lib/gcc/arm-none-eabi/7.2.1/thumb/v7e-m/fpv4-sp/softfp/crtn.o
 *(.fini)
 .fini          0x0000db20        0x4 c:/siliconlabs/simplicitystudio/v4/developer/toolchains/gnu_arm/7.2_2017q4/bin/../lib/gcc/arm-none-eabi/7.2.1/thumb/v7e-m/fpv4-sp/softfp/crti.o
                0x0000db20                _fini
 .fini          0x0000db24        0x8 c:/siliconlabs/simplicitystudio/v4/developer/toolchains/gnu_arm/7.2_2017q4/bin/../lib/gcc/arm-none-eabi/7.2.1/thumb/v7e-m/fpv4-sp/softfp/crtn.o
 *crtbegin.o(.ctors)
 *crtbegin?.o(.ctors)
 *(EXCLUDE_FILE(*crtend.o *crtend?.o) .ctors)
 *(SORT_BY_NAME(.ctors.*))
 *(.ctors)
 *crtbegin.o(.dtors)
 *crtbegin?.o(.dtors)
 *(EXCLUDE_FILE(*crtend.o *crtend?.o) .dtors)
 *(SORT_BY_NAME(.dtors.*))
 *(.dtors)
 *(.rodata*)
 .rodata.dcdcInit
                0x0000db2c       0x10 ./BSP/siliconlabs/generic/source/bsp_os.o
 .rodata        0x0000db3c       0x17 ./SystemView/SEGGER_RTT.o
 *fill*         0x0000db53        0x1 
 .rodata._abSync
                0x0000db54        0xa ./SystemView/SEGGER_SYSVIEW.o
 *fill*         0x0000db5e        0x2 
 .rodata        0x0000db60        0x8 ./SystemView/SEGGER_SYSVIEW.o
 .rodata        0x0000db68       0x41 ./SystemView/SEGGER_SYSVIEW_Config_MicriumOSKernel.o
 *fill*         0x0000dba9        0x3 
 .rodata        0x0000dbac       0xa3 ./SystemView/SEGGER_SYSVIEW_MicriumOSKernel.o
 *fill*         0x0000dc4f        0x1 
 .rodata.SYSVIEW_X_OS_TraceAPI
                0x0000dc50        0x8 ./SystemView/SEGGER_SYSVIEW_MicriumOSKernel.o
                0x0000dc50                SYSVIEW_X_OS_TraceAPI
 .rodata        0x0000dc58       0x79 ./common/source/common/common.o
 *fill*         0x0000dcd1        0x3 
 .rodata.__func__.8538
                0x0000dcd4        0xc ./common/source/common/common.o
 .rodata        0x0000dce0      0x105 ./common/source/kal/kal_kernel.o
 *fill*         0x0000dde5        0x3 
 .rodata.__func__.8856
                0x0000dde8        0x9 ./common/source/kal/kal_kernel.o
 *fill*         0x0000ddf1        0x3 
 .rodata        0x0000ddf4       0x77 ./common/source/lib/lib_mem.o
 *fill*         0x0000de6b        0x1 
 .rodata.__func__.8643
                0x0000de6c        0xb ./common/source/lib/lib_mem.o
 *fill*         0x0000de77        0x1 
 .rodata.__func__.8709
                0x0000de78       0x12 ./common/source/lib/lib_mem.o
 *fill*         0x0000de8a        0x2 
 .rodata.__func__.8746
                0x0000de8c       0x12 ./common/source/lib/lib_mem.o
 *fill*         0x0000de9e        0x2 
 .rodata.__func__.8756
                0x0000dea0       0x13 ./common/source/lib/lib_mem.o
 *fill*         0x0000deb3        0x1 
 .rodata.__func__.8803
                0x0000deb4       0x15 ./common/source/lib/lib_mem.o
 *fill*         0x0000dec9        0x3 
 .rodata.__func__.8819
                0x0000decc       0x18 ./common/source/lib/lib_mem.o
 .rodata.__func__.8833
                0x0000dee4       0x1a ./common/source/lib/lib_mem.o
 *fill*         0x0000defe        0x2 
 .rodata        0x0000df00       0xd5 ./common/source/platform_mgr/platform_mgr.o
 *fill*         0x0000dfd5        0x3 
 .rodata.__func__.8597
                0x0000dfd8       0x10 ./common/source/platform_mgr/platform_mgr.o
 .rodata        0x0000dfe8     0x2350 ./common/source/rtos/rtos_err_str.o
 .rodata.RTOS_ErrStrTbl
                0x00010338      0x24c ./common/source/rtos/rtos_err_str.o
                0x00010338                RTOS_ErrStrTbl
 .rodata.RTOS_ErrDescStrTbl
                0x00010584      0x24c ./common/source/rtos/rtos_err_str.o
                0x00010584                RTOS_ErrDescStrTbl
 .rodata        0x000107d0       0x71 ./cpu/source/cpu_core.o
 *fill*         0x00010841        0x3 
 .rodata.__func__.8503
                0x00010844       0x12 ./cpu/source/cpu_core.o
 *fill*         0x00010856        0x2 
 .rodata        0x00010858       0x13 ./emlib/em_acmp.o
 *fill*         0x0001086b        0x1 
 .rodata        0x0001086c      0x12f ./emlib/em_cmu.o
 *fill*         0x0001099b        0x1 
 .rodata.flashWsTable
                0x0001099c       0x28 ./emlib/em_cmu.o
 .rodata        0x000109c4       0x63 ./emlib/em_emu.o
 *fill*         0x00010a27        0x1 
 .rodata        0x00010a28       0xc8 ./emlib/em_gpio.o
 .rodata        0x00010af0       0x64 ./emlib/em_rtcc.o
 .rodata.OSCfg_StkSizeMin
                0x00010b54        0x4 ./kernel/source/os_cfg_app.o
                0x00010b54                OSCfg_StkSizeMin
 .rodata        0x00010b58       0xea ./kernel/source/os_core.o
 *fill*         0x00010c42        0x2 
 .rodata.__func__.9085
                0x00010c44        0x7 ./kernel/source/os_core.o
 *fill*         0x00010c4b        0x1 
 .rodata.__func__.9110
                0x00010c4c        0xc ./kernel/source/os_core.o
 .rodata.__func__.9117
                0x00010c58        0xe ./kernel/source/os_core.o
 *fill*         0x00010c66        0x2 
 .rodata.__func__.9140
                0x00010c68        0x8 ./kernel/source/os_core.o
 .rodata        0x00010c70       0x7e ./kernel/source/os_flag.o
 *fill*         0x00010cee        0x2 
 .rodata.__func__.9051
                0x00010cf0        0xd ./kernel/source/os_flag.o
 *fill*         0x00010cfd        0x3 
 .rodata.__func__.9090
                0x00010d00        0xb ./kernel/source/os_flag.o
 *fill*         0x00010d0b        0x1 
 .rodata.__func__.9151
                0x00010d0c        0xb ./kernel/source/os_flag.o
 *fill*         0x00010d17        0x1 
 .rodata        0x00010d18       0x72 ./kernel/source/os_msg.o
 *fill*         0x00010d8a        0x2 
 .rodata.__func__.9054
                0x00010d8c        0xf ./kernel/source/os_msg.o
 *fill*         0x00010d9b        0x1 
 .rodata.__func__.9073
                0x00010d9c        0xb ./kernel/source/os_msg.o
 *fill*         0x00010da7        0x1 
 .rodata.__func__.9084
                0x00010da8        0xb ./kernel/source/os_msg.o
 *fill*         0x00010db3        0x1 
 .rodata        0x00010db4       0x7e ./kernel/source/os_mutex.o
 *fill*         0x00010e32        0x2 
 .rodata.__func__.9050
                0x00010e34        0xe ./kernel/source/os_mutex.o
 *fill*         0x00010e42        0x2 
 .rodata.__func__.9088
                0x00010e44        0xc ./kernel/source/os_mutex.o
 .rodata.__func__.9131
                0x00010e50        0xc ./kernel/source/os_mutex.o
 .rodata        0x00010e5c       0x76 ./kernel/source/os_q.o
 *fill*         0x00010ed2        0x2 
 .rodata.__func__.9051
                0x00010ed4        0xa ./kernel/source/os_q.o
 *fill*         0x00010ede        0x2 
 .rodata.__func__.9101
                0x00010ee0        0x8 ./kernel/source/os_q.o
 .rodata.__func__.9146
                0x00010ee8        0x8 ./kernel/source/os_q.o
 .rodata        0x00010ef0       0x7e ./kernel/source/os_sem.o
 *fill*         0x00010f6e        0x2 
 .rodata.__func__.9051
                0x00010f70        0xc ./kernel/source/os_sem.o
 .rodata.__func__.9087
                0x00010f7c        0xa ./kernel/source/os_sem.o
 *fill*         0x00010f86        0x2 
 .rodata.__func__.9129
                0x00010f88        0xa ./kernel/source/os_sem.o
 *fill*         0x00010f92        0x2 
 .rodata        0x00010f94       0x87 ./kernel/source/os_stat.o
 *fill*         0x0001101b        0x1 
 .rodata.__func__.9061
                0x0001101c        0xc ./kernel/source/os_stat.o
 .rodata        0x00011028       0x7e ./kernel/source/os_task.o
 *fill*         0x000110a6        0x2 
 .rodata.__func__.9076
                0x000110a8        0xd ./kernel/source/os_task.o
 *fill*         0x000110b5        0x3 
 .rodata.__func__.9099
                0x000110b8        0xa ./kernel/source/os_task.o
 *fill*         0x000110c2        0x2 
 .rodata.__func__.9312
                0x000110c4        0xd ./kernel/source/os_task.o
 *fill*         0x000110d1        0x3 
 .rodata.__func__.9362
                0x000110d4        0xc ./kernel/source/os_task.o
 .rodata        0x000110e0       0x73 ./kernel/source/os_time.o
 *fill*         0x00011153        0x1 
 .rodata.__func__.9047
                0x00011154       0x14 ./kernel/source/os_time.o
 .rodata.__func__.9056
                0x00011168        0xa ./kernel/source/os_time.o
 *fill*         0x00011172        0x2 
 .rodata        0x00011174       0xa0 ./kernel/source/os_tmr.o
 .rodata.__func__.9058
                0x00011214        0xc ./kernel/source/os_tmr.o
 .rodata.__func__.9128
                0x00011220        0xb ./kernel/source/os_tmr.o
 *fill*         0x0001122b        0x1 
 .rodata        0x0001122c      0x143 ./service/sl_sleeptimer_hal_rtcc.o
 *fill*         0x0001136f        0x1 
 .rodata        0x00011370       0x64 ./src/Source_Files/app.o
 .rodata.channelList
                0x000113d4        0x4 ./src/Source_Files/capsense.o
 .rodata        0x000113d8       0x18 ./src/Source_Files/capsense.o
 .rodata        0x000113f0       0xfa ./src/main.o
 *fill*         0x000114ea        0x2 
 .rodata._global_impure_ptr
                0x000114ec        0x4 c:/siliconlabs/simplicitystudio/v4/developer/toolchains/gnu_arm/7.2_2017q4/bin/../lib/gcc/arm-none-eabi/7.2.1/../../../../arm-none-eabi/lib/thumb/v7e-m/fpv4-sp/softfp\libc_nano.a(lib_a-impure.o)
                0x000114ec                _global_impure_ptr
 *(.eh_frame*)
 .eh_frame      0x000114f0        0x0 c:/siliconlabs/simplicitystudio/v4/developer/toolchains/gnu_arm/7.2_2017q4/bin/../lib/gcc/arm-none-eabi/7.2.1/thumb/v7e-m/fpv4-sp/softfp/crtbegin.o
 .eh_frame      0x000114f0        0x4 c:/siliconlabs/simplicitystudio/v4/developer/toolchains/gnu_arm/7.2_2017q4/bin/../lib/gcc/arm-none-eabi/7.2.1/thumb/v7e-m/fpv4-sp/softfp/crtend.o

.glue_7         0x000114f4        0x0
 .glue_7        0x000114f4        0x0 linker stubs

.glue_7t        0x000114f4        0x0
 .glue_7t       0x000114f4        0x0 linker stubs

.vfp11_veneer   0x000114f4        0x0
 .vfp11_veneer  0x000114f4        0x0 linker stubs

.v4_bx          0x000114f4        0x0
 .v4_bx         0x000114f4        0x0 linker stubs

.iplt           0x000114f4        0x0
 .iplt          0x000114f4        0x0 c:/siliconlabs/simplicitystudio/v4/developer/toolchains/gnu_arm/7.2_2017q4/bin/../lib/gcc/arm-none-eabi/7.2.1/thumb/v7e-m/fpv4-sp/softfp/crtbegin.o

.ARM.extab
 *(.ARM.extab* .gnu.linkonce.armextab.*)
                0x000114f4                __exidx_start = .

.ARM.exidx      0x000114f4        0x8
 *(.ARM.exidx* .gnu.linkonce.armexidx.*)
 .ARM.exidx     0x000114f4        0x8 c:/siliconlabs/simplicitystudio/v4/developer/toolchains/gnu_arm/7.2_2017q4/bin/../lib/gcc/arm-none-eabi/7.2.1/../../../../arm-none-eabi/lib/thumb/v7e-m/fpv4-sp/softfp/crt0.o
 .ARM.exidx     0x000114fc        0x0 c:/siliconlabs/simplicitystudio/v4/developer/toolchains/gnu_arm/7.2_2017q4/bin/../lib/gcc/arm-none-eabi/7.2.1/thumb/v7e-m/fpv4-sp/softfp\libgcc.a(_udivmoddi4.o)
                                  0x8 (size before relaxing)
                0x000114fc                __exidx_end = .
                0x000114fc                __etext = .

.rel.dyn        0x000114fc        0x0
 .rel.iplt      0x000114fc        0x0 c:/siliconlabs/simplicitystudio/v4/developer/toolchains/gnu_arm/7.2_2017q4/bin/../lib/gcc/arm-none-eabi/7.2.1/thumb/v7e-m/fpv4-sp/softfp/crtbegin.o

.data           0x20000000      0x124 load address 0x000114fc
                0x20000000                __data_start__ = .
 *(vtable)
 *(.data*)
 .data.SystemHFXOClock
                0x20000000        0x4 ./CMSIS/EFM32PG12B/system_efm32pg12b.o
 .data.SystemLFXOClock
                0x20000004        0x4 ./CMSIS/EFM32PG12B/system_efm32pg12b.o
 .data.SystemCoreClock
                0x20000008        0x4 ./CMSIS/EFM32PG12B/system_efm32pg12b.o
                0x20000008                SystemCoreClock
 .data.SystemHfrcoFreq
                0x2000000c        0x4 ./CMSIS/EFM32PG12B/system_efm32pg12b.o
                0x2000000c                SystemHfrcoFreq
 .data.Mem_SegHeap
                0x20000010       0x14 ./common/source/lib/lib_mem.o
                0x20000010                Mem_SegHeap
 .data.PlatformMgr_InitCfg
                0x20000024        0x8 ./common/source/platform_mgr/platform_mgr.o
 .data.auxHfrcoFreq
                0x2000002c        0x4 ./emlib/em_cmu.o
 .data.OS_InitCfg
                0x20000030       0x38 ./kernel/source/os_core.o
 .data.OSDbg_DbgEn
                0x20000068        0x1 ./kernel/source/os_dbg.o
                0x20000068                OSDbg_DbgEn
 .data.OSDbg_ArgChkEn
                0x20000069        0x1 ./kernel/source/os_dbg.o
                0x20000069                OSDbg_ArgChkEn
 *fill*         0x2000006a        0x2 
 .data.OSDbg_EndiannessTest
                0x2000006c        0x4 ./kernel/source/os_dbg.o
                0x2000006c                OSDbg_EndiannessTest
 .data.OSDbg_FlagEn
                0x20000070        0x1 ./kernel/source/os_dbg.o
                0x20000070                OSDbg_FlagEn
 *fill*         0x20000071        0x1 
 .data.OSDbg_FlagGrpSize
                0x20000072        0x2 ./kernel/source/os_dbg.o
                0x20000072                OSDbg_FlagGrpSize
 .data.OSDbg_FlagWidth
                0x20000074        0x2 ./kernel/source/os_dbg.o
                0x20000074                OSDbg_FlagWidth
 .data.OSDbg_MsgEn
                0x20000076        0x1 ./kernel/source/os_dbg.o
                0x20000076                OSDbg_MsgEn
 *fill*         0x20000077        0x1 
 .data.OSDbg_MsgSize
                0x20000078        0x2 ./kernel/source/os_dbg.o
                0x20000078                OSDbg_MsgSize
 .data.OSDbg_MsgPoolSize
                0x2000007a        0x2 ./kernel/source/os_dbg.o
                0x2000007a                OSDbg_MsgPoolSize
 .data.OSDbg_MsgQSize
                0x2000007c        0x2 ./kernel/source/os_dbg.o
                0x2000007c                OSDbg_MsgQSize
 .data.OSDbg_MutexEn
                0x2000007e        0x1 ./kernel/source/os_dbg.o
                0x2000007e                OSDbg_MutexEn
 *fill*         0x2000007f        0x1 
 .data.OSDbg_MutexSize
                0x20000080        0x2 ./kernel/source/os_dbg.o
                0x20000080                OSDbg_MutexSize
 .data.OSDbg_PendListSize
                0x20000082        0x2 ./kernel/source/os_dbg.o
                0x20000082                OSDbg_PendListSize
 .data.OSDbg_PendObjSize
                0x20000084        0x2 ./kernel/source/os_dbg.o
                0x20000084                OSDbg_PendObjSize
 .data.OSDbg_PrioMax
                0x20000086        0x2 ./kernel/source/os_dbg.o
                0x20000086                OSDbg_PrioMax
 .data.OSDbg_PrioTblSize
                0x20000088        0x2 ./kernel/source/os_dbg.o
                0x20000088                OSDbg_PrioTblSize
 .data.OSDbg_PtrSize
                0x2000008a        0x2 ./kernel/source/os_dbg.o
                0x2000008a                OSDbg_PtrSize
 .data.OSDbg_QEn
                0x2000008c        0x1 ./kernel/source/os_dbg.o
                0x2000008c                OSDbg_QEn
 *fill*         0x2000008d        0x1 
 .data.OSDbg_QSize
                0x2000008e        0x2 ./kernel/source/os_dbg.o
                0x2000008e                OSDbg_QSize
 .data.OSDbg_SchedRoundRobinEn
                0x20000090        0x1 ./kernel/source/os_dbg.o
                0x20000090                OSDbg_SchedRoundRobinEn
 .data.OSDbg_SemEn
                0x20000091        0x1 ./kernel/source/os_dbg.o
                0x20000091                OSDbg_SemEn
 .data.OSDbg_SemSize
                0x20000092        0x2 ./kernel/source/os_dbg.o
                0x20000092                OSDbg_SemSize
 .data.OSDbg_RdyList
                0x20000094        0x2 ./kernel/source/os_dbg.o
                0x20000094                OSDbg_RdyList
 *fill*         0x20000096        0x2 
 .data.OSDbg_RdyListSize
                0x20000098        0x4 ./kernel/source/os_dbg.o
                0x20000098                OSDbg_RdyListSize
 .data.OSDbg_StkWidth
                0x2000009c        0x1 ./kernel/source/os_dbg.o
                0x2000009c                OSDbg_StkWidth
 .data.OSDbg_StatTaskEn
                0x2000009d        0x1 ./kernel/source/os_dbg.o
                0x2000009d                OSDbg_StatTaskEn
 .data.OSDbg_StatTaskStkChkEn
                0x2000009e        0x1 ./kernel/source/os_dbg.o
                0x2000009e                OSDbg_StatTaskStkChkEn
 .data.OSDbg_TaskChangePrioEn
                0x2000009f        0x1 ./kernel/source/os_dbg.o
                0x2000009f                OSDbg_TaskChangePrioEn
 .data.OSDbg_TaskDelEn
                0x200000a0        0x1 ./kernel/source/os_dbg.o
                0x200000a0                OSDbg_TaskDelEn
 .data.OSDbg_TaskQEn
                0x200000a1        0x1 ./kernel/source/os_dbg.o
                0x200000a1                OSDbg_TaskQEn
 .data.OSDbg_TaskProfileEn
                0x200000a2        0x1 ./kernel/source/os_dbg.o
                0x200000a2                OSDbg_TaskProfileEn
 *fill*         0x200000a3        0x1 
 .data.OSDbg_TaskRegTblSize
                0x200000a4        0x2 ./kernel/source/os_dbg.o
                0x200000a4                OSDbg_TaskRegTblSize
 .data.OSDbg_TaskSuspendEn
                0x200000a6        0x1 ./kernel/source/os_dbg.o
                0x200000a6                OSDbg_TaskSuspendEn
 *fill*         0x200000a7        0x1 
 .data.OSDbg_TCBSize
                0x200000a8        0x2 ./kernel/source/os_dbg.o
                0x200000a8                OSDbg_TCBSize
 .data.OSDbg_TickListSize
                0x200000aa        0x2 ./kernel/source/os_dbg.o
                0x200000aa                OSDbg_TickListSize
 .data.OSDbg_TmrEn
                0x200000ac        0x1 ./kernel/source/os_dbg.o
                0x200000ac                OSDbg_TmrEn
 *fill*         0x200000ad        0x1 
 .data.OSDbg_TmrSize
                0x200000ae        0x2 ./kernel/source/os_dbg.o
                0x200000ae                OSDbg_TmrSize
 .data.OSDbg_VersionNbr
                0x200000b0        0x2 ./kernel/source/os_dbg.o
                0x200000b0                OSDbg_VersionNbr
 *fill*         0x200000b2        0x2 
 .data.OSDbg_DataSize
                0x200000b4        0x4 ./kernel/source/os_dbg.o
                0x200000b4                OSDbg_DataSize
 .data.cc_disabled
                0x200000b8        0x1 ./service/sl_sleeptimer_hal_rtcc.o
 *fill*         0x200000b9        0x3 
 .data.impure_data
                0x200000bc       0x60 c:/siliconlabs/simplicitystudio/v4/developer/toolchains/gnu_arm/7.2_2017q4/bin/../lib/gcc/arm-none-eabi/7.2.1/../../../../arm-none-eabi/lib/thumb/v7e-m/fpv4-sp/softfp\libc_nano.a(lib_a-impure.o)
                0x2000011c                . = ALIGN (0x4)
                [!provide]                PROVIDE (__ram_func_section_start, .)
 *(.ram)
                [!provide]                PROVIDE (__ram_func_section_end, .)
                0x2000011c                . = ALIGN (0x4)
                0x2000011c                PROVIDE (__preinit_array_start, .)
 *(.preinit_array)
                0x2000011c                PROVIDE (__preinit_array_end, .)
                0x2000011c                . = ALIGN (0x4)
                0x2000011c                PROVIDE (__init_array_start, .)
 *(SORT_BY_NAME(.init_array.*))
 *(.init_array)
 .init_array    0x2000011c        0x4 c:/siliconlabs/simplicitystudio/v4/developer/toolchains/gnu_arm/7.2_2017q4/bin/../lib/gcc/arm-none-eabi/7.2.1/thumb/v7e-m/fpv4-sp/softfp/crtbegin.o
                0x20000120                PROVIDE (__init_array_end, .)
                0x20000120                . = ALIGN (0x4)
                [!provide]                PROVIDE (__fini_array_start, .)
 *(SORT_BY_NAME(.fini_array.*))
 *(.fini_array)
 .fini_array    0x20000120        0x4 c:/siliconlabs/simplicitystudio/v4/developer/toolchains/gnu_arm/7.2_2017q4/bin/../lib/gcc/arm-none-eabi/7.2.1/thumb/v7e-m/fpv4-sp/softfp/crtbegin.o
                [!provide]                PROVIDE (__fini_array_end, .)
 *(.jcr*)
                0x20000124                . = ALIGN (0x4)
                0x20000124                __data_end__ = .

.igot.plt       0x20000124        0x0 load address 0x00011620
 .igot.plt      0x20000124        0x0 c:/siliconlabs/simplicitystudio/v4/developer/toolchains/gnu_arm/7.2_2017q4/bin/../lib/gcc/arm-none-eabi/7.2.1/thumb/v7e-m/fpv4-sp/softfp/crtbegin.o

.bss            0x20000124     0xa970 load address 0x00011620
                0x20000124                . = ALIGN (0x4)
                0x20000124                __bss_start__ = .
 *(.bss*)
 .bss           0x20000124       0x1c c:/siliconlabs/simplicitystudio/v4/developer/toolchains/gnu_arm/7.2_2017q4/bin/../lib/gcc/arm-none-eabi/7.2.1/thumb/v7e-m/fpv4-sp/softfp/crtbegin.o
 .bss._acUpBuffer
                0x20000140      0x400 ./SystemView/SEGGER_RTT.o
 .bss._acDownBuffer
                0x20000540       0x10 ./SystemView/SEGGER_RTT.o
 .bss._UpBuffer
                0x20000550     0x4000 ./SystemView/SEGGER_SYSVIEW.o
 .bss._DownBuffer
                0x20004550        0x8 ./SystemView/SEGGER_SYSVIEW.o
 .bss._SYSVIEW_Globals
                0x20004558       0x28 ./SystemView/SEGGER_SYSVIEW.o
 .bss._pFirstModule
                0x20004580        0x4 ./SystemView/SEGGER_SYSVIEW.o
 .bss._NumModules
                0x20004584        0x1 ./SystemView/SEGGER_SYSVIEW.o
 *fill*         0x20004585        0x3 
 .bss._aPacket  0x20004588       0xe3 ./SystemView/SEGGER_SYSVIEW.o
 *fill*         0x2000466b        0x1 
 .bss._aTasks   0x2000466c      0x280 ./SystemView/SEGGER_SYSVIEW_MicriumOSKernel.o
 .bss._NumTasks
                0x200048ec        0x4 ./SystemView/SEGGER_SYSVIEW_MicriumOSKernel.o
 .bss._aResources
                0x200048f0      0xc00 ./SystemView/SEGGER_SYSVIEW_MicriumOSKernel.o
 .bss._NumResources
                0x200054f0        0x4 ./SystemView/SEGGER_SYSVIEW_MicriumOSKernel.o
 .bss.Common_IsInit
                0x200054f4        0x1 ./common/source/common/common.o
 *fill*         0x200054f5        0x3 
 .bss.Common_InitCfg
                0x200054f8        0x4 ./common/source/common/common.o
 .bss.KAL_DataPtr
                0x200054fc        0x4 ./common/source/kal/kal_kernel.o
 .bss.Math_RandSeedCur
                0x20005500        0x4 ./common/source/lib/lib_math.o
 .bss.PlatformMgrPtr
                0x20005504        0x4 ./common/source/platform_mgr/platform_mgr.o
 .bss.dcdcMaxCurrent_mA
                0x20005508        0x2 ./emlib/em_emu.o
 .bss.dcdcEm01LoadCurrent_mA
                0x2000550a        0x2 ./emlib/em_emu.o
 .bss.dcdcReverseCurrentControl
                0x2000550c        0x2 ./emlib/em_emu.o
 *fill*         0x2000550e        0x2 
 .bss.vScaleEM01Config
                0x20005510        0x1 ./emlib/em_emu.o
 *fill*         0x20005511        0x3 
 .bss.OSCfg_ISRStkBasePtr
                0x20005514        0x4 ./kernel/source/os_cfg_app.o
                0x20005514                OSCfg_ISRStkBasePtr
 .bss.OSCfg_ISRStkSize
                0x20005518        0x4 ./kernel/source/os_cfg_app.o
                0x20005518                OSCfg_ISRStkSize
 .bss.OSCfg_ISRStkSizeRAM
                0x2000551c        0x4 ./kernel/source/os_cfg_app.o
                0x2000551c                OSCfg_ISRStkSizeRAM
 .bss.OSCfg_MsgPoolBasePtr
                0x20005520        0x4 ./kernel/source/os_cfg_app.o
                0x20005520                OSCfg_MsgPoolBasePtr
 .bss.OSCfg_MsgPoolSize
                0x20005524        0x2 ./kernel/source/os_cfg_app.o
                0x20005524                OSCfg_MsgPoolSize
 *fill*         0x20005526        0x2 
 .bss.OSCfg_MsgPoolSizeRAM
                0x20005528        0x4 ./kernel/source/os_cfg_app.o
                0x20005528                OSCfg_MsgPoolSizeRAM
 .bss.OSCfg_StatTaskPrio
                0x2000552c        0x1 ./kernel/source/os_cfg_app.o
                0x2000552c                OSCfg_StatTaskPrio
 *fill*         0x2000552d        0x3 
 .bss.OSCfg_StatTaskRate_Hz
                0x20005530        0x4 ./kernel/source/os_cfg_app.o
                0x20005530                OSCfg_StatTaskRate_Hz
 .bss.OSCfg_StatTaskStkBasePtr
                0x20005534        0x4 ./kernel/source/os_cfg_app.o
                0x20005534                OSCfg_StatTaskStkBasePtr
 .bss.OSCfg_StatTaskStkLimit
                0x20005538        0x4 ./kernel/source/os_cfg_app.o
                0x20005538                OSCfg_StatTaskStkLimit
 .bss.OSCfg_StatTaskStkSize
                0x2000553c        0x4 ./kernel/source/os_cfg_app.o
                0x2000553c                OSCfg_StatTaskStkSize
 .bss.OSCfg_StatTaskStkSizeRAM
                0x20005540        0x4 ./kernel/source/os_cfg_app.o
                0x20005540                OSCfg_StatTaskStkSizeRAM
 .bss.OSCfg_TmrTaskPrio
                0x20005544        0x1 ./kernel/source/os_cfg_app.o
                0x20005544                OSCfg_TmrTaskPrio
 *fill*         0x20005545        0x3 
 .bss.OSCfg_TmrTaskRate_Hz
                0x20005548        0x4 ./kernel/source/os_cfg_app.o
                0x20005548                OSCfg_TmrTaskRate_Hz
 .bss.OSCfg_TmrTaskStkBasePtr
                0x2000554c        0x4 ./kernel/source/os_cfg_app.o
                0x2000554c                OSCfg_TmrTaskStkBasePtr
 .bss.OSCfg_TmrTaskStkLimit
                0x20005550        0x4 ./kernel/source/os_cfg_app.o
                0x20005550                OSCfg_TmrTaskStkLimit
 .bss.OSCfg_TmrTaskStkSize
                0x20005554        0x4 ./kernel/source/os_cfg_app.o
                0x20005554                OSCfg_TmrTaskStkSize
 .bss.OSCfg_TmrTaskStkSizeRAM
                0x20005558        0x4 ./kernel/source/os_cfg_app.o
                0x20005558                OSCfg_TmrTaskStkSizeRAM
 .bss.OSCfg_TickRate_Hz
                0x2000555c        0x4 ./kernel/source/os_cfg_app.o
                0x2000555c                OSCfg_TickRate_Hz
 .bss.OSCfg_DataSizeRAM
                0x20005560        0x4 ./kernel/source/os_cfg_app.o
                0x20005560                OSCfg_DataSizeRAM
 .bss.OSDelayMaxMilli
                0x20005564        0x4 ./kernel/source/os_core.o
                0x20005564                OSDelayMaxMilli
 .bss.OSDelayMaxTick
                0x20005568        0x4 ./kernel/source/os_core.o
                0x20005568                OSDelayMaxTick
 .bss.OSDbg_AppHooksEn
                0x2000556c        0x1 ./kernel/source/os_dbg.o
                0x2000556c                OSDbg_AppHooksEn
 *fill*         0x2000556d        0x3 
 .bss.OSDbg_FlagGrp
                0x20005570       0x2c ./kernel/source/os_dbg.o
                0x20005570                OSDbg_FlagGrp
 .bss.OSDbg_FlagModeClrEn
                0x2000559c        0x1 ./kernel/source/os_dbg.o
                0x2000559c                OSDbg_FlagModeClrEn
 *fill*         0x2000559d        0x3 
 .bss.OSDbg_Mutex
                0x200055a0       0x34 ./kernel/source/os_dbg.o
                0x200055a0                OSDbg_Mutex
 .bss.OSDbg_Q   0x200055d4       0x30 ./kernel/source/os_dbg.o
                0x200055d4                OSDbg_Q
 .bss.OSDbg_Sem
                0x20005604       0x2c ./kernel/source/os_dbg.o
                0x20005604                OSDbg_Sem
 .bss.OSDbg_Tmr
                0x20005630       0x30 ./kernel/source/os_dbg.o
                0x20005630                OSDbg_Tmr
 .bss.OSIdleCPUUsage
                0x20005660        0x2 ./kernel/source/os_stat.o
                0x20005660                OSIdleCPUUsage
 *fill*         0x20005662        0x2 
 .bss.OSIdleTotalTick
                0x20005664        0x4 ./kernel/source/os_stat.o
 .bss.OSStatStartTick
                0x20005668        0x4 ./kernel/source/os_stat.o
 .bss.OSIdleStartTick
                0x2000566c        0x4 ./kernel/source/os_stat.o
 .bss.overflow_counter
                0x20005670        0x2 ./service/sl_sleeptimer.o
 *fill*         0x20005672        0x2 
 .bss.timer_frequency
                0x20005674        0x4 ./service/sl_sleeptimer.o
 .bss.timer_head
                0x20005678        0x4 ./service/sl_sleeptimer.o
 .bss.last_delta_update_count
                0x2000567c        0x4 ./service/sl_sleeptimer.o
 .bss.is_sleeptimer_initialized
                0x20005680        0x1 ./service/sl_sleeptimer.o
 *fill*         0x20005681        0x3 
 .bss.max_millisecond_conversion
                0x20005684        0x4 ./service/sl_sleeptimer.o
 .bss.currentChannel
                0x20005688        0x1 ./src/Source_Files/capsense.o
 *fill*         0x20005689        0x3 
 .bss.channelValues
                0x2000568c       0x10 ./src/Source_Files/capsense.o
 .bss.channelMaxValues
                0x2000569c       0x10 ./src/Source_Files/capsense.o
 .bss.MainStartTaskStk
                0x200056ac      0x800 ./src/main.o
 .bss.MainStartTaskTCB
                0x20005eac       0xf4 ./src/main.o
 .bss.ButtonInputTaskStk
                0x20005fa0      0x800 ./src/main.o
 .bss.ButtonInputTaskTCB
                0x200067a0       0xf4 ./src/main.o
 .bss.SliderInputTaskStk
                0x20006894      0x800 ./src/main.o
 .bss.SliderInputTaskTCB
                0x20007094       0xf4 ./src/main.o
 .bss.LedOutputTaskStk
                0x20007188      0x800 ./src/main.o
 .bss.LedOutputTaskTCB
                0x20007988       0xf4 ./src/main.o
 .bss.IdleTaskStk
                0x20007a7c      0x800 ./src/main.o
 .bss.IdleTaskTCB
                0x2000827c       0xf4 ./src/main.o
 *(COMMON)
 COMMON         0x20008370       0x78 ./SystemView/SEGGER_RTT.o
                0x20008370                _SEGGER_RTT
 COMMON         0x200083e8       0x18 ./SystemView/SEGGER_SYSVIEW_Config_MicriumOSKernel.o
                0x200083e8                local_err
 COMMON         0x20008400     0x2004 ./common/source/lib/lib_mem.o
                0x20008400                Mem_SegHeadPtr
                0x20008404                Mem_Heap
 COMMON         0x2000a404        0x4 ./cpu/source/cpu_core.o
                0x2000a404                CPU_TS_TmrFreq_Hz
 COMMON         0x2000a408       0x10 ./kernel/source/os_cfg_app.o
                0x2000a408                OSCfg_StatTaskStk
                0x2000a40c                OSCfg_MsgPool
                0x2000a410                OSCfg_TmrTaskStk
                0x2000a414                OSCfg_ISRStk
 COMMON         0x2000a418       0x1c ./kernel/source/os_core.o
                0x2000a418                OSRoundRobinTimer
                0x2000a430                OSRoundRobinCurTCB
 COMMON         0x2000a434        0x8 ./kernel/source/os_prio.o
                0x2000a434                OSPrioTbl
 COMMON         0x2000a43c      0x59c ./kernel/source/os_var.o
                0x2000a43c                OSSchedLockNestingCtr
                0x2000a440                OSStatTaskTimeMax
                0x2000a444                OSTaskRegNextAvailID
                0x2000a445                OSRunning
                0x2000a448                OSRdyList
                0x2000a748                OSInitialized
                0x2000a74a                OSMonQty
                0x2000a74c                OSPrioHighRdy
                0x2000a74d                OSStatTaskRdy
                0x2000a750                OSSemDbgListPtr
                0x2000a754                OSPrioCur
                0x2000a758                OSTmrTickCtr
                0x2000a75c                OSTCBCurPtr
                0x2000a760                OSQQty
                0x2000a762                OSStatTaskCPUUsageMax
                0x2000a764                OSTCBHighRdyPtr
                0x2000a768                OSTaskDbgListPtr
                0x2000a76c                OSTmrTaskTimeMax
                0x2000a770                OSTaskCtxSwCtr
                0x2000a774                OSStatTaskCPUUsage
                0x2000a776                OSTaskQty
                0x2000a778                OSTmrTaskTCB
                0x2000a86c                OSMsgPool
                0x2000a878                OSQDbgListPtr
                0x2000a87c                OSSemQty
                0x2000a880                OSSchedRoundRobinDfltTimeQuanta
                0x2000a884                OSMonDbgListPtr
                0x2000a888                OSTmrMutex
                0x2000a8bc                OSTmrQty
                0x2000a8be                OSFlagQty
                0x2000a8c0                OSFlagDbgListPtr
                0x2000a8c4                OSStatResetFlag
                0x2000a8c6                OSMutexQty
                0x2000a8c8                OSStatTaskTCB
                0x2000a9bc                OSTmrListPtr
                0x2000a9c0                OSTmrDbgListPtr
                0x2000a9c4                OSTmrListEntries
                0x2000a9c8                OSTmrUpdateCnt
                0x2000a9cc                OSSchedRoundRobinEn
                0x2000a9d0                OSMutexDbgListPtr
                0x2000a9d4                OSTmrUpdateCtr
 COMMON         0x2000a9d8        0x4 ./ports/source/gnu/armv7m_os_cpu_c.o
                0x2000a9d8                OS_CPU_ExceptStkBase
 COMMON         0x2000a9dc       0xb8 ./src/Source_Files/app.o
                0x2000a9dc                PeriodicTimer
                0x2000aa0c                SliderSemaphore
                0x2000aa38                Message_Queue
                0x2000aa68                ButtonInputEventGroup
                0x2000aa94                . = ALIGN (0x4)
                0x2000aa94                __bss_end__ = .

.heap           0x2000aa98      0xc00
                0x2000aa98                __HeapBase = .
                0x2000aa98                __end__ = .
                0x2000aa98                end = __end__
                0x2000aa98                _end = __end__
 *(.heap*)
 .heap          0x2000aa98      0xc00 ./CMSIS/EFM32PG12B/startup_efm32pg12b.o
                0x2000b698                __HeapLimit = .

.stack_dummy    0x2000aa98      0x400
 *(.stack*)
 .stack         0x2000aa98      0x400 ./CMSIS/EFM32PG12B/startup_efm32pg12b.o
                0x20040000                __StackTop = (ORIGIN (RAM) + LENGTH (RAM))
                0x2003fc00                __StackLimit = (__StackTop - SIZEOF (.stack_dummy))
                0x20040000                PROVIDE (__stack, __StackTop)
                0x00000001                ASSERT ((__StackLimit >= __HeapLimit), region RAM overflowed with stack)
                0x00000001                ASSERT ((LENGTH (FLASH) >= (__etext + SIZEOF (.data))), FLASH memory overflowed !)
OUTPUT(RTOS_Lab6_ITC.axf elf32-littlearm)

.ARM.attributes
                0x00000000       0x2e
 .ARM.attributes
                0x00000000       0x22 c:/siliconlabs/simplicitystudio/v4/developer/toolchains/gnu_arm/7.2_2017q4/bin/../lib/gcc/arm-none-eabi/7.2.1/thumb/v7e-m/fpv4-sp/softfp/crti.o
 .ARM.attributes
                0x00000022       0x32 c:/siliconlabs/simplicitystudio/v4/developer/toolchains/gnu_arm/7.2_2017q4/bin/../lib/gcc/arm-none-eabi/7.2.1/thumb/v7e-m/fpv4-sp/softfp/crtbegin.o
 .ARM.attributes
                0x00000054       0x20 c:/siliconlabs/simplicitystudio/v4/developer/toolchains/gnu_arm/7.2_2017q4/bin/../lib/gcc/arm-none-eabi/7.2.1/../../../../arm-none-eabi/lib/thumb/v7e-m/fpv4-sp/softfp/crt0.o
 .ARM.attributes
                0x00000074       0x37 ./BSP/siliconlabs/generic/source/bsp_cpu.o
 .ARM.attributes
                0x000000ab       0x37 ./BSP/siliconlabs/generic/source/bsp_os.o
 .ARM.attributes
                0x000000e2       0x1f ./CMSIS/EFM32PG12B/startup_efm32pg12b.o
 .ARM.attributes
                0x00000101       0x37 ./CMSIS/EFM32PG12B/system_efm32pg12b.o
 .ARM.attributes
                0x00000138       0x37 ./SystemView/SEGGER_RTT.o
 .ARM.attributes
                0x0000016f       0x25 ./SystemView/SEGGER_RTT_ASM_ARMv7M.o
 .ARM.attributes
                0x00000194       0x37 ./SystemView/SEGGER_SYSVIEW.o
 .ARM.attributes
                0x000001cb       0x37 ./SystemView/SEGGER_SYSVIEW_Config_MicriumOSKernel.o
 .ARM.attributes
                0x00000202       0x37 ./SystemView/SEGGER_SYSVIEW_MicriumOSKernel.o
 .ARM.attributes
                0x00000239       0x37 ./common/source/collections/slist.o
 .ARM.attributes
                0x00000270       0x37 ./common/source/common/common.o
 .ARM.attributes
                0x000002a7       0x37 ./common/source/kal/kal_kernel.o
 .ARM.attributes
                0x000002de       0x37 ./common/source/lib/lib_math.o
 .ARM.attributes
                0x00000315       0x37 ./common/source/lib/lib_mem.o
 .ARM.attributes
                0x0000034c       0x37 ./common/source/platform_mgr/platform_mgr.o
 .ARM.attributes
                0x00000383       0x37 ./common/source/rtos/rtos_err_str.o
 .ARM.attributes
                0x000003ba       0x37 ./cpu/source/cpu_core.o
 .ARM.attributes
                0x000003f1       0x37 ./emlib/em_acmp.o
 .ARM.attributes
                0x00000428       0x37 ./emlib/em_assert.o
 .ARM.attributes
                0x0000045f       0x37 ./emlib/em_cmu.o
 .ARM.attributes
                0x00000496       0x37 ./emlib/em_core.o
 .ARM.attributes
                0x000004cd       0x37 ./emlib/em_emu.o
 .ARM.attributes
                0x00000504       0x37 ./emlib/em_gpio.o
 .ARM.attributes
                0x0000053b       0x37 ./emlib/em_rtcc.o
 .ARM.attributes
                0x00000572       0x37 ./kernel/source/os_cfg_app.o
 .ARM.attributes
                0x000005a9       0x37 ./kernel/source/os_core.o
 .ARM.attributes
                0x000005e0       0x37 ./kernel/source/os_dbg.o
 .ARM.attributes
                0x00000617       0x37 ./kernel/source/os_flag.o
 .ARM.attributes
                0x0000064e       0x37 ./kernel/source/os_msg.o
 .ARM.attributes
                0x00000685       0x37 ./kernel/source/os_mutex.o
 .ARM.attributes
                0x000006bc       0x37 ./kernel/source/os_prio.o
 .ARM.attributes
                0x000006f3       0x37 ./kernel/source/os_q.o
 .ARM.attributes
                0x0000072a       0x37 ./kernel/source/os_sem.o
 .ARM.attributes
                0x00000761       0x37 ./kernel/source/os_stat.o
 .ARM.attributes
                0x00000798       0x37 ./kernel/source/os_task.o
 .ARM.attributes
                0x000007cf       0x37 ./kernel/source/os_time.o
 .ARM.attributes
                0x00000806       0x37 ./kernel/source/os_tmr.o
 .ARM.attributes
                0x0000083d       0x37 ./kernel/source/os_var.o
 .ARM.attributes
                0x00000874       0x25 ./ports/source/gnu/armv7m_cpu_a.o
 .ARM.attributes
                0x00000899       0x25 ./ports/source/gnu/armv7m_os_cpu_a.o
 .ARM.attributes
                0x000008be       0x37 ./ports/source/gnu/armv7m_os_cpu_c.o
 .ARM.attributes
                0x000008f5       0x37 ./service/sl_sleeptimer.o
 .ARM.attributes
                0x0000092c       0x37 ./service/sl_sleeptimer_hal_rtcc.o
 .ARM.attributes
                0x00000963       0x37 ./src/Source_Files/app.o
 .ARM.attributes
                0x0000099a       0x37 ./src/Source_Files/capsense.o
 .ARM.attributes
                0x000009d1       0x37 ./src/Source_Files/cmu.o
 .ARM.attributes
                0x00000a08       0x37 ./src/Source_Files/gpio.o