Archive member included to satisfy reference by file (symbol)

c:/siliconlabs/simplicitystudio/v4/developer/toolchains/gnu_arm/7.2_2017q4/bin/../lib/gcc/arm-none-eabi/7.2.1/thumb/v7e-m/fpv4-sp/softfp\libgcc.a(_aeabi_uldivmod.o)
                              ./BSP/siliconlabs/generic/source/bsp_cpu.o (__aeabi_uldivmod)
c:/siliconlabs/simplicitystudio/v4/developer/toolchains/gnu_arm/7.2_2017q4/bin/../lib/gcc/arm-none-eabi/7.2.1/thumb/v7e-m/fpv4-sp/softfp\libgcc.a(_udivmoddi4.o)
                              c:/siliconlabs/simplicitystudio/v4/developer/toolchains/gnu_arm/7.2_2017q4/bin/../lib/gcc/arm-none-eabi/7.2.1/thumb/v7e-m/fpv4-sp/softfp\libgcc.a(_aeabi_uldivmod.o) (__udivmoddi4)
c:/siliconlabs/simplicitystudio/v4/developer/toolchains/gnu_arm/7.2_2017q4/bin/../lib/gcc/arm-none-eabi/7.2.1/thumb/v7e-m/fpv4-sp/softfp\libgcc.a(_dvmd_tls.o)
                              c:/siliconlabs/simplicitystudio/v4/developer/toolchains/gnu_arm/7.2_2017q4/bin/../lib/gcc/arm-none-eabi/7.2.1/thumb/v7e-m/fpv4-sp/softfp\libgcc.a(_aeabi_uldivmod.o) (__aeabi_ldiv0)
c:/siliconlabs/simplicitystudio/v4/developer/toolchains/gnu_arm/7.2_2017q4/bin/../lib/gcc/arm-none-eabi/7.2.1/../../../../arm-none-eabi/lib/thumb/v7e-m/fpv4-sp/softfp\libc_nano.a(lib_a-exit.o)
                              c:/siliconlabs/simplicitystudio/v4/developer/toolchains/gnu_arm/7.2_2017q4/bin/../lib/gcc/arm-none-eabi/7.2.1/../../../../arm-none-eabi/lib/thumb/v7e-m/fpv4-sp/softfp/crt0.o (exit)
c:/siliconlabs/simplicitystudio/v4/developer/toolchains/gnu_arm/7.2_2017q4/bin/../lib/gcc/arm-none-eabi/7.2.1/../../../../arm-none-eabi/lib/thumb/v7e-m/fpv4-sp/softfp\libc_nano.a(lib_a-impure.o)
                              c:/siliconlabs/simplicitystudio/v4/developer/toolchains/gnu_arm/7.2_2017q4/bin/../lib/gcc/arm-none-eabi/7.2.1/../../../../arm-none-eabi/lib/thumb/v7e-m/fpv4-sp/softfp\libc_nano.a(lib_a-exit.o) (_global_impure_ptr)
c:/siliconlabs/simplicitystudio/v4/developer/toolchains/gnu_arm/7.2_2017q4/bin/../lib/gcc/arm-none-eabi/7.2.1/../../../../arm-none-eabi/lib/thumb/v7e-m/fpv4-sp/softfp\libc_nano.a(lib_a-init.o)
                              c:/siliconlabs/simplicitystudio/v4/developer/toolchains/gnu_arm/7.2_2017q4/bin/../lib/gcc/arm-none-eabi/7.2.1/../../../../arm-none-eabi/lib/thumb/v7e-m/fpv4-sp/softfp/crt0.o (__libc_init_array)
c:/siliconlabs/simplicitystudio/v4/developer/toolchains/gnu_arm/7.2_2017q4/bin/../lib/gcc/arm-none-eabi/7.2.1/../../../../arm-none-eabi/lib/thumb/v7e-m/fpv4-sp/softfp\libc_nano.a(lib_a-malloc.o)
                              ./src/Source_Files/fifo_queue.o (malloc)
c:/siliconlabs/simplicitystudio/v4/developer/toolchains/gnu_arm/7.2_2017q4/bin/../lib/gcc/arm-none-eabi/7.2.1/../../../../arm-none-eabi/lib/thumb/v7e-m/fpv4-sp/softfp\libc_nano.a(lib_a-memcpy-stub.o)
                              ./Drivers/display.o (memcpy)
c:/siliconlabs/simplicitystudio/v4/developer/toolchains/gnu_arm/7.2_2017q4/bin/../lib/gcc/arm-none-eabi/7.2.1/../../../../arm-none-eabi/lib/thumb/v7e-m/fpv4-sp/softfp\libc_nano.a(lib_a-memset.o)
                              c:/siliconlabs/simplicitystudio/v4/developer/toolchains/gnu_arm/7.2_2017q4/bin/../lib/gcc/arm-none-eabi/7.2.1/../../../../arm-none-eabi/lib/thumb/v7e-m/fpv4-sp/softfp/crt0.o (memset)
c:/siliconlabs/simplicitystudio/v4/developer/toolchains/gnu_arm/7.2_2017q4/bin/../lib/gcc/arm-none-eabi/7.2.1/../../../../arm-none-eabi/lib/thumb/v7e-m/fpv4-sp/softfp\libc_nano.a(lib_a-nano-freer.o)
                              c:/siliconlabs/simplicitystudio/v4/developer/toolchains/gnu_arm/7.2_2017q4/bin/../lib/gcc/arm-none-eabi/7.2.1/../../../../arm-none-eabi/lib/thumb/v7e-m/fpv4-sp/softfp\libc_nano.a(lib_a-malloc.o) (_free_r)
c:/siliconlabs/simplicitystudio/v4/developer/toolchains/gnu_arm/7.2_2017q4/bin/../lib/gcc/arm-none-eabi/7.2.1/../../../../arm-none-eabi/lib/thumb/v7e-m/fpv4-sp/softfp\libc_nano.a(lib_a-nano-mallocr.o)
                              c:/siliconlabs/simplicitystudio/v4/developer/toolchains/gnu_arm/7.2_2017q4/bin/../lib/gcc/arm-none-eabi/7.2.1/../../../../arm-none-eabi/lib/thumb/v7e-m/fpv4-sp/softfp\libc_nano.a(lib_a-malloc.o) (_malloc_r)
c:/siliconlabs/simplicitystudio/v4/developer/toolchains/gnu_arm/7.2_2017q4/bin/../lib/gcc/arm-none-eabi/7.2.1/../../../../arm-none-eabi/lib/thumb/v7e-m/fpv4-sp/softfp\libc_nano.a(lib_a-sbrkr.o)
                              c:/siliconlabs/simplicitystudio/v4/developer/toolchains/gnu_arm/7.2_2017q4/bin/../lib/gcc/arm-none-eabi/7.2.1/../../../../arm-none-eabi/lib/thumb/v7e-m/fpv4-sp/softfp\libc_nano.a(lib_a-nano-mallocr.o) (_sbrk_r)
c:/siliconlabs/simplicitystudio/v4/developer/toolchains/gnu_arm/7.2_2017q4/bin/../lib/gcc/arm-none-eabi/7.2.1/../../../../arm-none-eabi/lib/thumb/v7e-m/fpv4-sp/softfp\libc_nano.a(lib_a-snprintf.o)
                              ./src/main.o (snprintf)
[...]
Memory Configuration

Name             Origin             Length             Attributes
FLASH            0x00000000         0x00100000         xr
RAM              0x20000000         0x00040000         xrw
*default*        0x00000000         0xffffffff

Linker script and memory map

LOAD c:/siliconlabs/simplicitystudio/v4/developer/toolchains/gnu_arm/7.2_2017q4/bin/../lib/gcc/arm-none-eabi/7.2.1/thumb/v7e-m/fpv4-sp/softfp/crti.o
LOAD c:/siliconlabs/simplicitystudio/v4/developer/toolchains/gnu_arm/7.2_2017q4/bin/../lib/gcc/arm-none-eabi/7.2.1/thumb/v7e-m/fpv4-sp/softfp/crtbegin.o
LOAD c:/siliconlabs/simplicitystudio/v4/developer/toolchains/gnu_arm/7.2_2017q4/bin/../lib/gcc/arm-none-eabi/7.2.1/../../../../arm-none-eabi/lib/thumb/v7e-m/fpv4-sp/softfp/crt0.o
LOAD ./BSP/bsp_bcc.o
LOAD ./BSP/bsp_stk.o
LOAD ./BSP/bsp_stk_leds.o
LOAD ./BSP/bsp_trace.o
LOAD ./BSP/siliconlabs/generic/source/bsp_cpu.o
LOAD ./BSP/siliconlabs/generic/source/bsp_os.o
LOAD ./CMSIS/EFM32PG12B/startup_efm32pg12b.o
LOAD ./CMSIS/EFM32PG12B/system_efm32pg12b.o
LOAD ./Drivers/display.o
LOAD ./Drivers/displayls013b7dh03.o
LOAD ./Drivers/displaypalemlib.o
LOAD ./Drivers/udelay.o
LOAD ./Graphics/dmd_display.o
LOAD ./Graphics/glib.o
LOAD ./Graphics/glib_bitmap.o
LOAD ./Graphics/glib_circle.o
LOAD ./Graphics/glib_font_narrow_6x8.o
LOAD ./Graphics/glib_font_normal_8x8.o
LOAD ./Graphics/glib_font_number_16x20.o
LOAD ./Graphics/glib_line.o
LOAD ./Graphics/glib_polygon.o
LOAD ./Graphics/glib_rectangle.o
LOAD ./Graphics/glib_string.o
LOAD ./SystemView/SEGGER_RTT.o
LOAD ./SystemView/SEGGER_RTT_ASM_ARMv7M.o
LOAD ./SystemView/SEGGER_SYSVIEW.o
LOAD ./SystemView/SEGGER_SYSVIEW_Config_MicriumOSKernel.o
LOAD ./SystemView/SEGGER_SYSVIEW_MicriumOSKernel.o
LOAD ./common/sl_slist.o
LOAD ./common/source/auth/auth.o
LOAD ./common/source/collections/bitmap.o
LOAD ./common/source/collections/map.o
LOAD ./common/source/collections/slist.o
LOAD ./common/source/common/common.o
LOAD ./common/source/kal/kal_kernel.o
LOAD ./common/source/lib/lib_ascii.o
LOAD ./common/source/lib/lib_math.o
LOAD ./common/source/lib/lib_mem.o
LOAD ./common/source/lib/lib_str.o
LOAD ./common/source/platform_mgr/platform_mgr.o
LOAD ./common/source/rtos/rtos_err_str.o
LOAD ./cpu/source/cpu_core.o
LOAD ./emlib/em_acmp.o
LOAD ./emlib/em_assert.o
LOAD ./emlib/em_cmu.o
LOAD ./emlib/em_core.o
LOAD ./emlib/em_emu.o
LOAD ./emlib/em_gpio.o
LOAD ./emlib/em_prs.o
LOAD ./emlib/em_rtcc.o
LOAD ./emlib/em_system.o
LOAD ./emlib/em_usart.o
LOAD ./kernel/source/os_cfg_app.o
LOAD ./kernel/source/os_core.o
LOAD ./kernel/source/os_dbg.o
LOAD ./kernel/source/os_flag.o
LOAD ./kernel/source/os_mon.o
LOAD ./kernel/source/os_msg.o
LOAD ./kernel/source/os_mutex.o
LOAD ./kernel/source/os_prio.o
LOAD ./kernel/source/os_q.o
LOAD ./kernel/source/os_sem.o
LOAD ./kernel/source/os_stat.o
LOAD ./kernel/source/os_task.o
LOAD ./kernel/source/os_time.o
LOAD ./kernel/source/os_tmr.o
LOAD ./kernel/source/os_var.o
LOAD ./ports/source/gnu/armv7m_cpu_a.o
LOAD ./ports/source/gnu/armv7m_os_cpu_a.o
LOAD ./ports/source/gnu/armv7m_os_cpu_c.o
LOAD ./service/sl_sleeptimer.o
LOAD ./service/sl_sleeptimer_hal_rtcc.o
LOAD ./src/Source_Files/app.o
LOAD ./src/Source_Files/capsense.o
LOAD ./src/Source_Files/cmu.o
LOAD ./src/Source_Files/fifo_queue.o
LOAD ./src/Source_Files/gpio.o
LOAD ./src/main.o
START GROUP
LOAD c:/siliconlabs/simplicitystudio/v4/developer/toolchains/gnu_arm/7.2_2017q4/bin/../lib/gcc/arm-none-eabi/7.2.1/thumb/v7e-m/fpv4-sp/softfp\libgcc.a
LOAD c:/siliconlabs/simplicitystudio/v4/developer/toolchains/gnu_arm/7.2_2017q4/bin/../lib/gcc/arm-none-eabi/7.2.1/../../../../arm-none-eabi/lib/thumb/v7e-m/fpv4-sp/softfp\libc_nano.a
LOAD c:/siliconlabs/simplicitystudio/v4/developer/toolchains/gnu_arm/7.2_2017q4/bin/../lib/gcc/arm-none-eabi/7.2.1/../../../../arm-none-eabi/lib/thumb/v7e-m/fpv4-sp/softfp\libnosys.a
END GROUP
START GROUP
LOAD c:/siliconlabs/simplicitystudio/v4/developer/toolchains/gnu_arm/7.2_2017q4/bin/../lib/gcc/arm-none-eabi/7.2.1/thumb/v7e-m/fpv4-sp/softfp\libgcc.a
LOAD c:/siliconlabs/simplicitystudio/v4/developer/toolchains/gnu_arm/7.2_2017q4/bin/../lib/gcc/arm-none-eabi/7.2.1/../../../../arm-none-eabi/lib/thumb/v7e-m/fpv4-sp/softfp\libg_nano.a
LOAD c:/siliconlabs/simplicitystudio/v4/developer/toolchains/gnu_arm/7.2_2017q4/bin/../lib/gcc/arm-none-eabi/7.2.1/../../../../arm-none-eabi/lib/thumb/v7e-m/fpv4-sp/softfp\libc_nano.a
END GROUP
START GROUP
LOAD c:/siliconlabs/simplicitystudio/v4/developer/toolchains/gnu_arm/7.2_2017q4/bin/../lib/gcc/arm-none-eabi/7.2.1/thumb/v7e-m/fpv4-sp/softfp\libgcc.a
LOAD c:/siliconlabs/simplicitystudio/v4/developer/toolchains/gnu_arm/7.2_2017q4/bin/../lib/gcc/arm-none-eabi/7.2.1/../../../../arm-none-eabi/lib/thumb/v7e-m/fpv4-sp/softfp\libc_nano.a
END GROUP
LOAD c:/siliconlabs/simplicitystudio/v4/developer/toolchains/gnu_arm/7.2_2017q4/bin/../lib/gcc/arm-none-eabi/7.2.1/thumb/v7e-m/fpv4-sp/softfp/crtend.o
LOAD c:/siliconlabs/simplicitystudio/v4/developer/toolchains/gnu_arm/7.2_2017q4/bin/../lib/gcc/arm-none-eabi/7.2.1/thumb/v7e-m/fpv4-sp/softfp/crtn.o

.text           0x00000000    0x13f6c
 *(.vectors)
 .vectors       0x00000000      0x10c ./CMSIS/EFM32PG12B/startup_efm32pg12b.o
                0x00000000                __Vectors
                0x0000010c                __Vectors_End = .
                0x0000010c                __Vectors_Size = (__Vectors_End - __Vectors)
                0x0000010c                __end__ = .
 *(.text*)
 .text          0x0000010c       0x40 c:/siliconlabs/simplicitystudio/v4/developer/toolchains/gnu_arm/7.2_2017q4/bin/../lib/gcc/arm-none-eabi/7.2.1/thumb/v7e-m/fpv4-sp/softfp/crtbegin.o
 .text          0x0000014c       0x74 c:/siliconlabs/simplicitystudio/v4/developer/toolchains/gnu_arm/7.2_2017q4/bin/../lib/gcc/arm-none-eabi/7.2.1/../../../../arm-none-eabi/lib/thumb/v7e-m/fpv4-sp/softfp/crt0.o
                0x0000014c                _start
                0x0000014c                _mainCRTStartup
 .text.CPU_TS_TmrInit
                0x000001c0       0x44 ./BSP/siliconlabs/generic/source/bsp_cpu.o
                0x000001c0                CPU_TS_TmrInit
 .text.CPU_TS_TmrRd
                0x00000204       0x20 ./BSP/siliconlabs/generic/source/bsp_cpu.o
                0x00000204                CPU_TS_TmrRd
 .text.CPU_TS32_to_uSec
                0x00000224       0x54 ./BSP/siliconlabs/generic/source/bsp_cpu.o
                0x00000224                CPU_TS32_to_uSec
 .text.SYSTEM_GetProdRev
                0x00000278       0x1c ./BSP/siliconlabs/generic/source/bsp_os.o
 .text.CHIP_Init
                0x00000294       0x84 ./BSP/siliconlabs/generic/source/bsp_os.o
 .text.BSP_SystemInit
                0x00000318       0x5c ./BSP/siliconlabs/generic/source/bsp_os.o
                0x00000318                BSP_SystemInit
 .text.BSP_OS_Init
                0x00000374        0xe ./BSP/siliconlabs/generic/source/bsp_os.o
                0x00000374                BSP_OS_Init
 *fill*         0x00000382        0x2 
 .text          0x00000384       0x30 ./CMSIS/EFM32PG12B/startup_efm32pg12b.o
                0x00000384                Reset_Handler
                0x000003b0                USART0_TX_IRQHandler
                0x000003b0                I2C0_IRQHandler
                0x000003b0                HardFault_Handler
                0x000003b0                SysTick_Handler
                0x000003b0                USART1_RX_IRQHandler
                0x000003b0                NMI_Handler
                0x000003b0                I2C1_IRQHandler
                0x000003b0                WTIMER0_IRQHandler
                0x000003b0                CRYPTO0_IRQHandler
                0x000003b0                WDOG0_IRQHandler
                0x000003b0                USART1_TX_IRQHandler
                0x000003b0                SMU_IRQHandler
                0x000003b0                MSC_IRQHandler
                0x000003b0                ADC0_IRQHandler
                0x000003b0                UsageFault_Handler
                0x000003b0                WDOG1_IRQHandler
                0x000003b0                LEUART0_IRQHandler
                0x000003b0                FPUEH_IRQHandler
                0x000003b0                WTIMER1_IRQHandler
                0x000003b0                VDAC0_IRQHandler
                0x000003b0                LDMA_IRQHandler
                0x000003b0                CSEN_IRQHandler
                0x000003b0                CRYPTO1_IRQHandler
                0x000003b0                TIMER0_IRQHandler
                0x000003b0                DebugMon_Handler
                0x000003b0                PCNT2_IRQHandler
                0x000003b0                LETIMER0_IRQHandler
                0x000003b0                TIMER1_IRQHandler
                0x000003b0                TRNG0_IRQHandler
                0x000003b0                USART2_RX_IRQHandler
                0x000003b0                Default_Handler
                0x000003b0                EMU_IRQHandler
                0x000003b0                CRYOTIMER_IRQHandler
                0x000003b0                PCNT0_IRQHandler
                0x000003b0                sl_app_properties
                0x000003b0                PCNT1_IRQHandler
                0x000003b0                ACMP0_IRQHandler
                0x000003b0                USART0_RX_IRQHandler
                0x000003b0                MemManage_Handler
                0x000003b0                SVC_Handler
                0x000003b0                USART3_RX_IRQHandler
                0x000003b0                CMU_IRQHandler
                0x000003b0                LESENSE_IRQHandler
                0x000003b0                USART3_TX_IRQHandler
                0x000003b0                BusFault_Handler
                0x000003b0                USART2_TX_IRQHandler
                0x000003b0                IDAC0_IRQHandler
 .text.SystemCoreClockGet
                0x000003b4       0x40 ./CMSIS/EFM32PG12B/system_efm32pg12b.o
                0x000003b4                SystemCoreClockGet
 .text.SystemMaxCoreClockGet
                0x000003f4       0x14 ./CMSIS/EFM32PG12B/system_efm32pg12b.o
                0x000003f4                SystemMaxCoreClockGet
 .text.SystemHFClockGet
                0x00000408       0x88 ./CMSIS/EFM32PG12B/system_efm32pg12b.o
                0x00000408                SystemHFClockGet
 .text.SystemHFXOClockGet
                0x00000490       0x18 ./CMSIS/EFM32PG12B/system_efm32pg12b.o
                0x00000490                SystemHFXOClockGet
 .text.SystemInit
                0x000004a8       0x2c ./CMSIS/EFM32PG12B/system_efm32pg12b.o
                0x000004a8                SystemInit
 .text.SystemLFRCOClockGet
                0x000004d4       0x12 ./CMSIS/EFM32PG12B/system_efm32pg12b.o
                0x000004d4                SystemLFRCOClockGet
 .text.SystemULFRCOClockGet
                0x000004e6       0x12 ./CMSIS/EFM32PG12B/system_efm32pg12b.o
                0x000004e6                SystemULFRCOClockGet
 .text.SystemLFXOClockGet
                0x000004f8       0x18 ./CMSIS/EFM32PG12B/system_efm32pg12b.o
                0x000004f8                SystemLFXOClockGet
 .text.DISPLAY_Init
                0x00000510       0x54 ./Drivers/display.o
                0x00000510                DISPLAY_Init
 .text.DISPLAY_DeviceGet
                0x00000564       0x60 ./Drivers/display.o
                0x00000564                DISPLAY_DeviceGet
 .text.DISPLAY_DeviceRegister
                0x000005c4       0x6c ./Drivers/display.o
                0x000005c4                DISPLAY_DeviceRegister
 .text.DISPLAY_Ls013b7dh03Init
                0x00000630       0xd8 ./Drivers/displayls013b7dh03.o
                0x00000630                DISPLAY_Ls013b7dh03Init
 .text.DriverRefresh
                0x00000708       0x1e ./Drivers/displayls013b7dh03.o
 .text.DisplayEnable
                0x00000726       0x2e ./Drivers/displayls013b7dh03.o
 .text.DisplayClear
                0x00000754       0x48 ./Drivers/displayls013b7dh03.o
 .text.PixelMatrixAllocate
                0x0000079c       0x70 ./Drivers/displayls013b7dh03.o
 .text.PixelMatrixFree
                0x0000080c       0x1c ./Drivers/displayls013b7dh03.o
 .text.PixelMatrixClear
                0x00000828       0x54 ./Drivers/displayls013b7dh03.o
 .text.PixelMatrixDraw
                0x0000087c       0xb6 ./Drivers/displayls013b7dh03.o
 .text.BUS_RegMaskedSet
                0x00000932       0x24 ./Drivers/displaypalemlib.o
 .text.BUS_RegMaskedClear
                0x00000956       0x24 ./Drivers/displaypalemlib.o
 *fill*         0x0000097a        0x2 
 .text.GPIO_PinOutClear
                0x0000097c       0xd0 ./Drivers/displaypalemlib.o
 .text.GPIO_PinOutSet
                0x00000a4c       0xd0 ./Drivers/displaypalemlib.o
 .text.RTCC_ChannelCompareValueSet
                0x00000b1c       0x3c ./Drivers/displaypalemlib.o
 .text.RTCC_ChannelCCVSet
                0x00000b58       0x1a ./Drivers/displaypalemlib.o
 *fill*         0x00000b72        0x2 
 .text.PAL_SpiInit
                0x00000b74       0x64 ./Drivers/displaypalemlib.o
                0x00000b74                PAL_SpiInit
 .text.PAL_SpiTransmit
                0x00000bd8       0x74 ./Drivers/displaypalemlib.o
                0x00000bd8                PAL_SpiTransmit
 .text.PAL_TimerInit
                0x00000c4c       0x18 ./Drivers/displaypalemlib.o
                0x00000c4c                PAL_TimerInit
 .text.PAL_TimerMicroSecondsDelay
                0x00000c64       0x1c ./Drivers/displaypalemlib.o
                0x00000c64                PAL_TimerMicroSecondsDelay
 .text.PAL_GpioInit
                0x00000c80       0x20 ./Drivers/displaypalemlib.o
                0x00000c80                PAL_GpioInit
 .text.PAL_GpioPinModeSet
                0x00000ca0       0x40 ./Drivers/displaypalemlib.o
                0x00000ca0                PAL_GpioPinModeSet
 .text.PAL_GpioPinOutSet
                0x00000ce0       0x24 ./Drivers/displaypalemlib.o
                0x00000ce0                PAL_GpioPinOutSet
 .text.PAL_GpioPinOutClear
                0x00000d04       0x24 ./Drivers/displaypalemlib.o
                0x00000d04                PAL_GpioPinOutClear
 .text.PAL_GpioPinAutoToggle
                0x00000d28       0x6c ./Drivers/displaypalemlib.o
                0x00000d28                PAL_GpioPinAutoToggle
 .text.palClockSetup
                0x00000d94       0x24 ./Drivers/displaypalemlib.o
 .text.rtccSetup
                0x00000db8       0xa4 ./Drivers/displaypalemlib.o
 .text.__NVIC_ClearPendingIRQ
                0x00000e5c       0x3c ./Drivers/udelay.o
 .text.RTCC_CounterGet
                0x00000e98       0x18 ./Drivers/udelay.o
 .text.UDELAY_Calibrate
                0x00000eb0      0x18c ./Drivers/udelay.o
                0x00000eb0                UDELAY_Calibrate
 .text.UDELAY_Delay
                0x0000103c       0x3c ./Drivers/udelay.o
                0x0000103c                UDELAY_Delay
 .text.calibrate_delay
                0x00001078       0xdc ./Drivers/udelay.o
 .text.clock    0x00001154        0xe ./Drivers/udelay.o
 .text._delay   0x00001162       0x1a ./Drivers/udelay.o
 .text.DMD_init
                0x0000117c       0xc8 ./Graphics/dmd_display.o
                0x0000117c                DMD_init
 .text.DMD_getDisplayGeometry
                0x00001244       0x38 ./Graphics/dmd_display.o
                0x00001244                DMD_getDisplayGeometry
 .text.DMD_setClippingArea
                0x0000127c       0x8c ./Graphics/dmd_display.o
                0x0000127c                DMD_setClippingArea
 .text.DMD_writeColor
                0x00001308      0x2b8 ./Graphics/dmd_display.o
                0x00001308                DMD_writeColor
 .text.DMD_allocateFramebuffer
                0x000015c0       0x5c ./Graphics/dmd_display.o
                0x000015c0                DMD_allocateFramebuffer
 .text.DMD_updateDisplay
                0x0000161c      0x114 ./Graphics/dmd_display.o
                0x0000161c                DMD_updateDisplay
 .text.GLIB_colorTranslate24bppInl
                0x00001730       0x36 ./Graphics/glib.o
 *fill*         0x00001766        0x2 
 .text.GLIB_contextInit
                0x00001768       0x84 ./Graphics/glib.o
                0x00001768                GLIB_contextInit
 .text.GLIB_setClippingRegion
                0x000017ec       0xa2 ./Graphics/glib.o
                0x000017ec                GLIB_setClippingRegion
 .text.GLIB_clear
                0x0000188e       0x70 ./Graphics/glib.o
                0x0000188e                GLIB_clear
 .text.GLIB_resetDisplayClippingArea
                0x000018fe       0x30 ./Graphics/glib.o
                0x000018fe                GLIB_resetDisplayClippingArea
 .text.GLIB_applyClippingRegion
                0x0000192e       0x56 ./Graphics/glib.o
                0x0000192e                GLIB_applyClippingRegion
 .text.GLIB_colorTranslate24bpp
                0x00001984       0x22 ./Graphics/glib.o
                0x00001984                GLIB_colorTranslate24bpp
 .text.GLIB_drawPixel
                0x000019a6       0x6e ./Graphics/glib.o
                0x000019a6                GLIB_drawPixel
 .text.GLIB_drawPixelColor
                0x00001a14       0x6e ./Graphics/glib.o
                0x00001a14                GLIB_drawPixelColor
 .text.GLIB_rectContainsPoint
                0x00001a82       0x4c ./Graphics/glib_rectangle.o
                0x00001a82                GLIB_rectContainsPoint
 .text.GLIB_normalizeRect
                0x00001ace       0x54 ./Graphics/glib_rectangle.o
                0x00001ace                GLIB_normalizeRect
 .text.GLIB_drawRectFilled
                0x00001b22       0xe2 ./Graphics/glib_rectangle.o
                0x00001b22                GLIB_drawRectFilled
 .text.GLIB_drawChar
                0x00001c04      0x1d6 ./Graphics/glib_string.o
                0x00001c04                GLIB_drawChar
 .text.GLIB_drawString
                0x00001dda       0xce ./Graphics/glib_string.o
                0x00001dda                GLIB_drawString
 .text.GLIB_setFont
                0x00001ea8       0x44 ./Graphics/glib_string.o
                0x00001ea8                GLIB_setFont
 .text._DoInit  0x00001eec       0x9c ./SystemView/SEGGER_RTT.o
 .text.SEGGER_RTT_ReadNoLock
                0x00001f88      0x104 ./SystemView/SEGGER_RTT.o
                0x00001f88                SEGGER_RTT_ReadNoLock
 .text.SEGGER_RTT_ConfigUpBuffer
                0x0000208c       0xcc ./SystemView/SEGGER_RTT.o
                0x0000208c                SEGGER_RTT_ConfigUpBuffer
 .text.SEGGER_RTT_ConfigDownBuffer
                0x00002158       0xcc ./SystemView/SEGGER_RTT.o
                0x00002158                SEGGER_RTT_ConfigDownBuffer
 .text          0x00002224       0x8c ./SystemView/SEGGER_RTT_ASM_ARMv7M.o
                0x00002224                SEGGER_RTT_ASM_WriteSkipNoLock
 .text._EncodeStr
                0x000022b0       0x9a ./SystemView/SEGGER_SYSVIEW.o
 .text._PreparePacket
                0x0000234a       0x18 ./SystemView/SEGGER_SYSVIEW.o
 .text._HandleIncomingPacket
                0x00002362       0xb8 ./SystemView/SEGGER_SYSVIEW.o
 *fill*         0x0000241a        0x2 
 .text._TrySendOverflowPacket
                0x0000241c       0xec ./SystemView/SEGGER_SYSVIEW.o
 .text._SendPacket
                0x00002508      0x1b0 ./SystemView/SEGGER_SYSVIEW.o
 .text.SEGGER_SYSVIEW_Init
                0x000026b8       0x7c ./SystemView/SEGGER_SYSVIEW.o
                0x000026b8                SEGGER_SYSVIEW_Init
 .text.SEGGER_SYSVIEW_SetRAMBase
                0x00002734       0x20 ./SystemView/SEGGER_SYSVIEW.o
                0x00002734                SEGGER_SYSVIEW_SetRAMBase
 .text.SEGGER_SYSVIEW_RecordVoid
                0x00002754       0x34 ./SystemView/SEGGER_SYSVIEW.o
                0x00002754                SEGGER_SYSVIEW_RecordVoid
 .text.SEGGER_SYSVIEW_RecordU32
                0x00002788       0x70 ./SystemView/SEGGER_SYSVIEW.o
                0x00002788                SEGGER_SYSVIEW_RecordU32
 .text.SEGGER_SYSVIEW_RecordU32x2
                0x000027f8       0xac ./SystemView/SEGGER_SYSVIEW.o
                0x000027f8                SEGGER_SYSVIEW_RecordU32x2
 .text.SEGGER_SYSVIEW_Start
                0x000028a4      0x168 ./SystemView/SEGGER_SYSVIEW.o
                0x000028a4                SEGGER_SYSVIEW_Start
 .text.SEGGER_SYSVIEW_Stop
                0x00002a0c       0x44 ./SystemView/SEGGER_SYSVIEW.o
                0x00002a0c                SEGGER_SYSVIEW_Stop
 .text.SEGGER_SYSVIEW_GetSysDesc
                0x00002a50      0x12c ./SystemView/SEGGER_SYSVIEW.o
                0x00002a50                SEGGER_SYSVIEW_GetSysDesc
 .text.SEGGER_SYSVIEW_SendTaskInfo
                0x00002b7c      0x1c4 ./SystemView/SEGGER_SYSVIEW.o
                0x00002b7c                SEGGER_SYSVIEW_SendTaskInfo
 .text.SEGGER_SYSVIEW_SendTaskList
                0x00002d40       0x28 ./SystemView/SEGGER_SYSVIEW.o
                0x00002d40                SEGGER_SYSVIEW_SendTaskList
 .text.SEGGER_SYSVIEW_SendSysDesc
                0x00002d68       0x40 ./SystemView/SEGGER_SYSVIEW.o
                0x00002d68                SEGGER_SYSVIEW_SendSysDesc
 .text.SEGGER_SYSVIEW_RecordSystime
                0x00002da8       0x60 ./SystemView/SEGGER_SYSVIEW.o
                0x00002da8                SEGGER_SYSVIEW_RecordSystime
 .text.SEGGER_SYSVIEW_OnIdle
                0x00002e08       0x30 ./SystemView/SEGGER_SYSVIEW.o
                0x00002e08                SEGGER_SYSVIEW_OnIdle
 .text.SEGGER_SYSVIEW_OnTaskCreate
                0x00002e38       0x80 ./SystemView/SEGGER_SYSVIEW.o
                0x00002e38                SEGGER_SYSVIEW_OnTaskCreate
 .text.SEGGER_SYSVIEW_OnTaskStartExec
                0x00002eb8       0x80 ./SystemView/SEGGER_SYSVIEW.o
                0x00002eb8                SEGGER_SYSVIEW_OnTaskStartExec
 .text.SEGGER_SYSVIEW_OnTaskStartReady
                0x00002f38       0x80 ./SystemView/SEGGER_SYSVIEW.o
                0x00002f38                SEGGER_SYSVIEW_OnTaskStartReady
 .text.SEGGER_SYSVIEW_OnTaskStopReady
                0x00002fb8       0xb8 ./SystemView/SEGGER_SYSVIEW.o
                0x00002fb8                SEGGER_SYSVIEW_OnTaskStopReady
 .text.SEGGER_SYSVIEW_NameResource
                0x00003070       0x88 ./SystemView/SEGGER_SYSVIEW.o
                0x00003070                SEGGER_SYSVIEW_NameResource
 .text.SEGGER_SYSVIEW_ShrinkId
                0x000030f8       0x24 ./SystemView/SEGGER_SYSVIEW.o
                0x000030f8                SEGGER_SYSVIEW_ShrinkId
 .text.SEGGER_SYSVIEW_SendModule
                0x0000311c       0xf8 ./SystemView/SEGGER_SYSVIEW.o
                0x0000311c                SEGGER_SYSVIEW_SendModule
 .text.SEGGER_SYSVIEW_SendModuleDescription
                0x00003214       0x3c ./SystemView/SEGGER_SYSVIEW.o
                0x00003214                SEGGER_SYSVIEW_SendModuleDescription
 .text.SEGGER_SYSVIEW_SendNumModules
                0x00003250       0x74 ./SystemView/SEGGER_SYSVIEW.o
                0x00003250                SEGGER_SYSVIEW_SendNumModules
 .text.SEGGER_SYSVIEW_Warn
                0x000032c4       0xb0 ./SystemView/SEGGER_SYSVIEW.o
                0x000032c4                SEGGER_SYSVIEW_Warn
 .text._cbSendSystemDesc
                0x00003374       0x20 ./SystemView/SEGGER_SYSVIEW_Config_MicriumOSKernel.o
 .text.SEGGER_SYSVIEW_Conf
                0x00003394       0x38 ./SystemView/SEGGER_SYSVIEW_Config_MicriumOSKernel.o
                0x00003394                SEGGER_SYSVIEW_Conf
 .text._cbSendTaskList
                0x000033cc       0x94 ./SystemView/SEGGER_SYSVIEW_MicriumOSKernel.o
 .text._cbGetTime
                0x00003460       0x24 ./SystemView/SEGGER_SYSVIEW_MicriumOSKernel.o
 .text.SYSVIEW_TaskReady
                0x00003484       0x20 ./SystemView/SEGGER_SYSVIEW_MicriumOSKernel.o
                0x00003484                SYSVIEW_TaskReady
 .text.SYSVIEW_TaskSwitchedIn
                0x000034a4       0x20 ./SystemView/SEGGER_SYSVIEW_MicriumOSKernel.o
                0x000034a4                SYSVIEW_TaskSwitchedIn
 .text.SYSVIEW_TaskSuspend
                0x000034c4       0x22 ./SystemView/SEGGER_SYSVIEW_MicriumOSKernel.o
                0x000034c4                SYSVIEW_TaskSuspend
 *fill*         0x000034e6        0x2 
 .text.SYSVIEW_AddTask
                0x000034e8       0xc4 ./SystemView/SEGGER_SYSVIEW_MicriumOSKernel.o
                0x000034e8                SYSVIEW_AddTask
 .text.SYSVIEW_SendTaskInfo
                0x000035ac       0x42 ./SystemView/SEGGER_SYSVIEW_MicriumOSKernel.o
                0x000035ac                SYSVIEW_SendTaskInfo
 *fill*         0x000035ee        0x2 
 .text.SYSVIEW_RecordU32Register
                0x000035f0       0x90 ./SystemView/SEGGER_SYSVIEW_MicriumOSKernel.o
                0x000035f0                SYSVIEW_RecordU32Register
 .text.SYSVIEW_SendResourceList
                0x00003680       0x80 ./SystemView/SEGGER_SYSVIEW_MicriumOSKernel.o
                0x00003680                SYSVIEW_SendResourceList
 .text.SList_Init
                0x00003700       0x1a ./common/source/collections/slist.o
                0x00003700                SList_Init
 *fill*         0x0000371a        0x2 
 .text.Common_Init
                0x0000371c       0x70 ./common/source/common/common.o
                0x0000371c                Common_Init
 .text.Common_MemSegPtrGet
                0x0000378c       0x18 ./common/source/common/common.o
                0x0000378c                Common_MemSegPtrGet
 .text.KAL_FeatureQuery
                0x000037a4       0xf4 ./common/source/kal/kal_kernel.o
                0x000037a4                KAL_FeatureQuery
 .text.KAL_LockCreate
                0x00003898       0xbc ./common/source/kal/kal_kernel.o
                0x00003898                KAL_LockCreate
 .text.KAL_Init
                0x00003954      0x1c0 ./common/source/kal/kal_kernel.o
 .text.Math_RandSetSeed
                0x00003b14       0x28 ./common/source/lib/lib_math.o
                0x00003b14                Math_RandSetSeed
 .text.Math_Init
                0x00003b3c        0xe ./common/source/lib/lib_math.o
                0x00003b3c                Math_Init
 *fill*         0x00003b4a        0x2 
 .text.Mem_Init
                0x00003b4c       0x28 ./common/source/lib/lib_mem.o
                0x00003b4c                Mem_Init
 .text.Mem_SegReg
                0x00003b74       0xf4 ./common/source/lib/lib_mem.o
                0x00003b74                Mem_SegReg
 .text.Mem_SegAlloc
                0x00003c68       0x50 ./common/source/lib/lib_mem.o
                0x00003c68                Mem_SegAlloc
 .text.Mem_DynPoolCreate
                0x00003cb8       0xa4 ./common/source/lib/lib_mem.o
                0x00003cb8                Mem_DynPoolCreate
 .text.Mem_DynPoolBlkGet
                0x00003d5c      0x1ec ./common/source/lib/lib_mem.o
                0x00003d5c                Mem_DynPoolBlkGet
 .text.Mem_DynPoolBlkFree
                0x00003f48      0x140 ./common/source/lib/lib_mem.o
                0x00003f48                Mem_DynPoolBlkFree
 .text.Mem_SegAllocInternal
                0x00004088      0x108 ./common/source/lib/lib_mem.o
 .text.Mem_SegAllocExtCritical
                0x00004190      0x120 ./common/source/lib/lib_mem.o
 .text.Mem_DynPoolCreateInternal
                0x000042b0      0x350 ./common/source/lib/lib_mem.o
 .text.PlatformMgrInit
                0x00004600      0x148 ./common/source/platform_mgr/platform_mgr.o
                0x00004600                PlatformMgrInit
 .text.CPU_Init
                0x00004748        0xc ./cpu/source/cpu_core.o
                0x00004748                CPU_Init
 .text.CPU_SW_Exception
                0x00004754        0x6 ./cpu/source/cpu_core.o
                0x00004754                CPU_SW_Exception
 .text.CPU_TS_Get32
                0x0000475a       0x16 ./cpu/source/cpu_core.o
                0x0000475a                CPU_TS_Get32
 .text.CPU_TS_TmrFreqGet
                0x00004770       0x88 ./cpu/source/cpu_core.o
                0x00004770                CPU_TS_TmrFreqGet
 .text.CPU_TS_TmrFreqSet
                0x000047f8       0x20 ./cpu/source/cpu_core.o
                0x000047f8                CPU_TS_TmrFreqSet
 .text.CPU_TS_Init
                0x00004818       0x18 ./cpu/source/cpu_core.o
 .text.BUS_RegBitWrite
                0x00004830       0x2e ./emlib/em_acmp.o
 .text.BUS_RegMaskedSet
                0x0000485e       0x24 ./emlib/em_acmp.o
 .text.BUS_RegMaskedClear
                0x00004882       0x24 ./emlib/em_acmp.o
 .text.BUS_RegMaskedWrite
                0x000048a6       0x24 ./emlib/em_acmp.o
 *fill*         0x000048ca        0x2 
 .text.ACMP_CapsenseInit
                0x000048cc       0xbc ./emlib/em_acmp.o
                0x000048cc                ACMP_CapsenseInit
 .text.ACMP_CapsenseChannelSet
                0x00004988       0x44 ./emlib/em_acmp.o
                0x00004988                ACMP_CapsenseChannelSet
 .text.ACMP_Disable
                0x000049cc       0x40 ./emlib/em_acmp.o
                0x000049cc                ACMP_Disable
 .text.ACMP_Enable
                0x00004a0c       0x40 ./emlib/em_acmp.o
                0x00004a0c                ACMP_Enable
 .text.assertEFM
                0x00004a4c        0xc ./emlib/em_assert.o
                0x00004a4c                assertEFM
 .text.BUS_RegBitWrite
                0x00004a58       0x2e ./emlib/em_cmu.o
 .text.BUS_RegBitRead
                0x00004a86       0x2a ./emlib/em_cmu.o
 .text.SL_Log2ToDiv
                0x00004ab0       0x2c ./emlib/em_cmu.o
 .text.CMU_DivToLog2
                0x00004adc       0x3c ./emlib/em_cmu.o
 .text.CMU_PrescToLog2
                0x00004b18       0x54 ./emlib/em_cmu.o
 .text.EMU_LDOStatusGet
                0x00004b6c       0x24 ./emlib/em_cmu.o
 .text.EMU_VScaleWait
                0x00004b90       0x30 ./emlib/em_cmu.o
 .text.EMU_VScaleGet
                0x00004bc0       0x1c ./emlib/em_cmu.o
 .text.setHfLeConfig
                0x00004bdc       0x64 ./emlib/em_cmu.o
 .text.auxClkGet
                0x00004c40       0x20 ./emlib/em_cmu.o
 .text.hfSrcClkGet
                0x00004c60       0x2c ./emlib/em_cmu.o
 .text.dbgClkGet
                0x00004c8c       0x4c ./emlib/em_cmu.o
 .text.adcAsyncClkGet
                0x00004cd8       0x98 ./emlib/em_cmu.o
 .text.flashWaitStateControl
                0x00004d70       0x98 ./emlib/em_cmu.o
 .text.flashWaitStateMax
                0x00004e08       0x44 ./emlib/em_cmu.o
 .text.CMU_UpdateWaitStates
                0x00004e4c       0x40 ./emlib/em_cmu.o
                0x00004e4c                CMU_UpdateWaitStates
 .text.getRegIshUpperVal
                0x00004e8c       0x36 ./emlib/em_cmu.o
 *fill*         0x00004ec2        0x2 
 .text.getHfxoTuningMode
                0x00004ec4       0x1c ./emlib/em_cmu.o
 .text.setHfxoTuningMode
                0x00004ee0       0x2c ./emlib/em_cmu.o
 .text.lfClkGet
                0x00004f0c      0x114 ./emlib/em_cmu.o
 .text.syncReg  0x00005020       0x38 ./emlib/em_cmu.o
 .text.hfperClkSafePrescaler
                0x00005058        0xe ./emlib/em_cmu.o
 .text.hfperClkOptimizedPrescaler
                0x00005066        0xe ./emlib/em_cmu.o
 .text.CMU_ClockDivGet
                0x00005074       0x1a ./emlib/em_cmu.o
                0x00005074                CMU_ClockDivGet
 .text.CMU_ClockDivSet
                0x0000508e       0x1e ./emlib/em_cmu.o
                0x0000508e                CMU_ClockDivSet
 .text.CMU_ClockEnable
                0x000050ac       0xd8 ./emlib/em_cmu.o
                0x000050ac                CMU_ClockEnable
 .text.CMU_ClockFreqGet
                0x00005184      0x240 ./emlib/em_cmu.o
                0x00005184                CMU_ClockFreqGet
 .text.CMU_ClockPrescGet
                0x000053c4      0x1c0 ./emlib/em_cmu.o
                0x000053c4                CMU_ClockPrescGet
 .text.CMU_ClockPrescSet
                0x00005584      0x32c ./emlib/em_cmu.o
                0x00005584                CMU_ClockPrescSet
 .text.CMU_ClockSelectGet
                0x000058b0      0x1c8 ./emlib/em_cmu.o
                0x000058b0                CMU_ClockSelectGet
 .text.CMU_ClockSelectSet
                0x00005a78      0x348 ./emlib/em_cmu.o
                0x00005a78                CMU_ClockSelectSet
 .text.CMU_HFRCOBandGet
                0x00005dc0       0x18 ./emlib/em_cmu.o
                0x00005dc0                CMU_HFRCOBandGet
 .text.CMU_OscillatorEnable
                0x00005dd8      0x1bc ./emlib/em_cmu.o
                0x00005dd8                CMU_OscillatorEnable
 .text.CMU_OscillatorTuningGet
                0x00005f94       0x7c ./emlib/em_cmu.o
                0x00005f94                CMU_OscillatorTuningGet
 .text.CMU_OscillatorTuningSet
                0x00006010      0x154 ./emlib/em_cmu.o
                0x00006010                CMU_OscillatorTuningSet
 .text.CMU_OscillatorTuningWait
                0x00006164       0xb4 ./emlib/em_cmu.o
                0x00006164                CMU_OscillatorTuningWait
 .text.CMU_OscillatorTuningOptimize
                0x00006218       0x64 ./emlib/em_cmu.o
                0x00006218                CMU_OscillatorTuningOptimize
 .text.CORE_EnterCritical
                0x0000627c       0x20 ./emlib/em_core.o
                0x0000627c                CORE_EnterCritical
 .text.CORE_ExitCritical
                0x0000629c       0x1c ./emlib/em_core.o
                0x0000629c                CORE_ExitCritical
 .text.CORE_EnterAtomic
                0x000062b8       0x20 ./emlib/em_core.o
                0x000062b8                CORE_EnterAtomic
 .text.CORE_ExitAtomic
                0x000062d8       0x1c ./emlib/em_core.o
                0x000062d8                CORE_ExitAtomic
 .text.CORE_InIrqContext
                0x000062f4       0x24 ./emlib/em_core.o
                0x000062f4                CORE_InIrqContext
 .text.BUS_RegBitWrite
                0x00006318       0x2e ./emlib/em_emu.o
 .text.BUS_RegBitRead
                0x00006346       0x2a ./emlib/em_emu.o
 .text.EMU_LDOStatusGet
                0x00006370       0x24 ./emlib/em_emu.o
 .text.EMU_VScaleWait
                0x00006394       0x30 ./emlib/em_emu.o
 .text.EMU_VScaleGet
                0x000063c4       0x1c ./emlib/em_emu.o
 .text.EMU_IntClear
                0x000063e0       0x20 ./emlib/em_emu.o
 .text.EMU_IntGet
                0x00006400       0x18 ./emlib/em_emu.o
 .text.EMU_PowerLock
                0x00006418       0x18 ./emlib/em_emu.o
 .text.EMU_PowerUnlock
                0x00006430       0x1c ./emlib/em_emu.o
 .text.vScaleEM01Cmd
                0x0000644c       0x22 ./emlib/em_emu.o
 *fill*         0x0000646e        0x2 
 .text.EMU_VScaleEM01ByClock
                0x00006470       0x84 ./emlib/em_emu.o
                0x00006470                EMU_VScaleEM01ByClock
 .text.EMU_VScaleEM01
                0x000064f4       0xb4 ./emlib/em_emu.o
                0x000064f4                EMU_VScaleEM01
 .text.dcdcConstCalibrationLoad
                0x000065a8       0x10 ./emlib/em_emu.o
 .text.dcdcValidatedConfigSet
                0x000065b8       0x40 ./emlib/em_emu.o
 .text.currentLimitersUpdate
                0x000065f8      0x124 ./emlib/em_emu.o
 .text.userCurrentLimitsSet
                0x0000671c       0x30 ./emlib/em_emu.o
 .text.compCtrlSet
                0x0000674c       0x4c ./emlib/em_emu.o
 .text.lpCmpHystCalibrationLoad
                0x00006798       0xec ./emlib/em_emu.o
 .text.lpGetDevinfoVrefLowHigh
                0x00006884      0x164 ./emlib/em_emu.o
 .text.EMU_DCDCModeSet
                0x000069e8      0x10c ./emlib/em_emu.o
                0x000069e8                EMU_DCDCModeSet
 .text.EMU_DCDCInit
                0x00006af4      0x1c8 ./emlib/em_emu.o
                0x00006af4                EMU_DCDCInit
 .text.EMU_DCDCOutputVoltageSet
                0x00006cbc      0x2d8 ./emlib/em_emu.o
                0x00006cbc                EMU_DCDCOutputVoltageSet
 .text.EMU_DCDCOptimizeSlice
                0x00006f94       0xe8 ./emlib/em_emu.o
                0x00006f94                EMU_DCDCOptimizeSlice
 .text.EMU_DCDCLnRcoBandSet
                0x0000707c       0x64 ./emlib/em_emu.o
                0x0000707c                EMU_DCDCLnRcoBandSet
 .text.BUS_RegBitWrite
                0x000070e0       0x2e ./emlib/em_gpio.o
 .text.BUS_RegMaskedSet
                0x0000710e       0x24 ./emlib/em_gpio.o
 .text.BUS_RegMaskedClear
                0x00007132       0x24 ./emlib/em_gpio.o
 .text.BUS_RegMaskedWrite
                0x00007156       0x24 ./emlib/em_gpio.o
 *fill*         0x0000717a        0x2 
 .text.GPIO_IntClear
                0x0000717c       0x20 ./emlib/em_gpio.o
 .text.GPIO_PinOutClear
                0x0000719c       0xd0 ./emlib/em_gpio.o
 .text.GPIO_PinOutSet
                0x0000726c       0xd0 ./emlib/em_gpio.o
 .text.GPIO_DriveStrengthSet
                0x0000733c       0x8c ./emlib/em_gpio.o
                0x0000733c                GPIO_DriveStrengthSet
 .text.GPIO_ExtIntConfig
                0x000073c8      0x1ac ./emlib/em_gpio.o
                0x000073c8                GPIO_ExtIntConfig
 .text.GPIO_PinModeSet
                0x00007574      0x18c ./emlib/em_gpio.o
                0x00007574                GPIO_PinModeSet
 .text.PRS_SourceAsyncSignalSet
                0x00007700       0x2a ./emlib/em_prs.o
                0x00007700                PRS_SourceAsyncSignalSet
 *fill*         0x0000772a        0x2 
 .text.PRS_ConnectSignal
                0x0000772c       0x70 ./emlib/em_prs.o
                0x0000772c                PRS_ConnectSignal
 .text.BUS_RegBitWrite
                0x0000779c       0x2e ./emlib/em_rtcc.o
 *fill*         0x000077ca        0x2 
 .text.RTCC_ChannelInit
                0x000077cc       0x7c ./emlib/em_rtcc.o
                0x000077cc                RTCC_ChannelInit
 .text.RTCC_Enable
                0x00007848       0x24 ./emlib/em_rtcc.o
                0x00007848                RTCC_Enable
 .text.RTCC_Init
                0x0000786c       0x98 ./emlib/em_rtcc.o
                0x0000786c                RTCC_Init
 .text.prsRxInput
                0x00007904       0x26 ./emlib/em_usart.o
 *fill*         0x0000792a        0x2 
 .text.USART_BaudrateSyncSet
                0x0000792c       0x6c ./emlib/em_usart.o
                0x0000792c                USART_BaudrateSyncSet
 .text.USART_InitSync
                0x00007998      0x110 ./emlib/em_usart.o
                0x00007998                USART_InitSync
 .text.USART_Reset
                0x00007aa8       0xdc ./emlib/em_usart.o
                0x00007aa8                USART_Reset
 .text.USART_Tx
                0x00007b84       0x2c ./emlib/em_usart.o
                0x00007b84                USART_Tx
 .text.USART_TxDouble
                0x00007bb0       0x2c ./emlib/em_usart.o
                0x00007bb0                USART_TxDouble
 .text.OSCfg_Init
                0x00007bdc        0xe ./kernel/source/os_cfg_app.o
                0x00007bdc                OSCfg_Init
 *fill*         0x00007bea        0x2 
 .text.OSInit   0x00007bec      0x4d4 ./kernel/source/os_core.o
                0x00007bec                OSInit
 .text.OSSched  0x000080c0      0x1f4 ./kernel/source/os_core.o
                0x000080c0                OSSched
 .text.OSSchedLock
                0x000082b4      0x114 ./kernel/source/os_core.o
                0x000082b4                OSSchedLock
 .text.OSSchedUnlock
                0x000083c8      0x158 ./kernel/source/os_core.o
                0x000083c8                OSSchedUnlock
 .text.OSStart  0x00008520      0x140 ./kernel/source/os_core.o
                0x00008520                OSStart
 .text.OSIsIdle
                0x00008660       0x18 ./kernel/source/os_core.o
                0x00008660                OSIsIdle
 .text.OS_Pend  0x00008678       0x94 ./kernel/source/os_core.o
                0x00008678                OS_Pend
 .text.OS_PendDbgNameAdd
                0x0000870c       0x78 ./kernel/source/os_core.o
                0x0000870c                OS_PendDbgNameAdd
 .text.OS_PendDbgNameRemove
                0x00008784       0x4c ./kernel/source/os_core.o
                0x00008784                OS_PendDbgNameRemove
 .text.OS_PendListChangePrio
                0x000087d0       0x3a ./kernel/source/os_core.o
                0x000087d0                OS_PendListChangePrio
 .text.OS_PendListInit
                0x0000880a       0x26 ./kernel/source/os_core.o
                0x0000880a                OS_PendListInit
 .text.OS_PendListInsertPrio
                0x00008830       0xd8 ./kernel/source/os_core.o
                0x00008830                OS_PendListInsertPrio
 .text.OS_PendListRemove
                0x00008908       0xaa ./kernel/source/os_core.o
                0x00008908                OS_PendListRemove
 .text.OS_Post  0x000089b2      0x10e ./kernel/source/os_core.o
                0x000089b2                OS_Post
 .text.OS_RdyListInit
                0x00008ac0       0x4c ./kernel/source/os_core.o
                0x00008ac0                OS_RdyListInit
 .text.OS_RdyListInsert
                0x00008b0c       0x44 ./kernel/source/os_core.o
                0x00008b0c                OS_RdyListInsert
 .text.OS_RdyListInsertHead
                0x00008b50       0x84 ./kernel/source/os_core.o
                0x00008b50                OS_RdyListInsertHead
 .text.OS_RdyListInsertTail
                0x00008bd4       0x80 ./kernel/source/os_core.o
                0x00008bd4                OS_RdyListInsertTail
 .text.OS_RdyListMoveHeadToTail
                0x00008c54       0x96 ./kernel/source/os_core.o
                0x00008c54                OS_RdyListMoveHeadToTail
 *fill*         0x00008cea        0x2 
 .text.OS_RdyListRemove
                0x00008cec       0xb8 ./kernel/source/os_core.o
                0x00008cec                OS_RdyListRemove
 .text.OS_SchedRoundRobin
                0x00008da4       0x60 ./kernel/source/os_core.o
                0x00008da4                OS_SchedRoundRobin
 .text.OS_SchedRoundRobinRestartTimer
                0x00008e04       0x50 ./kernel/source/os_core.o
                0x00008e04                OS_SchedRoundRobinRestartTimer
 .text.OS_SchedRoundRobinResetQuanta
                0x00008e54       0xe8 ./kernel/source/os_core.o
                0x00008e54                OS_SchedRoundRobinResetQuanta
 .text.OS_TaskBlock
                0x00008f3c       0xb0 ./kernel/source/os_core.o
                0x00008f3c                OS_TaskBlock
 .text.OS_TimerCallback
                0x00008fec      0x158 ./kernel/source/os_core.o
                0x00008fec                OS_TimerCallback
 .text.OS_Dbg_Init
                0x00009144      0x26c ./kernel/source/os_dbg.o
                0x00009144                OS_Dbg_Init
 .text.OSFlagCreate
                0x000093b0      0x11c ./kernel/source/os_flag.o
                0x000093b0                OSFlagCreate
 .text.OSFlagPend
                0x000094cc      0x600 ./kernel/source/os_flag.o
                0x000094cc                OSFlagPend
 .text.OSFlagPost
                0x00009acc      0x2b0 ./kernel/source/os_flag.o
                0x00009acc                OSFlagPost
 .text.OS_FlagBlock
                0x00009d7c       0x44 ./kernel/source/os_flag.o
                0x00009d7c                OS_FlagBlock
 .text.OS_FlagDbgListAdd
                0x00009dc0       0x50 ./kernel/source/os_flag.o
                0x00009dc0                OS_FlagDbgListAdd
 .text.OS_FlagTaskRdy
                0x00009e10       0xac ./kernel/source/os_flag.o
                0x00009e10                OS_FlagTaskRdy
 .text.OS_MsgPoolInit
                0x00009ebc       0xe0 ./kernel/source/os_msg.o
                0x00009ebc                OS_MsgPoolInit
 .text.OS_MsgQFreeAll
                0x00009f9c       0x78 ./kernel/source/os_msg.o
                0x00009f9c                OS_MsgQFreeAll
 .text.OS_MsgQInit
                0x0000a014       0x2c ./kernel/source/os_msg.o
                0x0000a014                OS_MsgQInit
 .text.OSMutexCreate
                0x0000a040      0x114 ./kernel/source/os_mutex.o
                0x0000a040                OSMutexCreate
 .text.OSMutexPend
                0x0000a154      0x48c ./kernel/source/os_mutex.o
                0x0000a154                OSMutexPend
 .text.OSMutexPost
                0x0000a5e0      0x354 ./kernel/source/os_mutex.o
                0x0000a5e0                OSMutexPost
 .text.OS_MutexDbgListAdd
                0x0000a934       0x50 ./kernel/source/os_mutex.o
                0x0000a934                OS_MutexDbgListAdd
 .text.OS_MutexGrpAdd
                0x0000a984       0x24 ./kernel/source/os_mutex.o
                0x0000a984                OS_MutexGrpAdd
 .text.OS_MutexGrpRemove
                0x0000a9a8       0x3a ./kernel/source/os_mutex.o
                0x0000a9a8                OS_MutexGrpRemove
 .text.OS_MutexGrpPrioFindHighest
                0x0000a9e2       0x54 ./kernel/source/os_mutex.o
                0x0000a9e2                OS_MutexGrpPrioFindHighest
 .text.OS_MutexGrpPostAll
                0x0000aa36       0x86 ./kernel/source/os_mutex.o
                0x0000aa36                OS_MutexGrpPostAll
 .text.OS_PrioInit
                0x0000aabc       0x34 ./kernel/source/os_prio.o
                0x0000aabc                OS_PrioInit
 .text.OS_PrioGetHighest
                0x0000aaf0       0x38 ./kernel/source/os_prio.o
                0x0000aaf0                OS_PrioGetHighest
 .text.OS_PrioInsert
                0x0000ab28       0x50 ./kernel/source/os_prio.o
                0x0000ab28                OS_PrioInsert
 .text.OS_PrioRemove
                0x0000ab78       0x54 ./kernel/source/os_prio.o
                0x0000ab78                OS_PrioRemove
 .text.OSSemCreate
                0x0000abcc      0x11c ./kernel/source/os_sem.o
                0x0000abcc                OSSemCreate
 .text.OSSemPend
                0x0000ace8      0x3b8 ./kernel/source/os_sem.o
                0x0000ace8                OSSemPend
 .text.OSSemPost
                0x0000b0a0      0x240 ./kernel/source/os_sem.o
                0x0000b0a0                OSSemPost
 .text.OS_SemDbgListAdd
                0x0000b2e0       0x50 ./kernel/source/os_sem.o
                0x0000b2e0                OS_SemDbgListAdd
 .text.OSStatReset
                0x0000b330      0x144 ./kernel/source/os_stat.o
                0x0000b330                OSStatReset
 .text.OS_StatTask
                0x0000b474      0x2d4 ./kernel/source/os_stat.o
                0x0000b474                OS_StatTask
 .text.OS_StatTaskInit
                0x0000b748       0x78 ./kernel/source/os_stat.o
                0x0000b748                OS_StatTaskInit
 .text.OS_StatTickInit
                0x0000b7c0       0x18 ./kernel/source/os_stat.o
                0x0000b7c0                OS_StatTickInit
 .text.OS_StatIdleEnterNotify
                0x0000b7d8       0x18 ./kernel/source/os_stat.o
                0x0000b7d8                OS_StatIdleEnterNotify
 .text.OS_StatIdleExitNotify
                0x0000b7f0       0x44 ./kernel/source/os_stat.o
                0x0000b7f0                OS_StatIdleExitNotify
 .text.OSTaskCreate
                0x0000b834      0x4a8 ./kernel/source/os_task.o
                0x0000b834                OSTaskCreate
 .text.OSTaskDel
                0x0000bcdc      0x2c8 ./kernel/source/os_task.o
                0x0000bcdc                OSTaskDel
 .text.OSTaskStkChk
                0x0000bfa4      0x1dc ./kernel/source/os_task.o
                0x0000bfa4                OSTaskStkChk
 .text.OSTaskStkRedzoneChk
                0x0000c180       0x5c ./kernel/source/os_task.o
                0x0000c180                OSTaskStkRedzoneChk
 .text.OS_TaskDbgListAdd
                0x0000c1dc       0x4c ./kernel/source/os_task.o
                0x0000c1dc                OS_TaskDbgListAdd
 .text.OS_TaskDbgListRemove
                0x0000c228       0x84 ./kernel/source/os_task.o
                0x0000c228                OS_TaskDbgListRemove
 .text.OS_TaskInit
                0x0000c2ac       0x6c ./kernel/source/os_task.o
                0x0000c2ac                OS_TaskInit
 .text.OS_TaskInitTCB
                0x0000c318      0x1a4 ./kernel/source/os_task.o
                0x0000c318                OS_TaskInitTCB
 .text.OS_TaskReturn
                0x0000c4bc       0x28 ./kernel/source/os_task.o
                0x0000c4bc                OS_TaskReturn
 .text.OS_TaskStkRedzoneChk
                0x0000c4e4       0x44 ./kernel/source/os_task.o
                0x0000c4e4                OS_TaskStkRedzoneChk
 .text.OS_TaskStkRedzoneInit
                0x0000c528       0x38 ./kernel/source/os_task.o
                0x0000c528                OS_TaskStkRedzoneInit
 .text.OS_TaskChangePrio
                0x0000c560      0x178 ./kernel/source/os_task.o
                0x0000c560                OS_TaskChangePrio
 .text.OSTimeTickRateHzGet
                0x0000c6d8       0x54 ./kernel/source/os_time.o
                0x0000c6d8                OSTimeTickRateHzGet
 .text.OSTimeDly
                0x0000c72c      0x3c0 ./kernel/source/os_time.o
                0x0000c72c                OSTimeDly
 .text.OS_TmrInit
                0x0000caec      0x104 ./kernel/source/os_tmr.o
                0x0000caec                OS_TmrInit
 .text.OS_TmrUnlink
                0x0000cbf0       0x80 ./kernel/source/os_tmr.o
                0x0000cbf0                OS_TmrUnlink
 .text.OS_TmrTask
                0x0000cc70       0xd4 ./kernel/source/os_tmr.o
                0x0000cc70                OS_TmrTask
 .text.OS_TmrLock
                0x0000cd44       0x28 ./kernel/source/os_tmr.o
 .text.OS_TmrUnlock
                0x0000cd6c       0x20 ./kernel/source/os_tmr.o
 .text          0x0000cd8c       0x18 ./ports/source/gnu/armv7m_cpu_a.o
                0x0000cd8c                CPU_CntLeadZeros
                0x0000cd92                CPU_CntTrailZeros
                0x0000cd9c                CPU_RevBits
 .text          0x0000cda4      0x14c ./ports/source/gnu/armv7m_os_cpu_a.o
                0x0000cda4                OSStartHighRdy
                0x0000ce22                OSCtxSw
                0x0000ce2c                OSIntCtxSw
                0x0000ce36                PendSV_Handler
 .text.OSIdleContext
                0x0000cef0        0xc ./ports/source/gnu/armv7m_os_cpu_c.o
                0x0000cef0                OSIdleContext
 .text.OSInitHook
                0x0000cefc       0x5c ./ports/source/gnu/armv7m_os_cpu_c.o
                0x0000cefc                OSInitHook
 .text.OSRedzoneHitHook
                0x0000cf58       0x20 ./ports/source/gnu/armv7m_os_cpu_c.o
                0x0000cf58                OSRedzoneHitHook
 .text.OSStatTaskHook
                0x0000cf78        0xe ./ports/source/gnu/armv7m_os_cpu_c.o
                0x0000cf78                OSStatTaskHook
 .text.OSTaskCreateHook
                0x0000cf86       0x14 ./ports/source/gnu/armv7m_os_cpu_c.o
                0x0000cf86                OSTaskCreateHook
 .text.OSTaskDelHook
                0x0000cf9a       0x14 ./ports/source/gnu/armv7m_os_cpu_c.o
                0x0000cf9a                OSTaskDelHook
 .text.OSTaskReturnHook
                0x0000cfae       0x14 ./ports/source/gnu/armv7m_os_cpu_c.o
                0x0000cfae                OSTaskReturnHook
 *fill*         0x0000cfc2        0x2 
 .text.OSTaskStkInit
                0x0000cfc4      0x118 ./ports/source/gnu/armv7m_os_cpu_c.o
                0x0000cfc4                OSTaskStkInit
 .text.OSTaskSwHook
                0x0000d0dc       0x6c ./ports/source/gnu/armv7m_os_cpu_c.o
                0x0000d0dc                OSTaskSwHook
 .text.sl_sleeptimer_init
                0x0000d148       0x94 ./service/sl_sleeptimer.o
                0x0000d148                sl_sleeptimer_init
 .text.sl_sleeptimer_start_timer
                0x0000d1dc       0x56 ./service/sl_sleeptimer.o
                0x0000d1dc                sl_sleeptimer_start_timer
 *fill*         0x0000d232        0x2 
 .text.sl_sleeptimer_stop_timer
                0x0000d234       0x7c ./service/sl_sleeptimer.o
                0x0000d234                sl_sleeptimer_stop_timer
 .text.sl_sleeptimer_is_timer_running
                0x0000d2b0       0x6c ./service/sl_sleeptimer.o
                0x0000d2b0                sl_sleeptimer_is_timer_running
 .text.sl_sleeptimer_get_timer_time_remaining
                0x0000d31c       0xb4 ./service/sl_sleeptimer.o
                0x0000d31c                sl_sleeptimer_get_timer_time_remaining
 .text.sl_sleeptimer_get_tick_count
                0x0000d3d0       0x22 ./service/sl_sleeptimer.o
                0x0000d3d0                sl_sleeptimer_get_tick_count
 *fill*         0x0000d3f2        0x2 
 .text.sl_sleeptimer_get_timer_frequency
                0x0000d3f4       0x18 ./service/sl_sleeptimer.o
                0x0000d3f4                sl_sleeptimer_get_timer_frequency
 .text.process_timer_irq
                0x0000d40c      0x174 ./service/sl_sleeptimer.o
                0x0000d40c                process_timer_irq
 .text.delta_list_insert_timer
                0x0000d580       0xbc ./service/sl_sleeptimer.o
 .text.delta_list_remove_timer
                0x0000d63c       0x7c ./service/sl_sleeptimer.o
 .text.set_comparator_for_next_timer
                0x0000d6b8       0x30 ./service/sl_sleeptimer.o
 .text.update_first_timer_delta
                0x0000d6e8       0x70 ./service/sl_sleeptimer.o
 .text.create_timer
                0x0000d758       0x9c ./service/sl_sleeptimer.o
 .text.__NVIC_EnableIRQ
                0x0000d7f4       0x3c ./service/sl_sleeptimer_hal_rtcc.o
 .text.__NVIC_ClearPendingIRQ
                0x0000d830       0x3c ./service/sl_sleeptimer_hal_rtcc.o
 .text.RTCC_ChannelCompareValueGet
                0x0000d86c       0x38 ./service/sl_sleeptimer_hal_rtcc.o
 .text.RTCC_ChannelCompareValueSet
                0x0000d8a4       0x3c ./service/sl_sleeptimer_hal_rtcc.o
 .text.RTCC_ChannelCCVGet
                0x0000d8e0       0x18 ./service/sl_sleeptimer_hal_rtcc.o
 .text.RTCC_ChannelCCVSet
                0x0000d8f8       0x1a ./service/sl_sleeptimer_hal_rtcc.o
 *fill*         0x0000d912        0x2 
 .text.RTCC_CounterGet
                0x0000d914       0x18 ./service/sl_sleeptimer_hal_rtcc.o
 .text.RTCC_CounterSet
                0x0000d92c       0x20 ./service/sl_sleeptimer_hal_rtcc.o
 .text.RTCC_IntClear
                0x0000d94c       0x20 ./service/sl_sleeptimer_hal_rtcc.o
 .text.RTCC_IntDisable
                0x0000d96c       0x28 ./service/sl_sleeptimer_hal_rtcc.o
 .text.RTCC_IntEnable
                0x0000d994       0x24 ./service/sl_sleeptimer_hal_rtcc.o
 .text.RTCC_IntGet
                0x0000d9b8       0x18 ./service/sl_sleeptimer_hal_rtcc.o
 .text.SL_Log2ToDiv
                0x0000d9d0       0x2c ./service/sl_sleeptimer_hal_rtcc.o
 .text.CMU_PrescToLog2
                0x0000d9fc       0x54 ./service/sl_sleeptimer_hal_rtcc.o
 .text.sleeptimer_hal_init_timer
                0x0000da50       0x94 ./service/sl_sleeptimer_hal_rtcc.o
                0x0000da50                sleeptimer_hal_init_timer
 .text.sleeptimer_hal_get_counter
                0x0000dae4        0xe ./service/sl_sleeptimer_hal_rtcc.o
                0x0000dae4                sleeptimer_hal_get_counter
 .text.sleeptimer_hal_get_compare
                0x0000daf2       0x10 ./service/sl_sleeptimer_hal_rtcc.o
                0x0000daf2                sleeptimer_hal_get_compare
 *fill*         0x0000db02        0x2 
 .text.sleeptimer_hal_set_compare
                0x0000db04       0x9c ./service/sl_sleeptimer_hal_rtcc.o
                0x0000db04                sleeptimer_hal_set_compare
 .text.sleeptimer_hal_enable_int
                0x0000dba0       0x40 ./service/sl_sleeptimer_hal_rtcc.o
                0x0000dba0                sleeptimer_hal_enable_int
 .text.sleeptimer_hal_disable_int
                0x0000dbe0       0x5c ./service/sl_sleeptimer_hal_rtcc.o
                0x0000dbe0                sleeptimer_hal_disable_int
 .text.RTCC_IRQHandler
                0x0000dc3c       0x5c ./service/sl_sleeptimer_hal_rtcc.o
                0x0000dc3c                RTCC_IRQHandler
 .text.sleeptimer_hal_get_timer_frequency
                0x0000dc98       0x20 ./service/sl_sleeptimer_hal_rtcc.o
                0x0000dc98                sleeptimer_hal_get_timer_frequency
 .text.get_time_diff
                0x0000dcb8       0x1c ./service/sl_sleeptimer_hal_rtcc.o
 .text.BUS_RegBitRead
                0x0000dcd4       0x2a ./src/Source_Files/app.o
 *fill*         0x0000dcfe        0x2 
 .text.GPIO_PinInGet
                0x0000dd00       0xc8 ./src/Source_Files/app.o
 .text.app_peripheral_setup
                0x0000ddc8       0x10 ./src/Source_Files/app.o
                0x0000ddc8                app_peripheral_setup
 .text.samplePushButton_0
                0x0000ddd8       0x56 ./src/Source_Files/app.o
                0x0000ddd8                samplePushButton_0
 .text.samplePushButton_1
                0x0000de2e       0x56 ./src/Source_Files/app.o
                0x0000de2e                samplePushButton_1
 .text.sampleSliderPosition
                0x0000de84       0x6a ./src/Source_Files/app.o
                0x0000de84                sampleSliderPosition
 *fill*         0x0000deee        0x2 
 .text.__NVIC_EnableIRQ
                0x0000def0       0x3c ./src/Source_Files/capsense.o
 .text.CAPSENSE_getPressed
                0x0000df2c       0x4c ./src/Source_Files/capsense.o
                0x0000df2c                CAPSENSE_getPressed
 .text.CAPSENSE_Measure
                0x0000df78       0x88 ./src/Source_Files/capsense.o
 .text.CAPSENSE_Sense
                0x0000e000       0x54 ./src/Source_Files/capsense.o
                0x0000e000                CAPSENSE_Sense
 .text.CAPSENSE_Init
                0x0000e054       0xa0 ./src/Source_Files/capsense.o
                0x0000e054                CAPSENSE_Init
 .text.cmu_open
                0x0000e0f4       0x14 ./src/Source_Files/cmu.o
                0x0000e0f4                cmu_open
 .text.queueInit
                0x0000e108       0x18 ./src/Source_Files/fifo_queue.o
                0x0000e108                queueInit
 .text.push     0x0000e120       0x54 ./src/Source_Files/fifo_queue.o
                0x0000e120                push
 .text.pop      0x0000e174       0x34 ./src/Source_Files/fifo_queue.o
                0x0000e174                pop
 .text.peek     0x0000e1a8       0x2c ./src/Source_Files/fifo_queue.o
                0x0000e1a8                peek
 .text.isEmpty  0x0000e1d4       0x20 ./src/Source_Files/fifo_queue.o
                0x0000e1d4                isEmpty
 .text.__NVIC_EnableIRQ
                0x0000e1f4       0x3c ./src/Source_Files/gpio.o
 .text.__NVIC_ClearPendingIRQ
                0x0000e230       0x3c ./src/Source_Files/gpio.o
 .text.GPIO_IntClear
                0x0000e26c       0x20 ./src/Source_Files/gpio.o
 .text.GPIO_IntGet
                0x0000e28c       0x18 ./src/Source_Files/gpio.o
 .text.GPIO_IntConfig
                0x0000e2a4       0x36 ./src/Source_Files/gpio.o
 .text.gpio_open
                0x0000e2da       0x88 ./src/Source_Files/gpio.o
                0x0000e2da                gpio_open
 *fill*         0x0000e362        0x2 
 .text.GPIO_Unified_IRQ
                0x0000e364       0x48 ./src/Source_Files/gpio.o
                0x0000e364                GPIO_Unified_IRQ
 .text.GPIO_EVEN_IRQHandler
                0x0000e3ac        0xc ./src/Source_Files/gpio.o
                0x0000e3ac                GPIO_EVEN_IRQHandler
 .text.GPIO_ODD_IRQHandler
                0x0000e3b8        0xc ./src/Source_Files/gpio.o
                0x0000e3b8                GPIO_ODD_IRQHandler
 .text.BUS_RegMaskedSet
                0x0000e3c4       0x24 ./src/main.o
 .text.BUS_RegMaskedClear
                0x0000e3e8       0x24 ./src/main.o
 .text.GPIO_PinOutClear
                0x0000e40c       0xd0 ./src/main.o
 .text.GPIO_PinOutSet
                0x0000e4dc       0xd0 ./src/main.o
 .text.EMU_EnterEM1
                0x0000e5ac       0x20 ./src/main.o
 .text.main     0x0000e5cc       0x8c ./src/main.o
                0x0000e5cc                main
 .text.MainStartTask
                0x0000e658      0x280 ./src/main.o
 .text.IdleTask
                0x0000e8d8       0x22 ./src/main.o
 *fill*         0x0000e8fa        0x2 
 .text.SpeedSetpointTask
                0x0000e8fc       0xc4 ./src/main.o
 .text.VehicleDirectionTask
                0x0000e9c0      0x1a8 ./src/main.o
 .text.VehicleMonitorTask
                0x0000eb68      0x174 ./src/main.o
 .text.LedOutputTask
                0x0000ecdc       0x90 ./src/main.o
 .text.LcdDisplayTask
                0x0000ed6c       0x9c ./src/main.o
 .text.AppGraphics_Init
                0x0000ee08       0x34 ./src/main.o
 .text.AppGraphics_DisplayScreen
                0x0000ee3c      0x1d4 ./src/main.o
 .text          0x0000f010       0x30 c:/siliconlabs/simplicitystudio/v4/developer/toolchains/gnu_arm/7.2_2017q4/bin/../lib/gcc/arm-none-eabi/7.2.1/thumb/v7e-m/fpv4-sp/softfp\libgcc.a(_aeabi_uldivmod.o)
                0x0000f010                __aeabi_uldivmod
 .text          0x0000f040      0x2cc c:/siliconlabs/simplicitystudio/v4/developer/toolchains/gnu_arm/7.2_2017q4/bin/../lib/gcc/arm-none-eabi/7.2.1/thumb/v7e-m/fpv4-sp/softfp\libgcc.a(_udivmoddi4.o)
                0x0000f040                __udivmoddi4
 .text          0x0000f30c        0x4 c:/siliconlabs/simplicitystudio/v4/developer/toolchains/gnu_arm/7.2_2017q4/bin/../lib/gcc/arm-none-eabi/7.2.1/thumb/v7e-m/fpv4-sp/softfp\libgcc.a(_dvmd_tls.o)
                0x0000f30c                __aeabi_idiv0
                0x0000f30c                __aeabi_ldiv0
 .text.exit     0x0000f310       0x28 c:/siliconlabs/simplicitystudio/v4/developer/toolchains/gnu_arm/7.2_2017q4/bin/../lib/gcc/arm-none-eabi/7.2.1/../../../../arm-none-eabi/lib/thumb/v7e-m/fpv4-sp/softfp\libc_nano.a(lib_a-exit.o)
                0x0000f310                exit
 .text.__libc_init_array
                0x0000f338       0x48 c:/siliconlabs/simplicitystudio/v4/developer/toolchains/gnu_arm/7.2_2017q4/bin/../lib/gcc/arm-none-eabi/7.2.1/../../../../arm-none-eabi/lib/thumb/v7e-m/fpv4-sp/softfp\libc_nano.a(lib_a-init.o)
                0x0000f338                __libc_init_array
 .text.malloc   0x0000f380       0x10 c:/siliconlabs/simplicitystudio/v4/developer/toolchains/gnu_arm/7.2_2017q4/bin/../lib/gcc/arm-none-eabi/7.2.1/../../../../arm-none-eabi/lib/thumb/v7e-m/fpv4-sp/softfp\libc_nano.a(lib_a-malloc.o)
                0x0000f380                malloc
 .text.free     0x0000f390       0x10 c:/siliconlabs/simplicitystudio/v4/developer/toolchains/gnu_arm/7.2_2017q4/bin/../lib/gcc/arm-none-eabi/7.2.1/../../../../arm-none-eabi/lib/thumb/v7e-m/fpv4-sp/softfp\libc_nano.a(lib_a-malloc.o)
                0x0000f390                free
 .text.memcpy   0x0000f3a0       0x16 c:/siliconlabs/simplicitystudio/v4/developer/toolchains/gnu_arm/7.2_2017q4/bin/../lib/gcc/arm-none-eabi/7.2.1/../../../../arm-none-eabi/lib/thumb/v7e-m/fpv4-sp/softfp\libc_nano.a(lib_a-memcpy-stub.o)
                0x0000f3a0                memcpy
 .text.memset   0x0000f3b6       0x10 c:/siliconlabs/simplicitystudio/v4/developer/toolchains/gnu_arm/7.2_2017q4/bin/../lib/gcc/arm-none-eabi/7.2.1/../../../../arm-none-eabi/lib/thumb/v7e-m/fpv4-sp/softfp\libc_nano.a(lib_a-memset.o)
                0x0000f3b6                memset
 *fill*         0x0000f3c6        0x2 
 .text._free_r  0x0000f3c8       0x9c c:/siliconlabs/simplicitystudio/v4/developer/toolchains/gnu_arm/7.2_2017q4/bin/../lib/gcc/arm-none-eabi/7.2.1/../../../../arm-none-eabi/lib/thumb/v7e-m/fpv4-sp/softfp\libc_nano.a(lib_a-nano-freer.o)
                0x0000f3c8                _free_r
 .text._malloc_r
                0x0000f464       0xb4 c:/siliconlabs/simplicitystudio/v4/developer/toolchains/gnu_arm/7.2_2017q4/bin/../lib/gcc/arm-none-eabi/7.2.1/../../../../arm-none-eabi/lib/thumb/v7e-m/fpv4-sp/softfp\libc_nano.a(lib_a-nano-mallocr.o)
                0x0000f464                _malloc_r
 .text._sbrk_r  0x0000f518       0x20 c:/siliconlabs/simplicitystudio/v4/developer/toolchains/gnu_arm/7.2_2017q4/bin/../lib/gcc/arm-none-eabi/7.2.1/../../../../arm-none-eabi/lib/thumb/v7e-m/fpv4-sp/softfp\libc_nano.a(lib_a-sbrkr.o)
                0x0000f518                _sbrk_r
 .text.snprintf
                0x0000f538       0x68 c:/siliconlabs/simplicitystudio/v4/developer/toolchains/gnu_arm/7.2_2017q4/bin/../lib/gcc/arm-none-eabi/7.2.1/../../../../arm-none-eabi/lib/thumb/v7e-m/fpv4-sp/softfp\libc_nano.a(lib_a-snprintf.o)
                0x0000f538                sniprintf
                0x0000f538                snprintf
 .text.strcpy   0x0000f5a0       0x10 c:/siliconlabs/simplicitystudio/v4/developer/toolchains/gnu_arm/7.2_2017q4/bin/../lib/gcc/arm-none-eabi/7.2.1/../../../../arm-none-eabi/lib/thumb/v7e-m/fpv4-sp/softfp\libc_nano.a(lib_a-strcpy.o)
                0x0000f5a0                strcpy
 .text          0x0000f5b0       0x10 c:/siliconlabs/simplicitystudio/v4/developer/toolchains/gnu_arm/7.2_2017q4/bin/../lib/gcc/arm-none-eabi/7.2.1/../../../../arm-none-eabi/lib/thumb/v7e-m/fpv4-sp/softfp\libc_nano.a(lib_a-strlen.o)
                0x0000f5b0                strlen
 .text.__malloc_lock
                0x0000f5c0        0x2 c:/siliconlabs/simplicitystudio/v4/developer/toolchains/gnu_arm/7.2_2017q4/bin/../lib/gcc/arm-none-eabi/7.2.1/../../../../arm-none-eabi/lib/thumb/v7e-m/fpv4-sp/softfp\libc_nano.a(lib_a-mlock.o)
                0x0000f5c0                __malloc_lock
 .text.__malloc_unlock
                0x0000f5c2        0x2 c:/siliconlabs/simplicitystudio/v4/developer/toolchains/gnu_arm/7.2_2017q4/bin/../lib/gcc/arm-none-eabi/7.2.1/../../../../arm-none-eabi/lib/thumb/v7e-m/fpv4-sp/softfp\libc_nano.a(lib_a-mlock.o)
                0x0000f5c2                __malloc_unlock
 .text.__ssputs_r
                0x0000f5c4       0xb4 c:/siliconlabs/simplicitystudio/v4/developer/toolchains/gnu_arm/7.2_2017q4/bin/../lib/gcc/arm-none-eabi/7.2.1/../../../../arm-none-eabi/lib/thumb/v7e-m/fpv4-sp/softfp\libc_nano.a(lib_a-nano-svfprintf.o)
                0x0000f5c4                __ssputs_r
 .text._svfprintf_r
                0x0000f678      0x1ec c:/siliconlabs/simplicitystudio/v4/developer/toolchains/gnu_arm/7.2_2017q4/bin/../lib/gcc/arm-none-eabi/7.2.1/../../../../arm-none-eabi/lib/thumb/v7e-m/fpv4-sp/softfp\libc_nano.a(lib_a-nano-svfprintf.o)
                0x0000f678                _svfiprintf_r
                0x0000f678                _svfprintf_r
 .text._printf_common
                0x0000f864       0xea c:/siliconlabs/simplicitystudio/v4/developer/toolchains/gnu_arm/7.2_2017q4/bin/../lib/gcc/arm-none-eabi/7.2.1/../../../../arm-none-eabi/lib/thumb/v7e-m/fpv4-sp/softfp\libc_nano.a(lib_a-nano-vfprintf_i.o)
                0x0000f864                _printf_common
 *fill*         0x0000f94e        0x2 
 .text._printf_i
                0x0000f950      0x224 c:/siliconlabs/simplicitystudio/v4/developer/toolchains/gnu_arm/7.2_2017q4/bin/../lib/gcc/arm-none-eabi/7.2.1/../../../../arm-none-eabi/lib/thumb/v7e-m/fpv4-sp/softfp\libc_nano.a(lib_a-nano-vfprintf_i.o)
                0x0000f950                _printf_i
 *fill*         0x0000fb74        0xc 
 .text          0x0000fb80       0xa0 c:/siliconlabs/simplicitystudio/v4/developer/toolchains/gnu_arm/7.2_2017q4/bin/../lib/gcc/arm-none-eabi/7.2.1/../../../../arm-none-eabi/lib/thumb/v7e-m/fpv4-sp/softfp\libc_nano.a(lib_a-memchr.o)
                0x0000fb80                memchr
 .text.memmove  0x0000fc20       0x32 c:/siliconlabs/simplicitystudio/v4/developer/toolchains/gnu_arm/7.2_2017q4/bin/../lib/gcc/arm-none-eabi/7.2.1/../../../../arm-none-eabi/lib/thumb/v7e-m/fpv4-sp/softfp\libc_nano.a(lib_a-memmove.o)
                0x0000fc20                memmove
 .text._realloc_r
                0x0000fc52       0x4c c:/siliconlabs/simplicitystudio/v4/developer/toolchains/gnu_arm/7.2_2017q4/bin/../lib/gcc/arm-none-eabi/7.2.1/../../../../arm-none-eabi/lib/thumb/v7e-m/fpv4-sp/softfp\libc_nano.a(lib_a-nano-reallocr.o)
                0x0000fc52                _realloc_r
 .text._malloc_usable_size_r
                0x0000fc9e       0x10 c:/siliconlabs/simplicitystudio/v4/developer/toolchains/gnu_arm/7.2_2017q4/bin/../lib/gcc/arm-none-eabi/7.2.1/../../../../arm-none-eabi/lib/thumb/v7e-m/fpv4-sp/softfp\libc_nano.a(lib_a-nano-msizer.o)
                0x0000fc9e                _malloc_usable_size_r
 *fill*         0x0000fcae        0x2 
 .text._sbrk    0x0000fcb0       0x1c c:/siliconlabs/simplicitystudio/v4/developer/toolchains/gnu_arm/7.2_2017q4/bin/../lib/gcc/arm-none-eabi/7.2.1/../../../../arm-none-eabi/lib/thumb/v7e-m/fpv4-sp/softfp\libnosys.a(sbrk.o)
                0x0000fcb0                _sbrk
 .text._exit    0x0000fccc        0x4 c:/siliconlabs/simplicitystudio/v4/developer/toolchains/gnu_arm/7.2_2017q4/bin/../lib/gcc/arm-none-eabi/7.2.1/../../../../arm-none-eabi/lib/thumb/v7e-m/fpv4-sp/softfp\libnosys.a(_exit.o)
                0x0000fccc                _exit
 *(.init)
 .init          0x0000fcd0        0x4 c:/siliconlabs/simplicitystudio/v4/developer/toolchains/gnu_arm/7.2_2017q4/bin/../lib/gcc/arm-none-eabi/7.2.1/thumb/v7e-m/fpv4-sp/softfp/crti.o
                0x0000fcd0                _init
 .init          0x0000fcd4        0x8 c:/siliconlabs/simplicitystudio/v4/developer/toolchains/gnu_arm/7.2_2017q4/bin/../lib/gcc/arm-none-eabi/7.2.1/thumb/v7e-m/fpv4-sp/softfp/crtn.o
 *(.fini)
 .fini          0x0000fcdc        0x4 c:/siliconlabs/simplicitystudio/v4/developer/toolchains/gnu_arm/7.2_2017q4/bin/../lib/gcc/arm-none-eabi/7.2.1/thumb/v7e-m/fpv4-sp/softfp/crti.o
                0x0000fcdc                _fini
 .fini          0x0000fce0        0x8 c:/siliconlabs/simplicitystudio/v4/developer/toolchains/gnu_arm/7.2_2017q4/bin/../lib/gcc/arm-none-eabi/7.2.1/thumb/v7e-m/fpv4-sp/softfp/crtn.o
 *crtbegin.o(.ctors)
 *crtbegin?.o(.ctors)
 *(EXCLUDE_FILE(*crtend.o *crtend?.o) .ctors)
 *(SORT_BY_NAME(.ctors.*))
 *(.ctors)
 *crtbegin.o(.dtors)
 *crtbegin?.o(.dtors)
 *(EXCLUDE_FILE(*crtend.o *crtend?.o) .dtors)
 *(SORT_BY_NAME(.dtors.*))
 *(.dtors)
 *(.rodata*)
 .rodata.dcdcInit
                0x0000fce8       0x10 ./BSP/siliconlabs/generic/source/bsp_os.o
 .rodata        0x0000fcf8       0x15 ./Drivers/displayls013b7dh03.o
 *fill*         0x0000fd0d        0x3 
 .rodata        0x0000fd10       0xf3 ./Drivers/displaypalemlib.o
 *fill*         0x0000fe03        0x1 
 .rodata        0x0000fe04        0x9 ./Drivers/udelay.o
 *fill*         0x0000fe0d        0x3 
 .rodata.GLIB_FontNarrow6x8PixMap
                0x0000fe10      0x320 ./Graphics/glib_font_narrow_6x8.o
 .rodata.GLIB_FontNarrow6x8
                0x00010130       0x10 ./Graphics/glib_font_narrow_6x8.o
                0x00010130                GLIB_FontNarrow6x8
 .rodata.GLIB_FontNormal8x8PixMap
                0x00010140      0x320 ./Graphics/glib_font_normal_8x8.o
 .rodata.GLIB_FontNormal8x8
                0x00010460       0x10 ./Graphics/glib_font_normal_8x8.o
                0x00010460                GLIB_FontNormal8x8
 .rodata        0x00010470       0x17 ./SystemView/SEGGER_RTT.o
 *fill*         0x00010487        0x1 
 .rodata._abSync
                0x00010488        0xa ./SystemView/SEGGER_SYSVIEW.o
 *fill*         0x00010492        0x2 
 .rodata        0x00010494        0x8 ./SystemView/SEGGER_SYSVIEW.o
 .rodata        0x0001049c       0x41 ./SystemView/SEGGER_SYSVIEW_Config_MicriumOSKernel.o
 *fill*         0x000104dd        0x3 
 .rodata        0x000104e0       0xa3 ./SystemView/SEGGER_SYSVIEW_MicriumOSKernel.o
 *fill*         0x00010583        0x1 
 .rodata.SYSVIEW_X_OS_TraceAPI
                0x00010584        0x8 ./SystemView/SEGGER_SYSVIEW_MicriumOSKernel.o
                0x00010584                SYSVIEW_X_OS_TraceAPI
 .rodata        0x0001058c       0x79 ./common/source/common/common.o
 *fill*         0x00010605        0x3 
 .rodata.__func__.8538
                0x00010608        0xc ./common/source/common/common.o
 .rodata        0x00010614      0x105 ./common/source/kal/kal_kernel.o
 *fill*         0x00010719        0x3 
 .rodata.__func__.8856
                0x0001071c        0x9 ./common/source/kal/kal_kernel.o
 *fill*         0x00010725        0x3 
 .rodata        0x00010728       0x77 ./common/source/lib/lib_mem.o
 *fill*         0x0001079f        0x1 
 .rodata.__func__.8643
                0x000107a0        0xb ./common/source/lib/lib_mem.o
 *fill*         0x000107ab        0x1 
 .rodata.__func__.8709
                0x000107ac       0x12 ./common/source/lib/lib_mem.o
 *fill*         0x000107be        0x2 
 .rodata.__func__.8746
                0x000107c0       0x12 ./common/source/lib/lib_mem.o
 *fill*         0x000107d2        0x2 
 .rodata.__func__.8756
                0x000107d4       0x13 ./common/source/lib/lib_mem.o
 *fill*         0x000107e7        0x1 
 .rodata.__func__.8803
                0x000107e8       0x15 ./common/source/lib/lib_mem.o
 *fill*         0x000107fd        0x3 
 .rodata.__func__.8819
                0x00010800       0x18 ./common/source/lib/lib_mem.o
 .rodata.__func__.8833
                0x00010818       0x1a ./common/source/lib/lib_mem.o
 *fill*         0x00010832        0x2 
 .rodata        0x00010834       0xd5 ./common/source/platform_mgr/platform_mgr.o
 *fill*         0x00010909        0x3 
 .rodata.__func__.8597
                0x0001090c       0x10 ./common/source/platform_mgr/platform_mgr.o
 .rodata        0x0001091c     0x2350 ./common/source/rtos/rtos_err_str.o
 .rodata.RTOS_ErrStrTbl
                0x00012c6c      0x24c ./common/source/rtos/rtos_err_str.o
                0x00012c6c                RTOS_ErrStrTbl
 .rodata.RTOS_ErrDescStrTbl
                0x00012eb8      0x24c ./common/source/rtos/rtos_err_str.o
                0x00012eb8                RTOS_ErrDescStrTbl
 .rodata        0x00013104       0x71 ./cpu/source/cpu_core.o
 *fill*         0x00013175        0x3 
 .rodata.__func__.8503
                0x00013178       0x12 ./cpu/source/cpu_core.o
 *fill*         0x0001318a        0x2 
 .rodata        0x0001318c       0x13 ./emlib/em_acmp.o
 *fill*         0x0001319f        0x1 
 .rodata        0x000131a0      0x12f ./emlib/em_cmu.o
 *fill*         0x000132cf        0x1 
 .rodata.flashWsTable
                0x000132d0       0x28 ./emlib/em_cmu.o
 .rodata        0x000132f8       0x63 ./emlib/em_emu.o
 *fill*         0x0001335b        0x1 
 .rodata        0x0001335c       0xc8 ./emlib/em_gpio.o
 .rodata        0x00013424       0x63 ./emlib/em_prs.o
 *fill*         0x00013487        0x1 
 .rodata        0x00013488       0x64 ./emlib/em_rtcc.o
 .rodata        0x000134ec       0x65 ./emlib/em_usart.o
 *fill*         0x00013551        0x3 
 .rodata.OSCfg_StkSizeMin
                0x00013554        0x4 ./kernel/source/os_cfg_app.o
                0x00013554                OSCfg_StkSizeMin
 .rodata        0x00013558       0xea ./kernel/source/os_core.o
 *fill*         0x00013642        0x2 
 .rodata.__func__.9085
                0x00013644        0x7 ./kernel/source/os_core.o
 *fill*         0x0001364b        0x1 
 .rodata.__func__.9110
                0x0001364c        0xc ./kernel/source/os_core.o
 .rodata.__func__.9117
                0x00013658        0xe ./kernel/source/os_core.o
 *fill*         0x00013666        0x2 
 .rodata.__func__.9140
                0x00013668        0x8 ./kernel/source/os_core.o
 .rodata        0x00013670       0x7e ./kernel/source/os_flag.o
 *fill*         0x000136ee        0x2 
 .rodata.__func__.9051
                0x000136f0        0xd ./kernel/source/os_flag.o
 *fill*         0x000136fd        0x3 
 .rodata.__func__.9090
                0x00013700        0xb ./kernel/source/os_flag.o
 *fill*         0x0001370b        0x1 
 .rodata.__func__.9151
                0x0001370c        0xb ./kernel/source/os_flag.o
 *fill*         0x00013717        0x1 
 .rodata        0x00013718       0x72 ./kernel/source/os_msg.o
 *fill*         0x0001378a        0x2 
 .rodata.__func__.9054
                0x0001378c        0xf ./kernel/source/os_msg.o
 *fill*         0x0001379b        0x1 
 .rodata        0x0001379c       0x7e ./kernel/source/os_mutex.o
 *fill*         0x0001381a        0x2 
 .rodata.__func__.9050
                0x0001381c        0xe ./kernel/source/os_mutex.o
 *fill*         0x0001382a        0x2 
 .rodata.__func__.9088
                0x0001382c        0xc ./kernel/source/os_mutex.o
 .rodata.__func__.9131
                0x00013838        0xc ./kernel/source/os_mutex.o
 .rodata        0x00013844       0x7e ./kernel/source/os_sem.o
 *fill*         0x000138c2        0x2 
 .rodata.__func__.9051
                0x000138c4        0xc ./kernel/source/os_sem.o
 .rodata.__func__.9087
                0x000138d0        0xa ./kernel/source/os_sem.o
 *fill*         0x000138da        0x2 
 .rodata.__func__.9129
                0x000138dc        0xa ./kernel/source/os_sem.o
 *fill*         0x000138e6        0x2 
 .rodata        0x000138e8       0x87 ./kernel/source/os_stat.o
 *fill*         0x0001396f        0x1 
 .rodata.__func__.9061
                0x00013970        0xc ./kernel/source/os_stat.o
 .rodata        0x0001397c       0x7e ./kernel/source/os_task.o
 *fill*         0x000139fa        0x2 
 .rodata.__func__.9076
                0x000139fc        0xd ./kernel/source/os_task.o
 *fill*         0x00013a09        0x3 
 .rodata.__func__.9099
                0x00013a0c        0xa ./kernel/source/os_task.o
 *fill*         0x00013a16        0x2 
 .rodata.__func__.9312
                0x00013a18        0xd ./kernel/source/os_task.o
 *fill*         0x00013a25        0x3 
 .rodata.__func__.9362
                0x00013a28        0xc ./kernel/source/os_task.o
 .rodata        0x00013a34       0x73 ./kernel/source/os_time.o
 *fill*         0x00013aa7        0x1 
 .rodata.__func__.9047
                0x00013aa8       0x14 ./kernel/source/os_time.o
 .rodata.__func__.9056
                0x00013abc        0xa ./kernel/source/os_time.o
 *fill*         0x00013ac6        0x2 
 .rodata        0x00013ac8       0xa0 ./kernel/source/os_tmr.o
 .rodata        0x00013b68      0x143 ./service/sl_sleeptimer_hal_rtcc.o
 *fill*         0x00013cab        0x1 
 .rodata        0x00013cac       0x64 ./src/Source_Files/app.o
 .rodata.channelList
                0x00013d10        0x4 ./src/Source_Files/capsense.o
 .rodata        0x00013d14       0x18 ./src/Source_Files/capsense.o
 .rodata        0x00013d2c      0x202 ./src/main.o
 *fill*         0x00013f2e        0x2 
 .rodata._global_impure_ptr
                0x00013f30        0x4 c:/siliconlabs/simplicitystudio/v4/developer/toolchains/gnu_arm/7.2_2017q4/bin/../lib/gcc/arm-none-eabi/7.2.1/../../../../arm-none-eabi/lib/thumb/v7e-m/fpv4-sp/softfp\libc_nano.a(lib_a-impure.o)
                0x00013f30                _global_impure_ptr
 .rodata._svfprintf_r.str1.1
                0x00013f34       0x11 c:/siliconlabs/simplicitystudio/v4/developer/toolchains/gnu_arm/7.2_2017q4/bin/../lib/gcc/arm-none-eabi/7.2.1/../../../../arm-none-eabi/lib/thumb/v7e-m/fpv4-sp/softfp\libc_nano.a(lib_a-nano-svfprintf.o)
 .rodata._printf_i.str1.1
                0x00013f45       0x22 c:/siliconlabs/simplicitystudio/v4/developer/toolchains/gnu_arm/7.2_2017q4/bin/../lib/gcc/arm-none-eabi/7.2.1/../../../../arm-none-eabi/lib/thumb/v7e-m/fpv4-sp/softfp\libc_nano.a(lib_a-nano-vfprintf_i.o)
 *(.eh_frame*)
 *fill*         0x00013f67        0x1 
 .eh_frame      0x00013f68        0x0 c:/siliconlabs/simplicitystudio/v4/developer/toolchains/gnu_arm/7.2_2017q4/bin/../lib/gcc/arm-none-eabi/7.2.1/thumb/v7e-m/fpv4-sp/softfp/crtbegin.o
 .eh_frame      0x00013f68        0x4 c:/siliconlabs/simplicitystudio/v4/developer/toolchains/gnu_arm/7.2_2017q4/bin/../lib/gcc/arm-none-eabi/7.2.1/thumb/v7e-m/fpv4-sp/softfp/crtend.o

.glue_7         0x00013f6c        0x0
 .glue_7        0x00013f6c        0x0 linker stubs

.glue_7t        0x00013f6c        0x0
 .glue_7t       0x00013f6c        0x0 linker stubs

.vfp11_veneer   0x00013f6c        0x0
 .vfp11_veneer  0x00013f6c        0x0 linker stubs

.v4_bx          0x00013f6c        0x0
 .v4_bx         0x00013f6c        0x0 linker stubs

.iplt           0x00013f6c        0x0
 .iplt          0x00013f6c        0x0 c:/siliconlabs/simplicitystudio/v4/developer/toolchains/gnu_arm/7.2_2017q4/bin/../lib/gcc/arm-none-eabi/7.2.1/thumb/v7e-m/fpv4-sp/softfp/crtbegin.o

.ARM.extab
 *(.ARM.extab* .gnu.linkonce.armextab.*)
                0x00013f6c                __exidx_start = .

.ARM.exidx      0x00013f6c        0x8
 *(.ARM.exidx* .gnu.linkonce.armexidx.*)
 .ARM.exidx     0x00013f6c        0x8 c:/siliconlabs/simplicitystudio/v4/developer/toolchains/gnu_arm/7.2_2017q4/bin/../lib/gcc/arm-none-eabi/7.2.1/../../../../arm-none-eabi/lib/thumb/v7e-m/fpv4-sp/softfp/crt0.o
 .ARM.exidx     0x00013f74        0x0 c:/siliconlabs/simplicitystudio/v4/developer/toolchains/gnu_arm/7.2_2017q4/bin/../lib/gcc/arm-none-eabi/7.2.1/thumb/v7e-m/fpv4-sp/softfp\libgcc.a(_udivmoddi4.o)
                                  0x8 (size before relaxing)
                0x00013f74                __exidx_end = .
                0x00013f74                __etext = .

.rel.dyn        0x00013f74        0x0
 .rel.iplt      0x00013f74        0x0 c:/siliconlabs/simplicitystudio/v4/developer/toolchains/gnu_arm/7.2_2017q4/bin/../lib/gcc/arm-none-eabi/7.2.1/thumb/v7e-m/fpv4-sp/softfp/crtbegin.o

.data           0x20000000      0x138 load address 0x00013f74
                0x20000000                __data_start__ = .
 *(vtable)
 *(.data*)
 .data.SystemHFXOClock
                0x20000000        0x4 ./CMSIS/EFM32PG12B/system_efm32pg12b.o
 .data.SystemLFXOClock
                0x20000004        0x4 ./CMSIS/EFM32PG12B/system_efm32pg12b.o
 .data.SystemCoreClock
                0x20000008        0x4 ./CMSIS/EFM32PG12B/system_efm32pg12b.o
                0x20000008                SystemCoreClock
 .data.SystemHfrcoFreq
                0x2000000c        0x4 ./CMSIS/EFM32PG12B/system_efm32pg12b.o
                0x2000000c                SystemHfrcoFreq
 .data.pDisplayDeviceDriverInitFunctions
                0x20000010        0x8 ./Drivers/display.o
 .data.pixelMatrixPool
                0x20000018        0x4 ./Drivers/displayls013b7dh03.o
 .data.loops_per_jiffy
                0x2000001c        0x4 ./Drivers/udelay.o
                0x2000001c                loops_per_jiffy
 .data.Mem_SegHeap
                0x20000020       0x14 ./common/source/lib/lib_mem.o
                0x20000020                Mem_SegHeap
 .data.PlatformMgr_InitCfg
                0x20000034        0x8 ./common/source/platform_mgr/platform_mgr.o
 .data.auxHfrcoFreq
                0x2000003c        0x4 ./emlib/em_cmu.o
 .data.OS_InitCfg
                0x20000040       0x38 ./kernel/source/os_core.o
 .data.OSDbg_DbgEn
                0x20000078        0x1 ./kernel/source/os_dbg.o
                0x20000078                OSDbg_DbgEn
 .data.OSDbg_ArgChkEn
                0x20000079        0x1 ./kernel/source/os_dbg.o
                0x20000079                OSDbg_ArgChkEn
 *fill*         0x2000007a        0x2 
 .data.OSDbg_EndiannessTest
                0x2000007c        0x4 ./kernel/source/os_dbg.o
                0x2000007c                OSDbg_EndiannessTest
 .data.OSDbg_FlagEn
                0x20000080        0x1 ./kernel/source/os_dbg.o
                0x20000080                OSDbg_FlagEn
 *fill*         0x20000081        0x1 
 .data.OSDbg_FlagGrpSize
                0x20000082        0x2 ./kernel/source/os_dbg.o
                0x20000082                OSDbg_FlagGrpSize
 .data.OSDbg_FlagWidth
                0x20000084        0x2 ./kernel/source/os_dbg.o
                0x20000084                OSDbg_FlagWidth
 .data.OSDbg_MsgEn
                0x20000086        0x1 ./kernel/source/os_dbg.o
                0x20000086                OSDbg_MsgEn
 *fill*         0x20000087        0x1 
 .data.OSDbg_MsgSize
                0x20000088        0x2 ./kernel/source/os_dbg.o
                0x20000088                OSDbg_MsgSize
 .data.OSDbg_MsgPoolSize
                0x2000008a        0x2 ./kernel/source/os_dbg.o
                0x2000008a                OSDbg_MsgPoolSize
 .data.OSDbg_MsgQSize
                0x2000008c        0x2 ./kernel/source/os_dbg.o
                0x2000008c                OSDbg_MsgQSize
 .data.OSDbg_MutexEn
                0x2000008e        0x1 ./kernel/source/os_dbg.o
                0x2000008e                OSDbg_MutexEn
 *fill*         0x2000008f        0x1 
 .data.OSDbg_MutexSize
                0x20000090        0x2 ./kernel/source/os_dbg.o
                0x20000090                OSDbg_MutexSize
 .data.OSDbg_PendListSize
                0x20000092        0x2 ./kernel/source/os_dbg.o
                0x20000092                OSDbg_PendListSize
 .data.OSDbg_PendObjSize
                0x20000094        0x2 ./kernel/source/os_dbg.o
                0x20000094                OSDbg_PendObjSize
 .data.OSDbg_PrioMax
                0x20000096        0x2 ./kernel/source/os_dbg.o
                0x20000096                OSDbg_PrioMax
 .data.OSDbg_PrioTblSize
                0x20000098        0x2 ./kernel/source/os_dbg.o
                0x20000098                OSDbg_PrioTblSize
 .data.OSDbg_PtrSize
                0x2000009a        0x2 ./kernel/source/os_dbg.o
                0x2000009a                OSDbg_PtrSize
 .data.OSDbg_QEn
                0x2000009c        0x1 ./kernel/source/os_dbg.o
                0x2000009c                OSDbg_QEn
 *fill*         0x2000009d        0x1 
 .data.OSDbg_QSize
                0x2000009e        0x2 ./kernel/source/os_dbg.o
                0x2000009e                OSDbg_QSize
 .data.OSDbg_SchedRoundRobinEn
                0x200000a0        0x1 ./kernel/source/os_dbg.o
                0x200000a0                OSDbg_SchedRoundRobinEn
 .data.OSDbg_SemEn
                0x200000a1        0x1 ./kernel/source/os_dbg.o
                0x200000a1                OSDbg_SemEn
 .data.OSDbg_SemSize
                0x200000a2        0x2 ./kernel/source/os_dbg.o
                0x200000a2                OSDbg_SemSize
 .data.OSDbg_RdyList
                0x200000a4        0x2 ./kernel/source/os_dbg.o
                0x200000a4                OSDbg_RdyList
 *fill*         0x200000a6        0x2 
 .data.OSDbg_RdyListSize
                0x200000a8        0x4 ./kernel/source/os_dbg.o
                0x200000a8                OSDbg_RdyListSize
 .data.OSDbg_StkWidth
                0x200000ac        0x1 ./kernel/source/os_dbg.o
                0x200000ac                OSDbg_StkWidth
 .data.OSDbg_StatTaskEn
                0x200000ad        0x1 ./kernel/source/os_dbg.o
                0x200000ad                OSDbg_StatTaskEn
 .data.OSDbg_StatTaskStkChkEn
                0x200000ae        0x1 ./kernel/source/os_dbg.o
                0x200000ae                OSDbg_StatTaskStkChkEn
 .data.OSDbg_TaskChangePrioEn
                0x200000af        0x1 ./kernel/source/os_dbg.o
                0x200000af                OSDbg_TaskChangePrioEn
 .data.OSDbg_TaskDelEn
                0x200000b0        0x1 ./kernel/source/os_dbg.o
                0x200000b0                OSDbg_TaskDelEn
 .data.OSDbg_TaskQEn
                0x200000b1        0x1 ./kernel/source/os_dbg.o
                0x200000b1                OSDbg_TaskQEn
 .data.OSDbg_TaskProfileEn
                0x200000b2        0x1 ./kernel/source/os_dbg.o
                0x200000b2                OSDbg_TaskProfileEn
 *fill*         0x200000b3        0x1 
 .data.OSDbg_TaskRegTblSize
                0x200000b4        0x2 ./kernel/source/os_dbg.o
                0x200000b4                OSDbg_TaskRegTblSize
 .data.OSDbg_TaskSuspendEn
                0x200000b6        0x1 ./kernel/source/os_dbg.o
                0x200000b6                OSDbg_TaskSuspendEn
 *fill*         0x200000b7        0x1 
 .data.OSDbg_TCBSize
                0x200000b8        0x2 ./kernel/source/os_dbg.o
                0x200000b8                OSDbg_TCBSize
 .data.OSDbg_TickListSize
                0x200000ba        0x2 ./kernel/source/os_dbg.o
                0x200000ba                OSDbg_TickListSize
 .data.OSDbg_TmrEn
                0x200000bc        0x1 ./kernel/source/os_dbg.o
                0x200000bc                OSDbg_TmrEn
 *fill*         0x200000bd        0x1 
 .data.OSDbg_TmrSize
                0x200000be        0x2 ./kernel/source/os_dbg.o
                0x200000be                OSDbg_TmrSize
 .data.OSDbg_VersionNbr
                0x200000c0        0x2 ./kernel/source/os_dbg.o
                0x200000c0                OSDbg_VersionNbr
 *fill*         0x200000c2        0x2 
 .data.OSDbg_DataSize
                0x200000c4        0x4 ./kernel/source/os_dbg.o
                0x200000c4                OSDbg_DataSize
 .data.cc_disabled
                0x200000c8        0x1 ./service/sl_sleeptimer_hal_rtcc.o
 *fill*         0x200000c9        0x3 
 .data._impure_ptr
                0x200000cc        0x4 c:/siliconlabs/simplicitystudio/v4/developer/toolchains/gnu_arm/7.2_2017q4/bin/../lib/gcc/arm-none-eabi/7.2.1/../../../../arm-none-eabi/lib/thumb/v7e-m/fpv4-sp/softfp\libc_nano.a(lib_a-impure.o)
                0x200000cc                _impure_ptr
 .data.impure_data
                0x200000d0       0x60 c:/siliconlabs/simplicitystudio/v4/developer/toolchains/gnu_arm/7.2_2017q4/bin/../lib/gcc/arm-none-eabi/7.2.1/../../../../arm-none-eabi/lib/thumb/v7e-m/fpv4-sp/softfp\libc_nano.a(lib_a-impure.o)
                0x20000130                . = ALIGN (0x4)
                [!provide]                PROVIDE (__ram_func_section_start, .)
 *(.ram)
                [!provide]                PROVIDE (__ram_func_section_end, .)
                0x20000130                . = ALIGN (0x4)
                0x20000130                PROVIDE (__preinit_array_start, .)
 *(.preinit_array)
                0x20000130                PROVIDE (__preinit_array_end, .)
                0x20000130                . = ALIGN (0x4)
                0x20000130                PROVIDE (__init_array_start, .)
 *(SORT_BY_NAME(.init_array.*))
 *(.init_array)
 .init_array    0x20000130        0x4 c:/siliconlabs/simplicitystudio/v4/developer/toolchains/gnu_arm/7.2_2017q4/bin/../lib/gcc/arm-none-eabi/7.2.1/thumb/v7e-m/fpv4-sp/softfp/crtbegin.o
                0x20000134                PROVIDE (__init_array_end, .)
                0x20000134                . = ALIGN (0x4)
                [!provide]                PROVIDE (__fini_array_start, .)
 *(SORT_BY_NAME(.fini_array.*))
 *(.fini_array)
 .fini_array    0x20000134        0x4 c:/siliconlabs/simplicitystudio/v4/developer/toolchains/gnu_arm/7.2_2017q4/bin/../lib/gcc/arm-none-eabi/7.2.1/thumb/v7e-m/fpv4-sp/softfp/crtbegin.o
                [!provide]                PROVIDE (__fini_array_end, .)
 *(.jcr*)
                0x20000138                . = ALIGN (0x4)
                0x20000138                __data_end__ = .

.igot.plt       0x20000138        0x0 load address 0x000140ac
 .igot.plt      0x20000138        0x0 c:/siliconlabs/simplicitystudio/v4/developer/toolchains/gnu_arm/7.2_2017q4/bin/../lib/gcc/arm-none-eabi/7.2.1/thumb/v7e-m/fpv4-sp/softfp/crtbegin.o

.bss            0x20000138     0xc474 load address 0x000140ac
                0x20000138                . = ALIGN (0x4)
                0x20000138                __bss_start__ = .
 *(.bss*)
 .bss           0x20000138       0x1c c:/siliconlabs/simplicitystudio/v4/developer/toolchains/gnu_arm/7.2_2017q4/bin/../lib/gcc/arm-none-eabi/7.2.1/thumb/v7e-m/fpv4-sp/softfp/crtbegin.o
 .bss.deviceTable
                0x20000154       0x2c ./Drivers/display.o
 .bss.moduleInitialized
                0x20000180        0x1 ./Drivers/display.o
 *fill*         0x20000181        0x3 
 .bss.devicesRegistered
                0x20000184        0x4 ./Drivers/display.o
 .bss.lcdPolarity
                0x20000188        0x1 ./Drivers/displayls013b7dh03.o
 *fill*         0x20000189        0x3 
 .bss.pixelMatrixPoolBase
                0x2000018c      0x800 ./Drivers/displayls013b7dh03.o
 .bss.moduleInitialized
                0x2000098c        0x1 ./Graphics/dmd_display.o
 *fill*         0x2000098d        0x3 
 .bss.displayDevice
                0x20000990       0x2c ./Graphics/dmd_display.o
 .bss.pixelMatrixBuffer
                0x200009bc        0x4 ./Graphics/dmd_display.o
 .bss.dimensions
                0x200009c0        0xc ./Graphics/dmd_display.o
 .bss._acUpBuffer
                0x200009cc      0x400 ./SystemView/SEGGER_RTT.o
 .bss._acDownBuffer
                0x20000dcc       0x10 ./SystemView/SEGGER_RTT.o
 .bss._UpBuffer
                0x20000ddc     0x4000 ./SystemView/SEGGER_SYSVIEW.o
 .bss._DownBuffer
                0x20004ddc        0x8 ./SystemView/SEGGER_SYSVIEW.o
 .bss._SYSVIEW_Globals
                0x20004de4       0x28 ./SystemView/SEGGER_SYSVIEW.o
 .bss._pFirstModule
                0x20004e0c        0x4 ./SystemView/SEGGER_SYSVIEW.o
 .bss._NumModules
                0x20004e10        0x1 ./SystemView/SEGGER_SYSVIEW.o
 *fill*         0x20004e11        0x3 
 .bss._aPacket  0x20004e14       0xe3 ./SystemView/SEGGER_SYSVIEW.o
 *fill*         0x20004ef7        0x1 
 .bss._aTasks   0x20004ef8      0x280 ./SystemView/SEGGER_SYSVIEW_MicriumOSKernel.o
 .bss._NumTasks
                0x20005178        0x4 ./SystemView/SEGGER_SYSVIEW_MicriumOSKernel.o
 .bss._aResources
                0x2000517c      0xc00 ./SystemView/SEGGER_SYSVIEW_MicriumOSKernel.o
 .bss._NumResources
                0x20005d7c        0x4 ./SystemView/SEGGER_SYSVIEW_MicriumOSKernel.o
 .bss.Common_IsInit
                0x20005d80        0x1 ./common/source/common/common.o
 *fill*         0x20005d81        0x3 
 .bss.Common_InitCfg
                0x20005d84        0x4 ./common/source/common/common.o
 .bss.KAL_DataPtr
                0x20005d88        0x4 ./common/source/kal/kal_kernel.o
 .bss.Math_RandSeedCur
                0x20005d8c        0x4 ./common/source/lib/lib_math.o
 .bss.PlatformMgrPtr
                0x20005d90        0x4 ./common/source/platform_mgr/platform_mgr.o
 .bss.dcdcMaxCurrent_mA
                0x20005d94        0x2 ./emlib/em_emu.o
 .bss.dcdcEm01LoadCurrent_mA
                0x20005d96        0x2 ./emlib/em_emu.o
 .bss.dcdcReverseCurrentControl